******************************************************************************
            TI ARM Clang Linker PC v4.0.2                      
******************************************************************************
>> Linked Mon May  5 14:57:52 2025

OUTPUT FILE NAME:   <mcspi_loopback_am263px-cc_r5fss0-0_nortos_ti-arm-clang.out>
ENTRY POINT SYMBOL: "_vectors"  address: 00000000


MEMORY CONFIGURATION

         name            origin    length      used     unused   attr    fill
----------------------  --------  ---------  --------  --------  ----  --------
  R5F_VECS              00000000   00000040  00000040  00000000  RWIX
  R5F_TCMA              00000040   00007fc0  00000000  00007fc0  RWIX
  R5F_TCMB              00080000   00008000  00000000  00008000  RWIX
  MAILBOX_HSM           44000000   000003ce  00000000  000003ce  RWIX
  MAILBOX_R5F           44000400   000003ce  00000000  000003ce  RWIX
  FLASH                 60100000   00080000  00000000  00080000  RWIX
  SBL                   70000000   00040000  00000000  00040000  RWIX
  OCRAM                 70040000   00040000  00020850  0001f7b0  RWIX
  USER_SHM_MEM          701d0000   00004000  00000000  00004000  RWIX
  LOG_SHM_MEM           701d4000   00004000  00000000  00004000  RWIX
  RTOS_NORTOS_IPC_SHM_M 72000000   00003e80  00000000  00003e80  RWIX


SEGMENT ALLOCATION MAP

run origin  load origin   length   init length attrs members
----------  ----------- ---------- ----------- ----- -------
00000000    00000000    00000040   00000040    r-x
  00000000    00000000    00000040   00000040    r-x .vectors
70040000    70040000    00010560   00010560    r-x
  70040000    70040000    0000fbe0   0000fbe0    r-x .text
  7004fbe0    7004fbe0    00000980   00000980    r-- .rodata
70050560    70050560    0000d1b8   00000000    rw-
  70050560    70050560    000011b8   00000000    rw- .bss
  70051718    70051718    00008000   00000000    rw- .sysmem
  70059718    70059718    00004000   00000000    rw- .stack
7005d720    7005d720    00001708   00001708    r-x
  7005d720    7005d720    00000dd0   00000dd0    r-x .text.hwi
  7005e4f0    7005e4f0    000004a0   000004a0    r-x .text.cache
  7005e990    7005e990    000002d0   000002d0    r-x .text.mpu
  7005ec60    7005ec60    000001c0   000001c0    r-x .text.boot
  7005ee20    7005ee20    00000008   00000008    r-x .text:abort
7005ee28    7005ee28    00001a30   00000630    rw-
  7005ee28    7005ee28    00000630   00000630    rw- .data
  7005f458    7005f458    00000100   00000000    rw- .irqstack
  7005f558    7005f558    00000100   00000000    rw- .fiqstack
  7005f658    7005f658    00001000   00000000    rw- .svcstack
  70060658    70060658    00000100   00000000    rw- .abortstack
  70060758    70060758    00000100   00000000    rw- .undefinedstack


SECTION ALLOCATION MAP

 output                                  attributes/
section   page    origin      length       input sections
--------  ----  ----------  ----------   ----------------
.vectors   0    00000000    00000040     
                  00000000    00000040     nortos.am263px.r5f.ti-arm-clang.debug.lib : HwiP_armv7r_vectors_nortos_asm.obj (.vectors)

.text      0    70040000    0000fbe0     
                  70040000    00000a34     nortos.am263px.r5f.ti-arm-clang.debug.lib : printf.obj (.text._vsnprintf)
                  70040a34    0000000c     libclang_rt.builtins.a : aeabi_memset.S.obj (.text.__aeabi_memclr)
                  70040a40    00000678     drivers.am263px.r5f.ti-arm-clang.debug.lib : soc_rcm.obj (.text.SOC_rcmGetClkSrcAndDivReg)
                  700410b8    00000008     libsysbm.a : hostexit.c.obj (.text.HOSTexit)
                  700410c0    00000638     drivers.am263px.r5f.ti-arm-clang.debug.lib : soc_rcm.obj (.text.SOC_rcmEnablePeripheralClock)
                  700416f8    00000004     libclang_rt.builtins.a : aeabi_div0.c.obj (.text.__aeabi_ldiv0)
                  700416fc    00000004                            : aeabi_memcpy.S.obj (.text.__aeabi_memcpy)
                  70041700    000005e2     nortos.am263px.r5f.ti-arm-clang.debug.lib : printf.obj (.text._ftoa)
                  70041ce2    00000002     --HOLE-- [fill = 0]
                  70041ce4    0000000c     libc.a : memory.c.obj (.text.malloc)
                  70041cf0    000004cc     drivers.am263px.r5f.ti-arm-clang.debug.lib : mcspi_v0.obj (.text.MCSPI_open)
                  700421bc    00000004     libc.a : _lock.c.obj (.text._nop)
                  700421c0    000004b0     nortos.am263px.r5f.ti-arm-clang.debug.lib : printf.obj (.text._etoa)
                  70042670    0000042c     drivers.am263px.r5f.ti-arm-clang.debug.lib : uart_v0.obj (.text.UART_open)
                  70042a9c    00000004     libc.a : fseek.c.obj (.text.fseek)
                  70042aa0    00000390            : strcmp32.S.obj (.text:strcmp)
                  70042e30    00000346     drivers.am263px.r5f.ti-arm-clang.debug.lib : mcspi_v0_lld.obj (.text.MCSPI_transferControllerPoll)
                  70043176    00000002     --HOLE-- [fill = 0]
                  70043178    00000004     libsysbm.a : remove.c.obj (.text.remove)
                  7004317c    00000004     --HOLE-- [fill = 0]
                  70043180    00000336     drivers.am263px.r5f.ti-arm-clang.debug.lib : edma.obj (.text.EDMA_initialize)
                  700434b6    0000000a     --HOLE-- [fill = 0]
                  700434c0    00000302                                                : soc.obj (.text.SOC_virtToPhy)
                  700437c2    00000002     --HOLE-- [fill = 0]
                  700437c4    0000000c     nortos.am263px.r5f.ti-arm-clang.debug.lib : CpuId_armv7r_asm.obj (.text)
                  700437d0    000002cc     drivers.am263px.r5f.ti-arm-clang.debug.lib : mcspi_v0.obj (.text.MCSPI_transfer)
                  70043a9c    00000004     --HOLE-- [fill = 0]
                  70043aa0    0000029a                                                : mcspi_dma_edma.obj (.text.MCSPI_lld_dmaChInit)
                  70043d3a    00000006     --HOLE-- [fill = 0]
                  70043d40    0000027e                                                : uart_dma_edma.obj (.text.UART_edmaChInit)
                  70043fbe    00000002     --HOLE-- [fill = 0]
                  70043fc0    00000250                                                : edma.obj (.text.Alloc_resource)
                  70044210    00000242                                                : uart_v0_lld.obj (.text.UART_fifoConfig)
                  70044452    0000000e     --HOLE-- [fill = 0]
                  70044460    0000023e                                                : uart_v0_lld.obj (.text.UART_lld_controllerIsr)
                  7004469e    00000002     --HOLE-- [fill = 0]
                  700446a0    0000023e     nortos.am263px.r5f.ti-arm-clang.debug.lib : printf.obj (.text._ntoa_format)
                  700448de    00000002     --HOLE-- [fill = 0]
                  700448e0    0000023c     drivers.am263px.r5f.ti-arm-clang.debug.lib : mcspi_v0_lld.obj (.text.MCSPI_continueTxRx)
                  70044b1c    00000004     --HOLE-- [fill = 0]
                  70044b20    0000023a                                                : mcspi_dma_edma.obj (.text.MCSPI_lld_dmaDeInit)
                  70044d5a    00000006     --HOLE-- [fill = 0]
                  70044d60    0000022a                                                : mcspi_dma_edma.obj (.text.MCSPI_lld_dmaTransfer)
                  70044f8a    00000006     --HOLE-- [fill = 0]
                  70044f90    00000226                                                : uart_dma_edma.obj (.text.UART_lld_dmaDeInit)
                  700451b6    0000000a     --HOLE-- [fill = 0]
                  700451c0    000001d6     nortos.am263px.r5f.ti-arm-clang.debug.lib : TimerP_rti.obj (.text.TimerP_setup)
                  70045396    0000000a     --HOLE-- [fill = 0]
                  700453a0    000001d4     drivers.am263px.r5f.ti-arm-clang.debug.lib : mcspi_v0_lld.obj (.text.MCSPI_continuePeripheralTxRx)
                  70045574    0000000c     --HOLE-- [fill = 0]
                  70045580    000001d4                                                : mcspi_v0_lld.obj (.text.MCSPI_setChConfig)
                  70045754    0000000c     --HOLE-- [fill = 0]
                  70045760    000001cc                                                : mcspi_v0_lld.obj (.text.MCSPI_lld_readWrite)
                  7004592c    00000004     --HOLE-- [fill = 0]
                  70045930    000001ca                                                : edma.obj (.text.EDMA_deinitialize)
                  70045afa    00000006     --HOLE-- [fill = 0]
                  70045b00    000001b2                                                : uart_v0.obj (.text.UART_close)
                  70045cb2    0000000e     --HOLE-- [fill = 0]
                  70045cc0    000001aa                                                : uart_dma_edma.obj (.text.UART_lld_dmaWrite)
                  70045e6a    00000006     --HOLE-- [fill = 0]
                  70045e70    000001aa                                                : uart_v0.obj (.text.UART_write)
                  7004601a    00000002     --HOLE-- [fill = 0]
                  7004601c    000001a8     libc.a : memory.c.obj (.text.free)
                  700461c4    000001a4            : memory.c.obj (.text.aligned_alloc)
                  70046368    00000008     --HOLE-- [fill = 0]
                  70046370    000001a0     drivers.am263px.r5f.ti-arm-clang.debug.lib : mcspi_v0_lld.obj (.text.MCSPI_lld_readWriteIntr)
                  70046510    00000196                                                : edma.obj (.text.EDMA_transferCompletionMasterIsrFxn)
                  700466a6    0000000a     --HOLE-- [fill = 0]
                  700466b0    00000196                                                : mcspi_v0_lld.obj (.text.MCSPI_lld_initDma)
                  70046846    0000000a     --HOLE-- [fill = 0]
                  70046850    00000192                                                : mcspi_v0.obj (.text.MCSPI_close)
                  700469e2    0000000e     --HOLE-- [fill = 0]
                  700469f0    00000170                                                : mcspi_v0_lld.obj (.text.MCSPI_lld_init)
                  70046b60    00000164                                                : mcspi_v0_lld.obj (.text.MCSPI_lld_readWriteDma)
                  70046cc4    0000000c     --HOLE-- [fill = 0]
                  70046cd0    0000015a                                                : edma.obj (.text.EDMA_unregisterIntr)
                  70046e2a    00000006     --HOLE-- [fill = 0]
                  70046e30    00000158                                                : soc.obj (.text.SOC_controlModuleUnlockMMR)
                  70046f88    00000008     --HOLE-- [fill = 0]
                  70046f90    00000152                                                : uart_v0_lld.obj (.text.UART_lld_initDma)
                  700470e2    00000002     --HOLE-- [fill = 0]
                  700470e4    00000144     libc.a : setvbuf.c.obj (.text.setvbuf)
                  70047228    00000008     --HOLE-- [fill = 0]
                  70047230    00000142     drivers.am263px.r5f.ti-arm-clang.debug.lib : mcspi_v0_lld.obj (.text.MCSPI_setFifoConfig)
                  70047372    0000000e     --HOLE-- [fill = 0]
                  70047380    0000013e                                                : uart_v0_lld.obj (.text.UART_procLineStatusErr)
                  700474be    00000002     --HOLE-- [fill = 0]
                  700474c0    0000013c     nortos.am263px.r5f.ti-arm-clang.debug.lib : ClockP_nortos_r5.obj (.text.ClockP_init)
                  700475fc    00000004     --HOLE-- [fill = 0]
                  70047600    0000013a     drivers.am263px.r5f.ti-arm-clang.debug.lib : edma.obj (.text.EDMA_isDmaChannelAllocated)
                  7004773a    00000006     --HOLE-- [fill = 0]
                  70047740    0000013a                                                : edma.obj (.text.EDMA_open)
                  7004787a    00000006     --HOLE-- [fill = 0]
                  70047880    00000138     nortos.am263px.r5f.ti-arm-clang.debug.lib : printf.obj (.text._ntoa_long_long)
                  700479b8    00000008     --HOLE-- [fill = 0]
                  700479c0    00000134     drivers.am263px.r5f.ti-arm-clang.debug.lib : mcspi_dma_edma.obj (.text.MCSPI_edmaIsrTx)
                  70047af4    0000000c     --HOLE-- [fill = 0]
                  70047b00    00000134                                                : uart_v0_lld.obj (.text.UART_writePolling)
                  70047c34    0000000c     --HOLE-- [fill = 0]
                  70047c40    0000012e                                                : edma.obj (.text.EDMA_registerIntr)
                  70047d6e    00000002     --HOLE-- [fill = 0]
                  70047d70    0000012c                                                : uart_v0_lld.obj (.text.UART_lld_init)
                  70047e9c    00000004     --HOLE-- [fill = 0]
                  70047ea0    00000126                                                : soc.obj (.text.SOC_controlModuleLockMMR)
                  70047fc6    0000000a     --HOLE-- [fill = 0]
                  70047fd0    0000011c                                                : soc_rcm.obj (.text.SOC_rcmGetPeripheralClockFrequency)
                  700480ec    00000004     --HOLE-- [fill = 0]
                  700480f0    0000011c                                                : uart_dma_edma.obj (.text.UART_lld_dmaRead)
                  7004820c    00000118     libclang_rt.builtins.a : udivmoddi4.S.obj (.text)
                  70048324    0000000c     --HOLE-- [fill = 0]
                  70048330    00000116     drivers.am263px.r5f.ti-arm-clang.debug.lib : edma.obj (.text.EDMA_isTccAllocated)
                  70048446    0000000a     --HOLE-- [fill = 0]
                  70048450    00000116                                                : uart_v0_lld.obj (.text.UART_divisorLatchWrite)
                  70048566    0000000a     --HOLE-- [fill = 0]
                  70048570    00000114                                                : uart_dma_edma.obj (.text.UART_edmaIsrTx)
                  70048684    0000000c     --HOLE-- [fill = 0]
                  70048690    00000114     nortos.am263px.r5f.ti-arm-clang.debug.lib : printf.obj (.text._ntoa_long)
                  700487a4    0000000c     --HOLE-- [fill = 0]
                  700487b0    0000010e     drivers.am263px.r5f.ti-arm-clang.debug.lib : mcspi_dma_edma.obj (.text.MCSPI_lld_dmaStop)
                  700488be    00000002     --HOLE-- [fill = 0]
                  700488c0    0000010e                                                : soc_rcm.obj (.text.SOC_rcmADPLLJGetFOut)
                  700489ce    00000002     --HOLE-- [fill = 0]
                  700489d0    00000104                                                : uart_v0_lld.obj (.text.UART_configInstance)
                  70048ad4    0000000c     --HOLE-- [fill = 0]
                  70048ae0    000000fc                                                : mcspi_dma_edma.obj (.text.MCSPI_dmaStart)
                  70048bdc    00000004     --HOLE-- [fill = 0]
                  70048be0    000000f6     nortos.am263px.r5f.ti-arm-clang.debug.lib : SemaphoreP_nortos.obj (.text.SemaphoreP_pend)
                  70048cd6    0000000a     --HOLE-- [fill = 0]
                  70048ce0    000000f2     drivers.am263px.r5f.ti-arm-clang.debug.lib : mcspi_v0_lld.obj (.text.MCSPI_initiateLastChunkTransfer)
                  70048dd2    0000000e     --HOLE-- [fill = 0]
                  70048de0    000000f0                                                : mcspi_v0_lld.obj (.text.MCSPI_setPeripheralFifoConfig)
                  70048ed0    000000f0     libc.a : fputc.c.obj (.text.fputc)
                  70048fc0    000000ea     drivers.am263px.r5f.ti-arm-clang.debug.lib : mcspi_v0_lld.obj (.text.MCSPI_setClkConfig)
                  700490aa    00000006     --HOLE-- [fill = 0]
                  700490b0    000000e6                                                : soc_rcm.obj (.text.SOC_rcmGetCoreFout)
                  70049196    0000000a     --HOLE-- [fill = 0]
                  700491a0    000000e6                                                : soc_rcm.obj (.text.SOC_rcmGetPerFout)
                  70049286    0000000a     --HOLE-- [fill = 0]
                  70049290    000000e4                                                : edma.obj (.text.EDMA_freeChannelRegion)
                  70049374    0000000c     --HOLE-- [fill = 0]
                  70049380    000000e4                                                : mcspi_dma_edma.obj (.text.MCSPI_edmaIsrRx)
                  70049464    0000000c     --HOLE-- [fill = 0]
                  70049470    000000e2                                                : edma.obj (.text.EDMA_freeParam)
                  70049552    0000000e     --HOLE-- [fill = 0]
                  70049560    000000e0                                                : edma.obj (.text.EDMA_freeDmaChannel)
                  70049640    000000e0                                                : edma.obj (.text.EDMA_freeTcc)
                  70049720    000000de                                                : uart_v0_lld.obj (.text.UART_intrEnable)
                  700497fe    00000002     --HOLE-- [fill = 0]
                  70049800    000000da                                                : mcspi_v0_lld.obj (.text.MCSPI_stop)
                  700498da    00000006     --HOLE-- [fill = 0]
                  700498e0    000000da                                                : uart_v0_lld.obj (.text.UART_intrDisable)
                  700499ba    00000006     --HOLE-- [fill = 0]
                  700499c0    000000d8                                                : mcspi_v0_lld.obj (.text.MCSPI_lld_peripheralIsr)
                  70049a98    00000008     --HOLE-- [fill = 0]
                  70049aa0    000000d6                                                : mcspi_v0_lld.obj (.text.MCSPI_transferPeripheralPoll)
                  70049b76    0000000a     --HOLE-- [fill = 0]
                  70049b80    000000d2                                                : uart_v0_lld.obj (.text.UART_lld_write)
                  70049c52    0000000e     --HOLE-- [fill = 0]
                  70049c60    000000d0     nortos.am263px.r5f.ti-arm-clang.debug.lib : AddrTranslateP_32bit.obj (.text.AddrTranslateP_getLocalAddr)
                  70049d30    000000ce     drivers.am263px.r5f.ti-arm-clang.debug.lib : edma.obj (.text.EDMA_disableChInShadowRegRegion)
                  70049dfe    00000002     --HOLE-- [fill = 0]
                  70049e00    000000cc                                                : edma.obj (.text.EDMA_enableChInShadowRegRegion)
                  70049ecc    00000004     --HOLE-- [fill = 0]
                  70049ed0    000000c8                                                : uart_v0_lld.obj (.text.UART_lld_writeDma)
                  70049f98    000000c8     libc.a : getdevice.c.obj (.text.getdevice)
                  7004a060    000000c6     drivers.am263px.r5f.ti-arm-clang.debug.lib : uart_v0_lld.obj (.text.UART_lld_writeIntr)
                  7004a126    0000000a     --HOLE-- [fill = 0]
                  7004a130    000000c4                                                : edma.obj (.text.EDMA_mapChToEvtQ)
                  7004a1f4    0000000c     --HOLE-- [fill = 0]
                  7004a200    000000c4                                                : uart_v0.obj (.text.UART_flushTxFifo)
                  7004a2c4    0000000c     --HOLE-- [fill = 0]
                  7004a2d0    000000c0                                                : edma.obj (.text.EDMA_configureChannelRegion)
                  7004a390    000000c0                                                : soc_rcm.obj (.text.SOC_rcmGetPerHSDivOut)
                  7004a450    000000c0     nortos.am263px.r5f.ti-arm-clang.debug.lib : printf.obj (.text._out_rev)
                  7004a510    000000be                                               : ClockP_nortos.obj (.text.ClockP_timerTickIsr)
                  7004a5ce    00000002     --HOLE-- [fill = 0]
                  7004a5d0    000000ba                                               : ClockP_nortos.obj (.text.ClockP_stop)
                  7004a68a    00000006     --HOLE-- [fill = 0]
                  7004a690    000000b6     drivers.am263px.r5f.ti-arm-clang.debug.lib : mcspi_v0_lld.obj (.text.MCSPI_fifoRead)
                  7004a746    0000000a     --HOLE-- [fill = 0]
                  7004a750    000000b6                                                : uart_v0_lld.obj (.text.UART_fifoWrite)
                  7004a806    00000002     --HOLE-- [fill = 0]
                  7004a808    000000b4     libc.a : fseek.c.obj (.text.fseeko)
                  7004a8bc    00000004     --HOLE-- [fill = 0]
                  7004a8c0    000000b0     drivers.am263px.r5f.ti-arm-clang.debug.lib : soc_rcm.obj (.text.SOC_rcmSetPeripheralClock)
                  7004a970    000000b0                                                : uart_v0.obj (.text.UART_init)
                  7004aa20    000000b0     libc.a : fclose.c.obj (.text.__TI_closefile)
                  7004aad0    000000ac     drivers.am263px.r5f.ti-arm-clang.debug.lib : mcspi_v0_lld.obj (.text.MCSPI_lld_controllerIsr)
                  7004ab7c    00000004     --HOLE-- [fill = 0]
                  7004ab80    000000aa     ti_drivers_open_close.o (.text.Drivers_mcspiOpen)
                  7004ac2a    00000006     --HOLE-- [fill = 0]
                  7004ac30    000000aa     ti_drivers_open_close.o (.text.Drivers_uartOpen)
                  7004acda    00000006     --HOLE-- [fill = 0]
                  7004ace0    000000aa     drivers.am263px.r5f.ti-arm-clang.debug.lib : edma.obj (.text.EDMA_close)
                  7004ad8a    00000006     --HOLE-- [fill = 0]
                  7004ad90    000000a8     nortos.am263px.r5f.ti-arm-clang.debug.lib : ClockP_nortos.obj (.text.ClockP_addToList)
                  7004ae38    00000008     --HOLE-- [fill = 0]
                  7004ae40    000000a8                                               : ClockP_nortos.obj (.text.ClockP_destruct)
                  7004aee8    00000008     --HOLE-- [fill = 0]
                  7004aef0    000000a8                                               : PmuP_armv7r.obj (.text.pmu)
                  7004af98    00000008     --HOLE-- [fill = 0]
                  7004afa0    000000a6     ti_drivers_open_close.o (.text.Drivers_edmaOpen)
                  7004b046    0000000a     --HOLE-- [fill = 0]
                  7004b050    000000a6     mcspi_loopback.o (.text.SPI_ReadWrite)
                  7004b0f6    00000002     --HOLE-- [fill = 0]
                  7004b0f8    000000a4     libc.a : memory.c.obj (.text.split)
                  7004b19c    000000a0     libsysbm.a : hostrename.c.obj (.text.HOSTrename)
                  7004b23c    00000004     --HOLE-- [fill = 0]
                  7004b240    000000a0     drivers.am263px.r5f.ti-arm-clang.debug.lib : soc_rcm.obj (.text.SOC_rcmGetCoreHSDivOut)
                  7004b2e0    0000009c     libc.a : _io_perm.c.obj (.text.__TI_wrt_ok)
                  7004b37c    00000098     libsysbm.a : hostlseek.c.obj (.text.HOSTlseek)
                  7004b414    0000000c     --HOLE-- [fill = 0]
                  7004b420    00000096     drivers.am263px.r5f.ti-arm-clang.debug.lib : mcspi_v0.obj (.text.MCSPI_init)
                  7004b4b6    0000000a     --HOLE-- [fill = 0]
                  7004b4c0    00000096                                                : mcspi_v0.obj (.text.MCSPI_transferCallback)
                  7004b556    0000000a     --HOLE-- [fill = 0]
                  7004b560    00000096                                                : uart_v0_lld.obj (.text.UART_subConfigTCRTLRModeEn)
                  7004b5f6    00000002     --HOLE-- [fill = 0]
                  7004b5f8    00000094     libsysbm.a : hostopen.c.obj (.text.HOSTopen)
                  7004b68c    00000004     --HOLE-- [fill = 0]
                  7004b690    00000094     drivers.am263px.r5f.ti-arm-clang.debug.lib : mcspi_v0_lld.obj (.text.MCSPI_lld_isBaseAddrValid)
                  7004b724    0000000c     --HOLE-- [fill = 0]
                  7004b730    00000092     nortos.am263px.r5f.ti-arm-clang.debug.lib : ClockP_nortos.obj (.text.ClockP_getTimeUsec)
                  7004b7c2    0000000e     --HOLE-- [fill = 0]
                  7004b7d0    00000092     drivers.am263px.r5f.ti-arm-clang.debug.lib : edma.obj (.text.EDMA_unmapChToEvtQ)
                  7004b862    0000000e     --HOLE-- [fill = 0]
                  7004b870    00000092     mcspi_loopback.o (.text.spi_test)
                  7004b902    0000000e     --HOLE-- [fill = 0]
                  7004b910    00000090     drivers.am263px.r5f.ti-arm-clang.debug.lib : mcspi_v0_lld.obj (.text.MCSPI_configInstance)
                  7004b9a0    00000090                                                : mcspi_v0_lld.obj (.text.MCSPI_fifoWrite)
                  7004ba30    0000008e                                                : mcspi_v0_lld.obj (.text.MCSPI_transferControllerIntr)
                  7004babe    00000002     --HOLE-- [fill = 0]
                  7004bac0    0000008c                                                : edma.obj (.text.EDMA_disableTransferRegion)
                  7004bb4c    00000004     --HOLE-- [fill = 0]
                  7004bb50    0000008c                                                : edma.obj (.text.EDMA_enableTransferRegion)
                  7004bbdc    00000004     --HOLE-- [fill = 0]
                  7004bbe0    0000008c                                                : edma.obj (.text.EDMA_init)
                  7004bc6c    00000004     --HOLE-- [fill = 0]
                  7004bc70    0000008c                                                : uart_v0_lld.obj (.text.UART_writeCancelNoCB)
                  7004bcfc    0000008c     libsysbm.a : close.c.obj (.text.close)
                  7004bd88    00000008     --HOLE-- [fill = 0]
                  7004bd90    00000088     drivers.am263px.r5f.ti-arm-clang.debug.lib : uart_dma_edma.obj (.text.UART_edmaIsrRx)
                  7004be18    00000088     libc.a : fflush.c.obj (.text.__TI_doflush)
                  7004bea0    00000086     drivers.am263px.r5f.ti-arm-clang.debug.lib : uart_v0_lld.obj (.text.UART_lld_flushTxFifo)
                  7004bf26    0000000a     --HOLE-- [fill = 0]
                  7004bf30    00000086                                                : uart_v0_lld.obj (.text.UART_tcrTlrBitValRestore)
                  7004bfb6    00000002     --HOLE-- [fill = 0]
                  7004bfb8    00000084     libsysbm.a : hostread.c.obj (.text.HOSTread)
                  7004c03c    00000084                : hostwrite.c.obj (.text.HOSTwrite)
                  7004c0c0    00000084     drivers.am263px.r5f.ti-arm-clang.debug.lib : mcspi_v0_lld.obj (.text.MCSPI_lld_deInitDma)
                  7004c144    0000000c     --HOLE-- [fill = 0]
                  7004c150    00000082                                                : edma.obj (.text.EDMA_allocDmaChannel)
                  7004c1d2    0000000e     --HOLE-- [fill = 0]
                  7004c1e0    00000082                                                : edma.obj (.text.EDMA_allocParam)
                  7004c262    0000000e     --HOLE-- [fill = 0]
                  7004c270    00000082                                                : edma.obj (.text.EDMA_allocTcc)
                  7004c2f2    0000000e     --HOLE-- [fill = 0]
                  7004c300    00000082                                                : edma.obj (.text.EDMA_disableTccInShadowRegRegion)
                  7004c382    0000000e     --HOLE-- [fill = 0]
                  7004c390    00000082                                                : edma.obj (.text.EDMA_enableTccInShadowRegRegion)
                  7004c412    0000000e     --HOLE-- [fill = 0]
                  7004c420    00000080                                                : uart_v0_lld.obj (.text.UART_moduleReset)
                  7004c4a0    0000007e                                                : mcspi_v0_lld.obj (.text.MCSPI_setChDataSize)
                  7004c51e    00000002     --HOLE-- [fill = 0]
                  7004c520    0000007e                                                : uart_v0_lld.obj (.text.UART_readData)
                  7004c59e    00000002     --HOLE-- [fill = 0]
                  7004c5a0    0000007c     nortos.am263px.r5f.ti-arm-clang.debug.lib : DebugP_log.obj (.text._DebugP_assert)
                  7004c61c    00000004     --HOLE-- [fill = 0]
                  7004c620    0000007a     drivers.am263px.r5f.ti-arm-clang.debug.lib : uart_v0.obj (.text.UART_Params_init)
                  7004c69a    00000006     --HOLE-- [fill = 0]
                  7004c6a0    00000078                                                : edma.obj (.text.EDMA_linkChannel)
                  7004c718    00000008     --HOLE-- [fill = 0]
                  7004c720    00000074                                                : uart_v0_lld.obj (.text.UART_IsBaseAddrValid)
                  7004c794    0000000c     --HOLE-- [fill = 0]
                  7004c7a0    00000072                                                : edma.obj (.text.EDMA_clrMissEvtRegion)
                  7004c812    0000000e     --HOLE-- [fill = 0]
                  7004c820    00000070     nortos.am263px.r5f.ti-arm-clang.debug.lib : ClockP_nortos.obj (.text.ClockP_construct)
                  7004c890    0000006e     drivers.am263px.r5f.ti-arm-clang.debug.lib : mcspi_v0.obj (.text.MCSPI_errorCallback)
                  7004c8fe    00000002     --HOLE-- [fill = 0]
                  7004c900    0000006c                                                : edma.obj (.text.EDMA_deinit)
                  7004c96c    0000006c     libsysbm.a : hostunlink.c.obj (.text.HOSTunlink)
                  7004c9d8    00000008     --HOLE-- [fill = 0]
                  7004c9e0    0000006a     drivers.am263px.r5f.ti-arm-clang.debug.lib : mcspi_v0_lld.obj (.text.MCSPI_lld_chConfig)
                  7004ca4a    00000006     --HOLE-- [fill = 0]
                  7004ca50    00000068                                                : edma.obj (.text.EDMA_getBaseAddr)
                  7004cab8    00000008     --HOLE-- [fill = 0]
                  7004cac0    00000068                                                : uart_v0_lld.obj (.text.UART_divisorValCompute)
                  7004cb28    00000008     --HOLE-- [fill = 0]
                  7004cb30    00000064                                                : soc_rcm.obj (.text.SOC_rcmGetR5Clock)
                  7004cb94    0000000c     --HOLE-- [fill = 0]
                  7004cba0    00000064                                                : soc_rcm.obj (.text.SOC_rcmIsR5FInLockStepMode)
                  7004cc04    0000000c     --HOLE-- [fill = 0]
                  7004cc10    00000064                                                : uart_v0_lld.obj (.text.UART_fifoRegisterWrite)
                  7004cc74    0000000c     --HOLE-- [fill = 0]
                  7004cc80    00000064                                                : uart_v0_lld.obj (.text.UART_lld_deInitDma)
                  7004cce4    0000000c     --HOLE-- [fill = 0]
                  7004ccf0    00000062                                                : soc_rcm.obj (.text.SOC_rcmInsert16)
                  7004cd52    00000002     --HOLE-- [fill = 0]
                  7004cd54    00000060     libsysbm.a : hostclose.c.obj (.text.HOSTclose)
                  7004cdb4    0000000c     --HOLE-- [fill = 0]
                  7004cdc0    00000060     drivers.am263px.r5f.ti-arm-clang.debug.lib : uart_v0_lld.obj (.text.UART_getChar)
                  7004ce20    00000060                                                : uart_v0_lld.obj (.text.UART_writeData)
                  7004ce80    0000005e     nortos.am263px.r5f.ti-arm-clang.debug.lib : SemaphoreP_nortos.obj (.text.SemaphoreP_post)
                  7004cede    00000002     --HOLE-- [fill = 0]
                  7004cee0    0000005c     drivers.am263px.r5f.ti-arm-clang.debug.lib : mcspi_v0_lld.obj (.text.MCSPI_fifoReadMultiWord)
                  7004cf3c    00000004     --HOLE-- [fill = 0]
                  7004cf40    0000005c     ti_power_clock_config.o (.text.Module_clockSetFrequency)
                  7004cf9c    00000004     --HOLE-- [fill = 0]
                  7004cfa0    0000005c     drivers.am263px.r5f.ti-arm-clang.debug.lib : uart_v0_lld.obj (.text.UART_lld_deInit)
                  7004cffc    00000004     --HOLE-- [fill = 0]
                  7004d000    0000005c                                                : uart_v0.obj (.text.UART_lld_writeCompleteCallback)
                  7004d05c    00000004     --HOLE-- [fill = 0]
                  7004d060    0000005a                                                : uart_dma_edma.obj (.text.UART_lld_dmaDisableChannel)
                  7004d0ba    00000006     --HOLE-- [fill = 0]
                  7004d0c0    0000005a                                                : uart_v0.obj (.text.UART_lld_readCompleteCallback)
                  7004d11a    00000006     --HOLE-- [fill = 0]
                  7004d120    0000005a                                                : uart_v0_lld.obj (.text.UART_regConfigModeEnable)
                  7004d17a    00000006     --HOLE-- [fill = 0]
                  7004d180    00000058                                                : soc_rcm.obj (.text.SOC_rcmGetModuleClkDivVal)
                  7004d1d8    00000058     libc.a : fopen.c.obj (.text.__TI_cleanup)
                  7004d230    00000058     libsysbm.a : trgmsg.c.obj (.text.__TI_readmsg)
                  7004d288    00000058                : trgmsg.c.obj (.text.__TI_writemsg)
                  7004d2e0    00000054     drivers.am263px.r5f.ti-arm-clang.debug.lib : edma.obj (.text.EDMA_setPaRAM)
                  7004d334    0000000c     --HOLE-- [fill = 0]
                  7004d340    00000054                                                : uart_v0_lld.obj (.text.UART_OperModeValid)
                  7004d394    00000054     libc.a : exit.c.obj (.text.exit)
                  7004d3e8    00000054            : getdevice.c.obj (.text.finddevice)
                  7004d43c    00000054            : autoinit.c.obj (.text:__TI_auto_init_nobinit_nopinit)
                  7004d490    00000052     drivers.am263px.r5f.ti-arm-clang.debug.lib : mcspi_v0_lld.obj (.text.MCSPI_fifoRead16)
                  7004d4e2    0000000e     --HOLE-- [fill = 0]
                  7004d4f0    00000052                                                : mcspi_v0_lld.obj (.text.MCSPI_fifoRead32)
                  7004d542    0000000e     --HOLE-- [fill = 0]
                  7004d550    00000052                                                : mcspi_v0_lld.obj (.text.MCSPI_fifoRead8)
                  7004d5a2    0000000e     --HOLE-- [fill = 0]
                  7004d5b0    00000052                                                : mcspi_v0_lld.obj (.text.MCSPI_fifoWrite16)
                  7004d602    0000000e     --HOLE-- [fill = 0]
                  7004d610    00000052                                                : mcspi_v0_lld.obj (.text.MCSPI_fifoWrite32)
                  7004d662    0000000e     --HOLE-- [fill = 0]
                  7004d670    00000052                                                : mcspi_v0_lld.obj (.text.MCSPI_fifoWrite8)
                  7004d6c2    0000000e     --HOLE-- [fill = 0]
                  7004d6d0    00000052     nortos.am263px.r5f.ti-arm-clang.debug.lib : SemaphoreP_nortos.obj (.text.SemaphoreP_construct)
                  7004d722    0000000e     --HOLE-- [fill = 0]
                  7004d730    00000050     ti_drivers_open_close.o (.text.Drivers_edmaClose)
                  7004d780    00000050     ti_drivers_open_close.o (.text.Drivers_mcspiClose)
                  7004d7d0    00000050     ti_drivers_open_close.o (.text.Drivers_uartClose)
                  7004d820    00000050     drivers.am263px.r5f.ti-arm-clang.debug.lib : pinmux.obj (.text.Pinmux_config)
                  7004d870    00000050                                                : uart_v0_lld.obj (.text.UART_checkCharsAvailInFifo)
                  7004d8c0    0000004e                                                : edma.obj (.text.EDMA_clrEvtRegion)
                  7004d90e    00000002     --HOLE-- [fill = 0]
                  7004d910    0000004e                                                : edma.obj (.text.EDMA_clrIntrRegion)
                  7004d95e    00000002     --HOLE-- [fill = 0]
                  7004d960    0000004e                                                : edma.obj (.text.EDMA_disableDmaEvtRegion)
                  7004d9ae    00000002     --HOLE-- [fill = 0]
                  7004d9b0    0000004e                                                : edma.obj (.text.EDMA_disableEvtIntrRegion)
                  7004d9fe    00000002     --HOLE-- [fill = 0]
                  7004da00    0000004e                                                : edma.obj (.text.EDMA_enableDmaEvtRegion)
                  7004da4e    00000002     --HOLE-- [fill = 0]
                  7004da50    0000004e                                                : edma.obj (.text.EDMA_enableEvtIntrRegion)
                  7004da9e    00000002     --HOLE-- [fill = 0]
                  7004daa0    0000004e                                                : edma.obj (.text.EDMA_setEvtRegion)
                  7004daee    00000002     --HOLE-- [fill = 0]
                  7004daf0    0000004e                                                : gpio.obj (.text.GPIO_setDirMode)
                  7004db3e    00000002     --HOLE-- [fill = 0]
                  7004db40    0000004e                                                : mcspi_v0_lld.obj (.text.MCSPI_getFifoTrigLvl)
                  7004db8e    00000002     --HOLE-- [fill = 0]
                  7004db90    0000004e                                                : uart_v0.obj (.text.UART_getHandle)
                  7004dbde    00000002     --HOLE-- [fill = 0]
                  7004dbe0    0000004c                                                : edma.obj (.text.EDMA_ccPaRAMEntry_init)
                  7004dc2c    00000004     --HOLE-- [fill = 0]
                  7004dc30    0000004c                                                : edma.obj (.text.EDMA_mapQdmaChToPaRAM)
                  7004dc7c    00000004     --HOLE-- [fill = 0]
                  7004dc80    0000004c                                                : edma.obj (.text.EDMA_readEventStatusRegion)
                  7004dccc    00000004     --HOLE-- [fill = 0]
                  7004dcd0    0000004c     ti_power_clock_config.o (.text.Module_clockDisable)
                  7004dd1c    00000004     --HOLE-- [fill = 0]
                  7004dd20    0000004c     ti_power_clock_config.o (.text.Module_clockEnable)
                  7004dd6c    00000004     --HOLE-- [fill = 0]
                  7004dd70    0000004a     drivers.am263px.r5f.ti-arm-clang.debug.lib : mcspi_v0_lld.obj (.text.MCSPI_fifoWriteMultiWord)
                  7004ddba    00000006     --HOLE-- [fill = 0]
                  7004ddc0    0000004a                                                : mcspi_v0_lld.obj (.text.MCSPI_transferPeripheralIntr)
                  7004de0a    00000006     --HOLE-- [fill = 0]
                  7004de10    0000004a                                                : uart_v0_lld.obj (.text.UART_getIntrIdentityStatus)
                  7004de5a    00000006     --HOLE-- [fill = 0]
                  7004de60    0000004a                                                : uart_v0_lld.obj (.text.UART_lineCharConfig)
                  7004deaa    00000006     --HOLE-- [fill = 0]
                  7004deb0    00000048                                                : mcspi_v0_lld.obj (.text.MCSPI_checkChConfig)
                  7004def8    00000008     --HOLE-- [fill = 0]
                  7004df00    00000048                                                : soc_rcm.obj (.text.SOC_rcmGetCR5SysclkInFrequency)
                  7004df48    00000008     --HOLE-- [fill = 0]
                  7004df50    00000048                                                : uart_v0_lld.obj (.text.UART_resetModule)
                  7004df98    00000048     libsysbm.a : unlink.c.obj (.text.unlink)
                  7004dfe0    00000046     nortos.am263px.r5f.ti-arm-clang.debug.lib : DebugP_uartLogWriter.obj (.text.DebugP_uartLogWriterPutChar)
                  7004e026    0000000a     --HOLE-- [fill = 0]
                  7004e030    00000046     drivers.am263px.r5f.ti-arm-clang.debug.lib : uart_v0_lld.obj (.text.UART_readLineStatus)
                  7004e076    0000000a     --HOLE-- [fill = 0]
                  7004e080    00000044                                                : mcspi_v0.obj (.text.MCSPI_checkOpenParams)
                  7004e0c4    0000000c     --HOLE-- [fill = 0]
                  7004e0d0    00000044                                                : soc_rcm.obj (.text.SOC_rcmExtract8)
                  7004e114    0000000c     --HOLE-- [fill = 0]
                  7004e120    00000044                                                : soc_rcm.obj (.text.SOC_rcmMake16)
                  7004e164    0000000c     --HOLE-- [fill = 0]
                  7004e170    00000044     nortos.am263px.r5f.ti-arm-clang.debug.lib : DebugP_nortos.obj (.text._DebugP_logZone)
                  7004e1b4    0000000c     --HOLE-- [fill = 0]
                  7004e1c0    00000044                                               : printf.obj (.text._strnlen_s)
                  7004e204    0000000c     --HOLE-- [fill = 0]
                  7004e210    00000042                                               : ClockP_nortos.obj (.text.ClockP_start)
                  7004e252    0000000e     --HOLE-- [fill = 0]
                  7004e260    00000042     drivers.am263px.r5f.ti-arm-clang.debug.lib : uart_v0.obj (.text.UART_checkOpenParams)
                  7004e2a2    0000000e     --HOLE-- [fill = 0]
                  7004e2b0    00000040                                                : mcspi_v0_lld.obj (.text.MCSPI_fifoWriteDefault)
                  7004e2f0    00000040                                                : mcspi_v0_lld.obj (.text.Spi_mcspiGetRxMask)
                  7004e330    00000040                                                : mcspi_v0_lld.obj (.text.Spi_mcspiGetTxMask)
                  7004e370    00000040     libc.a : memory.c.obj (.text.free_list_insert)
                  7004e3b0    0000003e     drivers.am263px.r5f.ti-arm-clang.debug.lib : pinmux.obj (.text.Pinmux_unlockMMR)
                  7004e3ee    00000002     --HOLE-- [fill = 0]
                  7004e3f0    0000003e                                                : uart_v0_lld.obj (.text.UART_IsHWFlowCtrlValid)
                  7004e42e    00000002     --HOLE-- [fill = 0]
                  7004e430    0000003e                                                : uart_v0_lld.obj (.text.UART_IsRxTrigLvlValid)
                  7004e46e    00000002     --HOLE-- [fill = 0]
                  7004e470    0000003e                                                : uart_v0_lld.obj (.text.UART_IsTxTrigLvlValid)
                  7004e4ae    00000002     --HOLE-- [fill = 0]
                  7004e4b0    0000003e                                                : uart_v0_lld.obj (.text.UART_i2310WA)
                  7004e4ee    00000002     --HOLE-- [fill = 0]
                  7004e4f0    0000003e                                                : uart_v0_lld.obj (.text.UART_spaceAvail)
                  7004e52e    00000002     --HOLE-- [fill = 0]
                  7004e530    0000003c                                                : mcspi_v0_lld.obj (.text.MCSPI_getBufWidthShift)
                  7004e56c    00000004     --HOLE-- [fill = 0]
                  7004e570    0000003c                                                : mcspi_v0_lld.obj (.text.MCSPI_lld_isInitDelayValid)
                  7004e5ac    00000004     --HOLE-- [fill = 0]
                  7004e5b0    0000003c                                                : uart_v0_lld.obj (.text.UART_IsParityTypeValid)
                  7004e5ec    00000004     --HOLE-- [fill = 0]
                  7004e5f0    0000003c                                                : uart_v0_lld.obj (.text.UART_IsTxRxFifoEmpty)
                  7004e62c    00000004     --HOLE-- [fill = 0]
                  7004e630    0000003c                                                : uart_v0_lld.obj (.text.UART_enhanFuncEnable)
                  7004e66c    00000004     --HOLE-- [fill = 0]
                  7004e670    0000003a                                                : mcspi_v0_lld.obj (.text.MCSPI_lld_Transaction_init)
                  7004e6aa    00000006     --HOLE-- [fill = 0]
                  7004e6b0    0000003a                                                : soc.obj (.text.SOC_moduleSetClockFrequency)
                  7004e6ea    00000006     --HOLE-- [fill = 0]
                  7004e6f0    0000003a     nortos.am263px.r5f.ti-arm-clang.debug.lib : printf.obj (.text._atoi)
                  7004e72a    00000006     --HOLE-- [fill = 0]
                  7004e730    00000038     drivers.am263px.r5f.ti-arm-clang.debug.lib : mcspi_dma_edma.obj (.text.CSL_REG32_FINS_RAW)
                  7004e768    00000008     --HOLE-- [fill = 0]
                  7004e770    00000038                                                : mcspi_v0_lld.obj (.text.CSL_REG32_FINS_RAW)
                  7004e7a8    00000008     --HOLE-- [fill = 0]
                  7004e7b0    00000038     ti_dpl_config.o (.text.Dpl_init)
                  7004e7e8    00000008     --HOLE-- [fill = 0]
                  7004e7f0    00000038     drivers.am263px.r5f.ti-arm-clang.debug.lib : edma.obj (.text.EDMA_qdmaClrMissEvtRegion)
                  7004e828    00000008     --HOLE-- [fill = 0]
                  7004e830    00000038                                                : mcspi_v0_lld.obj (.text.MCSPI_getDataWidthBitMask)
                  7004e868    00000008     --HOLE-- [fill = 0]
                  7004e870    00000038                                                : mcspi_v0_lld.obj (.text.MCSPI_lld_deInit)
                  7004e8a8    00000008     --HOLE-- [fill = 0]
                  7004e8b0    00000038                                                : uart_v0_lld.obj (.text.UART_writeDataPolling)
                  7004e8e8    00000008     --HOLE-- [fill = 0]
                  7004e8f0    00000036                                                : edma.obj (.text.EDMA_getRegionId)
                  7004e926    0000000a     --HOLE-- [fill = 0]
                  7004e930    00000036     mcspi_loopback.o (.text.GPIO_pinWriteHigh)
                  7004e966    0000000a     --HOLE-- [fill = 0]
                  7004e970    00000036     ti_drivers_config.o (.text.GPIO_pinWriteHigh)
                  7004e9a6    0000000a     --HOLE-- [fill = 0]
                  7004e9b0    00000036     mcspi_loopback.o (.text.GPIO_pinWriteLow)
                  7004e9e6    0000000a     --HOLE-- [fill = 0]
                  7004e9f0    00000036     mcspi_loopback.o (.text.MCSPI_Transaction_init)
                  7004ea26    0000000a     --HOLE-- [fill = 0]
                  7004ea30    00000036     drivers.am263px.r5f.ti-arm-clang.debug.lib : mcspi_dma_edma.obj (.text.MCSPI_lld_dmaInit)
                  7004ea66    0000000a     --HOLE-- [fill = 0]
                  7004ea70    00000036                                                : mcspi_v0_lld.obj (.text.MCSPI_reset)
                  7004eaa6    0000000a     --HOLE-- [fill = 0]
                  7004eab0    00000036     mcspi_loopback.o (.text.readADC)
                  7004eae6    0000000a     --HOLE-- [fill = 0]
                  7004eaf0    00000034     drivers.am263px.r5f.ti-arm-clang.debug.lib : mcspi_v0_lld.obj (.text.MCSPI_fifoReadDiscard)
                  7004eb24    0000000c     --HOLE-- [fill = 0]
                  7004eb30    00000034                                                : pinmux.obj (.text.Pinmux_lockMMR)
                  7004eb64    0000000c     --HOLE-- [fill = 0]
                  7004eb70    00000034     nortos.am263px.r5f.ti-arm-clang.debug.lib : TimerP_rti.obj (.text.TimerP_Params_init)
                  7004eba4    0000000c     --HOLE-- [fill = 0]
                  7004ebb0    00000034     drivers.am263px.r5f.ti-arm-clang.debug.lib : uart_v0_lld.obj (.text.UART_IsDataLengthValid)
                  7004ebe4    0000000c     --HOLE-- [fill = 0]
                  7004ebf0    00000034                                                : uart_v0_lld.obj (.text.UART_checkTransaction)
                  7004ec24    00000034     libc.a : memory.c.obj (.text.free_list_remove)
                  7004ec58    00000034     libsysbm.a : lseek.c.obj (.text.lseek)
                  7004ec8c    00000034                : write.c.obj (.text.write)
                  7004ecc0    00000032     drivers.am263px.r5f.ti-arm-clang.debug.lib : edma.obj (.text.HW_WR_FIELD32_RAW)
                  7004ecf2    0000000e     --HOLE-- [fill = 0]
                  7004ed00    00000032                                                : uart_v0_lld.obj (.text.HW_WR_FIELD32_RAW)
                  7004ed32    0000000e     --HOLE-- [fill = 0]
                  7004ed40    00000032     nortos.am263px.r5f.ti-arm-clang.debug.lib : TimerP_rti.obj (.text.TimerP_getCount)
                  7004ed72    0000000e     --HOLE-- [fill = 0]
                  7004ed80    00000032     drivers.am263px.r5f.ti-arm-clang.debug.lib : uart_v0_lld.obj (.text.UART_enhanFuncBitValRestore)
                  7004edb2    0000000e     --HOLE-- [fill = 0]
                  7004edc0    00000032                                                : uart_v0_lld.obj (.text.UART_hardwareFlowCtrlOptSet)
                  7004edf2    0000000e     --HOLE-- [fill = 0]
                  7004ee00    00000030                                                : uart_v0_lld.obj (.text.UART_flowCtrlTrigLvlConfig)
                  7004ee30    00000030     nortos.am263px.r5f.ti-arm-clang.debug.lib : PmuP_armv7r_asm.obj (.text.pmu)
                  7004ee60    0000002e     drivers.am263px.r5f.ti-arm-clang.debug.lib : mcspi_dma_edma.obj (.text.MCSPI_EdmaChConfig_init)
                  7004ee8e    00000002     --HOLE-- [fill = 0]
                  7004ee90    0000002e                                                : mcspi_v0.obj (.text.MCSPI_deinit)
                  7004eebe    00000002     --HOLE-- [fill = 0]
                  7004eec0    0000002e                                                : uart_v0.obj (.text.UART_deinit)
                  7004eeee    00000002     --HOLE-- [fill = 0]
                  7004eef0    0000002e                                                : uart_dma_edma.obj (.text.UART_lld_dmaInit)
                  7004ef1e    00000002     --HOLE-- [fill = 0]
                  7004ef20    0000002e     nortos.am263px.r5f.ti-arm-clang.debug.lib : printf.obj (.text._is_digit)
                  7004ef4e    00000002     --HOLE-- [fill = 0]
                  7004ef50    0000002c     drivers.am263px.r5f.ti-arm-clang.debug.lib : mcspi_v0_lld.obj (.text.MCSPI_lld_isOperModeValid)
                  7004ef7c    00000004     --HOLE-- [fill = 0]
                  7004ef80    0000002c     nortos.am263px.r5f.ti-arm-clang.debug.lib : SemaphoreP_nortos.obj (.text.SemaphoreP_constructBinary)
                  7004efac    00000004     --HOLE-- [fill = 0]
                  7004efb0    0000002a     ti_drivers_config.o (.text.GPIO_init)
                  7004efda    00000006     --HOLE-- [fill = 0]
                  7004efe0    0000002a     drivers.am263px.r5f.ti-arm-clang.debug.lib : uart_v0.obj (.text.UART_Transaction_init)
                  7004f00a    00000006     --HOLE-- [fill = 0]
                  7004f010    0000002a                                                : uart_v0_lld.obj (.text.UART_intr2Disable)
                  7004f03a    00000006     --HOLE-- [fill = 0]
                  7004f040    0000002a                                                : uart_v0_lld.obj (.text.UART_lld_Transaction_init)
                  7004f06a    00000006     --HOLE-- [fill = 0]
                  7004f070    0000002a                                                : uart_v0_lld.obj (.text.UART_operatingModeSelect)
                  7004f09a    00000006     --HOLE-- [fill = 0]
                  7004f0a0    00000028     nortos.am263px.r5f.ti-arm-clang.debug.lib : CpuId_armv7r.obj (.text.CSL_armR5GetCpuID)
                  7004f0c8    00000008     --HOLE-- [fill = 0]
                  7004f0d0    00000028     drivers.am263px.r5f.ti-arm-clang.debug.lib : mcspi_v0_lld.obj (.text.MCSPI_intrStatusClear)
                  7004f0f8    00000008     --HOLE-- [fill = 0]
                  7004f100    00000028     ti_drivers_config.o (.text.System_init)
                  7004f128    00000008     --HOLE-- [fill = 0]
                  7004f130    00000028     nortos.am263px.r5f.ti-arm-clang.debug.lib : printf.obj (.text.vprintf_)
                  7004f158    00000008     --HOLE-- [fill = 0]
                  7004f160    00000026     drivers.am263px.r5f.ti-arm-clang.debug.lib : edma.obj (.text.EDMA_disableQdmaEvtRegion)
                  7004f186    0000000a     --HOLE-- [fill = 0]
                  7004f190    00000026                                                : edma.obj (.text.EDMA_enableQdmaEvtRegion)
                  7004f1b6    0000000a     --HOLE-- [fill = 0]
                  7004f1c0    00000026                                                : edma.obj (.text.EDMA_getIntrStatusRegion)
                  7004f1e6    0000000a     --HOLE-- [fill = 0]
                  7004f1f0    00000026                                                : edma.obj (.text.EDMA_intrStatusHighGetRegion)
                  7004f216    0000000a     --HOLE-- [fill = 0]
                  7004f220    00000026                                                : edma.obj (.text.EDMA_isInitialized)
                  7004f246    0000000a     --HOLE-- [fill = 0]
                  7004f250    00000026                                                : edma.obj (.text.EDMA_validateIntrObject)
                  7004f276    0000000a     --HOLE-- [fill = 0]
                  7004f280    00000026                                                : mcspi_v0.obj (.text.MCSPI_OpenParams_init)
                  7004f2a6    0000000a     --HOLE-- [fill = 0]
                  7004f2b0    00000026                                                : mcspi_v0_lld.obj (.text.MCSPI_lld_isDataSizeValid)
                  7004f2d6    0000000a     --HOLE-- [fill = 0]
                  7004f2e0    00000026     main.o (.text.main)
                  7004f306    0000000a     --HOLE-- [fill = 0]
                  7004f310    00000024     drivers.am263px.r5f.ti-arm-clang.debug.lib : mcspi_v0_lld.obj (.text.MCSPI_lld_isChModeValid)
                  7004f334    0000000c     --HOLE-- [fill = 0]
                  7004f340    00000024                                                : mcspi_v0_lld.obj (.text.MCSPI_lld_isMsModeValid)
                  7004f364    0000000c     --HOLE-- [fill = 0]
                  7004f370    00000024                                                : mcspi_v0_lld.obj (.text.MCSPI_lld_isPinModeValid)
                  7004f394    0000000c     --HOLE-- [fill = 0]
                  7004f3a0    00000024     nortos.am263px.r5f.ti-arm-clang.debug.lib : SemaphoreP_nortos.obj (.text.SemaphoreP_constructMutex)
                  7004f3c4    0000000c     --HOLE-- [fill = 0]
                  7004f3d0    00000024     drivers.am263px.r5f.ti-arm-clang.debug.lib : uart_v0_lld.obj (.text.UART_IsStopBitsValid)
                  7004f3f4    00000024     libclang_rt.builtins.a : aeabi_uldivmod.S.obj (.text.__aeabi_uldivmod)
                  7004f418    00000008     --HOLE-- [fill = 0]
                  7004f420    00000024     nortos.am263px.r5f.ti-arm-clang.debug.lib : printf.obj (.text._out_char)
                  7004f444    0000000c     --HOLE-- [fill = 0]
                  7004f450    00000022     drivers.am263px.r5f.ti-arm-clang.debug.lib : edma.obj (.text.EDMA_channelToParamMap)
                  7004f472    0000000e     --HOLE-- [fill = 0]
                  7004f480    00000020     nortos.am263px.r5f.ti-arm-clang.debug.lib : ClockP_nortos.obj (.text.ClockP_isActive)
                  7004f4a0    00000020                                               : ClockP_nortos.obj (.text.ClockP_usecToTicks)
                  7004f4c0    00000020     drivers.am263px.r5f.ti-arm-clang.debug.lib : uart_v0_lld.obj (.text.HW_RD_FIELD32_RAW)
                  7004f4e0    00000020                                                : mcspi_v0_lld.obj (.text.MCSPI_readChStatusReg)
                  7004f500    00000020                                                : mcspi_v0_lld.obj (.text.MCSPI_readRxDataReg)
                  7004f520    0000001e     nortos.am263px.r5f.ti-arm-clang.debug.lib : ClockP_nortos.obj (.text.ClockP_Params_init)
                  7004f53e    00000002     --HOLE-- [fill = 0]
                  7004f540    0000001e     drivers.am263px.r5f.ti-arm-clang.debug.lib : edma.obj (.text.EDMA_getEventStatusHigh)
                  7004f55e    00000002     --HOLE-- [fill = 0]
                  7004f560    0000001e                                                : mcspi_v0_lld.obj (.text.MCSPI_lld_isChannelValid)
                  7004f57e    00000002     --HOLE-- [fill = 0]
                  7004f580    0000001e                                                : soc.obj (.text.SOC_getSelfCpuClk)
                  7004f59e    00000002     --HOLE-- [fill = 0]
                  7004f5a0    0000001e                                                : soc.obj (.text.SOC_moduleClockEnable)
                  7004f5be    00000002     --HOLE-- [fill = 0]
                  7004f5c0    0000001e                                                : uart_v0_lld.obj (.text.UART_breakCtl)
                  7004f5de    00000002     --HOLE-- [fill = 0]
                  7004f5e0    0000001e                                                : uart_v0_lld.obj (.text.UART_lld_Transaction_deInit)
                  7004f5fe    00000002     --HOLE-- [fill = 0]
                  7004f600    0000001e                                                : uart_v0_lld.obj (.text.UART_writeInterrupt)
                  7004f61e    00000002     --HOLE-- [fill = 0]
                  7004f620    0000001c                                                : edma.obj (.text.EDMA_getEventStatus)
                  7004f63c    00000004     --HOLE-- [fill = 0]
                  7004f640    0000001c                                                : mcspi_v0_lld.obj (.text.MCSPI_lld_isChCfgValid)
                  7004f65c    00000004     --HOLE-- [fill = 0]
                  7004f660    0000001c                                                : mcspi_v0_lld.obj (.text.MCSPI_lld_isHandleValid)
                  7004f67c    00000004     --HOLE-- [fill = 0]
                  7004f680    0000001c                                                : mcspi_v0_lld.obj (.text.MCSPI_lld_isParameterValid)
                  7004f69c    00000004     --HOLE-- [fill = 0]
                  7004f6a0    0000001c     ti_drivers_config.o (.text.System_deinit)
                  7004f6bc    00000004     --HOLE-- [fill = 0]
                  7004f6c0    0000001c     drivers.am263px.r5f.ti-arm-clang.debug.lib : uart_v0_lld.obj (.text.UART_IsParameter)
                  7004f6dc    00000004     --HOLE-- [fill = 0]
                  7004f6e0    0000001c     ti_dpl_config.o (.text.putchar_)
                  7004f6fc    0000001c     libsysbm.a : hostrename.c.obj (.text.strcpy)
                  7004f718    0000001c                : hostrename.c.obj (.text.strlen)
                  7004f734    0000001c     libc.a : memcpy32.S.obj (.text:TI_memcpy_small)
                  7004f750    0000001a     drivers.am263px.r5f.ti-arm-clang.debug.lib : uart_v0_lld.obj (.text.UART_fifoCharGet)
                  7004f76a    00000006     --HOLE-- [fill = 0]
                  7004f770    0000001a                                                : uart_v0_lld.obj (.text.UART_timeGuardConfig)
                  7004f78a    00000006     --HOLE-- [fill = 0]
                  7004f790    00000018                                                : edma.obj (.text.EDMA_clrCCErr)
                  7004f7a8    00000008     --HOLE-- [fill = 0]
                  7004f7b0    00000018                                                : edma.obj (.text.EDMA_isInterruptEnabled)
                  7004f7c8    00000008     --HOLE-- [fill = 0]
                  7004f7d0    00000018     nortos.am263px.r5f.ti-arm-clang.debug.lib : SemaphoreP_nortos.obj (.text.SemaphoreP_Params_init)
                  7004f7e8    00000008     --HOLE-- [fill = 0]
                  7004f7f0    00000018                                               : TimerP_rti.obj (.text.TimerP_getReloadCount)
                  7004f808    00000008     --HOLE-- [fill = 0]
                  7004f810    00000018     drivers.am263px.r5f.ti-arm-clang.debug.lib : uart_v0_lld.obj (.text.UART_divisorLatchDisable)
                  7004f828    00000008     --HOLE-- [fill = 0]
                  7004f830    00000018                                                : uart_v0_lld.obj (.text.UART_modemControlReset)
                  7004f848    00000008     --HOLE-- [fill = 0]
                  7004f850    00000018                                                : uart_v0_lld.obj (.text.UART_putChar)
                  7004f868    00000018     libc.a : memset32.S.obj (.text:TI_memset_small)
                  7004f880    00000016     nortos.am263px.r5f.ti-arm-clang.debug.lib : TimerP_rti.obj (.text.TimerP_start)
                  7004f896    0000000a     --HOLE-- [fill = 0]
                  7004f8a0    00000016                                               : TimerP_rti.obj (.text.TimerP_stop)
                  7004f8b6    0000000a     --HOLE-- [fill = 0]
                  7004f8c0    00000016     drivers.am263px.r5f.ti-arm-clang.debug.lib : uart_v0_lld.obj (.text.UART_divideRoundCloset)
                  7004f8d6    0000000a     --HOLE-- [fill = 0]
                  7004f8e0    00000016                                                : uart_v0_lld.obj (.text.UART_regConfModeRestore)
                  7004f8f6    0000000a     --HOLE-- [fill = 0]
                  7004f900    00000014     nortos.am263px.r5f.ti-arm-clang.debug.lib : DebugP_uartLogWriter.obj (.text.DebugP_uartSetDrvIndex)
                  7004f914    0000000c     --HOLE-- [fill = 0]
                  7004f920    00000014     drivers.am263px.r5f.ti-arm-clang.debug.lib : edma.obj (.text.HW_WR_REG16_RAW)
                  7004f934    0000000c     --HOLE-- [fill = 0]
                  7004f940    00000014                                                : soc_rcm.obj (.text.SOC_rcmGetModuleClkDivFromRegVal)
                  7004f954    0000000c     --HOLE-- [fill = 0]
                  7004f960    00000014     nortos.am263px.r5f.ti-arm-clang.debug.lib : TimerP_rti.obj (.text.TimerP_clearOverflowInt)
                  7004f974    0000000c     --HOLE-- [fill = 0]
                  7004f980    00000012     ti_pinmux_config.o (.text.Pinmux_init)
                  7004f992    0000000e     --HOLE-- [fill = 0]
                  7004f9a0    00000010     drivers.am263px.r5f.ti-arm-clang.debug.lib : mcspi_dma_edma.obj (.text.CSL_REG32_WR_RAW)
                  7004f9b0    00000010                                                : mcspi_v0_lld.obj (.text.CSL_REG32_WR_RAW)
                  7004f9c0    00000010                                                : pinmux.obj (.text.CSL_REG32_WR_RAW)
                  7004f9d0    00000010                                                : soc.obj (.text.CSL_REG32_WR_RAW)
                  7004f9e0    00000010     mcspi_loopback.o (.text.CSL_REG32_WR_RAW)
                  7004f9f0    00000010     ti_drivers_config.o (.text.CSL_REG32_WR_RAW)
                  7004fa00    00000010     nortos.am263px.r5f.ti-arm-clang.debug.lib : ClockP_nortos_r5.obj (.text.ClockP_getTimerCount)
                  7004fa10    00000010                                               : ClockP_nortos_r5.obj (.text.ClockP_timerClearOverflowInt)
                  7004fa20    00000010     ti_drivers_open_close.o (.text.Drivers_open)
                  7004fa30    00000010     drivers.am263px.r5f.ti-arm-clang.debug.lib : edma.obj (.text.HW_RD_REG32_RAW)
                  7004fa40    00000010                                                : uart_v0_lld.obj (.text.HW_RD_REG32_RAW)
                  7004fa50    00000010                                                : edma.obj (.text.HW_WR_REG32_RAW)
                  7004fa60    00000010                                                : uart_v0_lld.obj (.text.HW_WR_REG32_RAW)
                  7004fa70    00000010     nortos.am263px.r5f.ti-arm-clang.debug.lib : printf.obj (.text._out_null)
                  7004fa80    00000010     libc.a : fputc.c.obj (.text.putchar)
                  7004fa90    0000000c     ti_board_open_close.o (.text.Board_driversOpen)
                  7004fa9c    00000004     --HOLE-- [fill = 0]
                  7004faa0    0000000c     drivers.am263px.r5f.ti-arm-clang.debug.lib : mcspi_dma_edma.obj (.text.CSL_REG32_RD_RAW)
                  7004faac    00000004     --HOLE-- [fill = 0]
                  7004fab0    0000000c                                                : mcspi_v0_lld.obj (.text.CSL_REG32_RD_RAW)
                  7004fabc    00000004     --HOLE-- [fill = 0]
                  7004fac0    0000000c     nortos.am263px.r5f.ti-arm-clang.debug.lib : ClockP_nortos.obj (.text.ClockP_getTicks)
                  7004facc    00000004     --HOLE-- [fill = 0]
                  7004fad0    0000000c     ti_power_clock_config.o (.text.PowerClock_init)
                  7004fadc    00000004     --HOLE-- [fill = 0]
                  7004fae0    0000000c     libc.a : strcmp32.S.obj (.text)
                  7004faec    00000004     --HOLE-- [fill = 0]
                  7004faf0    0000000a     nortos.am263px.r5f.ti-arm-clang.debug.lib : HwiP_armv7r_vim.obj (.text.Hwip_dataAndInstructionBarrier)
                  7004fafa    00000006     --HOLE-- [fill = 0]
                  7004fb00    0000000a     drivers.am263px.r5f.ti-arm-clang.debug.lib : soc_rcm.obj (.text.SOC_rcmGetBaseAddressMSSRCM)
                  7004fb0a    00000006     --HOLE-- [fill = 0]
                  7004fb10    0000000a                                                : uart_dma_edma.obj (.text.UART_edmaDoNothing)
                  7004fb1a    00000006     --HOLE-- [fill = 0]
                  7004fb20    00000008     ti_drivers_config.o (.text.Drivers_uartInit)
                  7004fb28    00000008     --HOLE-- [fill = 0]
                  7004fb30    00000008     ti_power_clock_config.o (.text.PowerClock_deinit)
                  7004fb38    00000008     --HOLE-- [fill = 0]
                  7004fb40    00000008     drivers.am263px.r5f.ti-arm-clang.debug.lib : soc_rcm.obj (.text.SOC_rcmGetBaseAddressMSSCTRL)
                  7004fb48    00000008     --HOLE-- [fill = 0]
                  7004fb50    00000008                                                : soc_rcm.obj (.text.SOC_rcmGetBaseAddressTOPRCM)
                  7004fb58    00000008     --HOLE-- [fill = 0]
                  7004fb60    00000008     nortos.am263px.r5f.ti-arm-clang.debug.lib : SemaphoreP_nortos.obj (.text.SemaphoreP_destruct)
                  7004fb68    00000008     --HOLE-- [fill = 0]
                  7004fb70    00000008     drivers.am263px.r5f.ti-arm-clang.debug.lib : uart_v0.obj (.text.UART_lld_errorCallback)
                  7004fb78    00000008     --HOLE-- [fill = 0]
                  7004fb80    00000002     ti_board_config.o (.text.Board_deinit)
                  7004fb82    0000000e     --HOLE-- [fill = 0]
                  7004fb90    00000002     ti_board_config.o (.text.Board_init)
                  7004fb92    0000000e     --HOLE-- [fill = 0]
                  7004fba0    00000002     ti_dpl_config.o (.text.Dpl_deinit)
                  7004fba2    0000000e     --HOLE-- [fill = 0]
                  7004fbb0    00000002     ti_drivers_config.o (.text.GPIO_deinit)
                  7004fbb2    0000000e     --HOLE-- [fill = 0]
                  7004fbc0    00000002     nortos.am263px.r5f.ti-arm-clang.debug.lib : TaskP_nortos.obj (.text.TaskP_yield)
                  7004fbc2    0000001e     --HOLE-- [fill = 0]

.rodata    0    7004fbe0    00000980     
                  7004fbe0    00000084     ti_dpl_config.o (.rodata.cfg)
                  7004fc64    00000051     drivers.am263px.r5f.ti-arm-clang.debug.lib : mcspi_v0.obj (.rodata.str1.26396439823528435241)
                  7004fcb5    00000003     mcspi_loopback.o (.rodata.str1.15448905896059715167.1)
                  7004fcb8    00000050     nortos.am263px.r5f.ti-arm-clang.debug.lib : printf.obj (.rodata._ftoa.pow10)
                  7004fd08    00000048     drivers.am263px.r5f.ti-arm-clang.debug.lib : soc_rcm.obj (.rodata.gADPLLJConfigTbl)
                  7004fd50    00000048                                                : mcspi_v0_lld.obj (.rodata.str1.97363132707188488161)
                  7004fd98    0000003d     nortos.am263px.r5f.ti-arm-clang.debug.lib : TimerP_rti.obj (.rodata.str1.11444276866610683881)
                  7004fdd5    00000037                                               : SemaphoreP_nortos.obj (.rodata.str1.52751030918495836841)
                  7004fe0c    00000036     ti_drivers_open_close.o (.rodata.str1.871795152488895636.1)
                  7004fe42    00000035     ti_drivers_open_close.o (.rodata.str1.2554706296470369595.1)
                  7004fe77    00000035     ti_drivers_open_close.o (.rodata.str1.7750254725308216577.1)
                  7004feac    0000002e     nortos.am263px.r5f.ti-arm-clang.debug.lib : ClockP_nortos.obj (.rodata.str1.39419159632632580371)
                  7004feda    0000002a                                               : DebugP_log.obj (.rodata.str1.8882360920750446361)
                  7004ff04    00000027                                               : ClockP_nortos_r5.obj (.rodata.str1.91622226613999981811)
                  7004ff2b    00000024     drivers.am263px.r5f.ti-arm-clang.debug.lib : edma.obj (.rodata.str1.164918382464449145851)
                  7004ff4f    00000023     nortos.am263px.r5f.ti-arm-clang.debug.lib : ClockP_nortos_r5.obj (.rodata.str1.136646522816104227591)
                  7004ff72    00000023     drivers.am263px.r5f.ti-arm-clang.debug.lib : soc_rcm.obj (.rodata.str1.15813086600912413471)
                  7004ff95    00000022                                                : edma.obj (.rodata.str1.6611792697437713481)
                  7004ffb7    00000021     nortos.am263px.r5f.ti-arm-clang.debug.lib : ClockP_nortos_r5.obj (.rodata.str1.99041146818411950391)
                  7004ffd8    00000020     drivers.am263px.r5f.ti-arm-clang.debug.lib : uart_v0.obj (.rodata.str1.150767988884773108331)
                  7004fff8    0000001f     mcspi_loopback.o (.rodata.str1.13259155606743059185.1)
                  70050017    0000001f     nortos.am263px.r5f.ti-arm-clang.debug.lib : SemaphoreP_nortos.obj (.rodata.str1.25281168886080794691)
                  70050036    0000001f                                               : ClockP_nortos_r5.obj (.rodata.str1.25349503636762439021)
                  70050055    0000001e     drivers.am263px.r5f.ti-arm-clang.debug.lib : mcspi_v0.obj (.rodata.str1.144400815220210358851)
                  70050073    0000001d                                                : uart_v0.obj (.rodata.str1.142814395268246240721)
                  70050090    0000001d                                                : mcspi_v0.obj (.rodata.str1.171925388543524077211)
                  700500ad    0000001d     nortos.am263px.r5f.ti-arm-clang.debug.lib : TimerP_rti.obj (.rodata.str1.43953063565973961451)
                  700500ca    0000001d                                               : TimerP_rti.obj (.rodata.str1.93855040560573089411)
                  700500e7    0000001b     drivers.am263px.r5f.ti-arm-clang.debug.lib : edma.obj (.rodata.str1.16266241636797238661)
                  70050102    0000001b     nortos.am263px.r5f.ti-arm-clang.debug.lib : ClockP_nortos.obj (.rodata.str1.47646432807403639741)
                  7005011d    0000001a     drivers.am263px.r5f.ti-arm-clang.debug.lib : edma.obj (.rodata.str1.124702968117785801901)
                  70050137    0000001a     nortos.am263px.r5f.ti-arm-clang.debug.lib : ClockP_nortos_r5.obj (.rodata.str1.133203246495064227641)
                  70050151    0000001a     drivers.am263px.r5f.ti-arm-clang.debug.lib : soc_rcm.obj (.rodata.str1.153801437654618082741)
                  7005016b    0000001a                                                : mcspi_v0.obj (.rodata.str1.169212516063846095031)
                  70050185    0000001a                                                : mcspi_v0.obj (.rodata.str1.99640994410596514241)
                  7005019f    00000019     nortos.am263px.r5f.ti-arm-clang.debug.lib : TimerP_rti.obj (.rodata.str1.168886728349324121321)
                  700501b8    00000018     drivers.am263px.r5f.ti-arm-clang.debug.lib : soc_rcm.obj (.rodata.gPeripheralClkSrcInfoMap)
                  700501d0    00000018     nortos.am263px.r5f.ti-arm-clang.debug.lib : TimerP_rti.obj (.rodata.str1.52901684130585691821)
                  700501e8    00000018     drivers.am263px.r5f.ti-arm-clang.debug.lib : uart_v0.obj (.rodata.str1.9069738176458784971)
                  70050200    00000017                                                : soc_rcm.obj (.rodata.str1.141251745167226470741)
                  70050217    00000017     mcspi_loopback.o (.rodata.str1.3290115438108536510.1)
                  7005022e    00000016     drivers.am263px.r5f.ti-arm-clang.debug.lib : soc_rcm.obj (.rodata.str1.107645048611228328791)
                  70050244    00000016                                                : soc_rcm.obj (.rodata.str1.177369307189295936511)
                  7005025a    00000016                                                : soc_rcm.obj (.rodata.str1.63555232926284281011)
                  70050270    00000016                                                : mcspi_v0.obj (.rodata.str1.85423015064808713541)
                  70050286    00000015                                                : edma.obj (.rodata.str1.149652404363315708211)
                  7005029b    00000015     nortos.am263px.r5f.ti-arm-clang.debug.lib : SemaphoreP_nortos.obj (.rodata.str1.30861210816963497001)
                  700502b0    00000014     drivers.am263px.r5f.ti-arm-clang.debug.lib : mcspi_v0_lld.obj (.rodata.str1.147988882001261723701)
                  700502c4    00000014                                                : edma.obj (.rodata.str1.176595599180530855901)
                  700502d8    00000014                                                : mcspi_v0.obj (.rodata.str1.34611452835214624521)
                  700502ec    00000014                                                : edma.obj (.rodata.str1.41785049815304208531)
                  70050300    00000014                                                : edma.obj (.rodata.str1.93700429500326477781)
                  70050314    00000013                                                : soc_rcm.obj (.rodata.str1.30734103837947208761)
                  70050327    00000013                                                : uart_v0.obj (.rodata.str1.9980655952161290391)
                  7005033a    00000012                                                : uart_v0.obj (.rodata.str1.166492982902436568231)
                  7005034c    00000012                                                : uart_v0.obj (.rodata.str1.171120843061886446841)
                  7005035e    00000012                                                : edma.obj (.rodata.str1.41579851849113419871)
                  70050370    00000012     ti_drivers_open_close.o (.rodata.str1.6538372684047993024.1)
                  70050382    00000012     drivers.am263px.r5f.ti-arm-clang.debug.lib : soc_rcm.obj (.rodata.str1.67217821191364965911)
                  70050394    00000011     ti_drivers_open_close.o (.rodata.str1.12213835641041270557.1)
                  700503a5    00000011     drivers.am263px.r5f.ti-arm-clang.debug.lib : uart_v0.obj (.rodata.str1.16967668833904919061)
                  700503b6    00000011                                                : edma.obj (.rodata.str1.28692048193800818901)
                  700503c7    00000011     nortos.am263px.r5f.ti-arm-clang.debug.lib : ClockP_nortos.obj (.rodata.str1.37923443167824241621)
                  700503d8    00000011     ti_drivers_open_close.o (.rodata.str1.6292539624901818759.1)
                  700503e9    00000010     drivers.am263px.r5f.ti-arm-clang.debug.lib : mcspi_v0.obj (.rodata.str1.153145657127816401141)
                  700503f9    00000010                                                : edma.obj (.rodata.str1.18778444954996405781)
                  70050409    0000000f                                                : edma.obj (.rodata.str1.111354322338949310841)
                  70050418    0000000f                                                : edma.obj (.rodata.str1.144551280152329776181)
                  70050427    0000000f                                                : edma.obj (.rodata.str1.2759273541325923811)
                  70050436    0000000f                                                : mcspi_v0.obj (.rodata.str1.43973954253821070511)
                  70050445    0000000f                                                : edma.obj (.rodata.str1.92547749779646142691)
                  70050454    0000000e                                                : edma.obj (.rodata.str1.19244332700943948511)
                  70050462    0000000e                                                : edma.obj (.rodata.str1.46057082369026546831)
                  70050470    0000000e                                                : edma.obj (.rodata.str1.46782315602798139861)
                  7005047e    0000000d     nortos.am263px.r5f.ti-arm-clang.debug.lib : TimerP_rti.obj (.rodata.str1.105385333823317069951)
                  7005048b    0000000d     drivers.am263px.r5f.ti-arm-clang.debug.lib : edma.obj (.rodata.str1.121775923823351643201)
                  70050498    0000000d     nortos.am263px.r5f.ti-arm-clang.debug.lib : TimerP_rti.obj (.rodata.str1.172059160023720313971)
                  700504a5    0000000c                                               : ClockP_nortos_r5.obj (.rodata.str1.177642182983587376931)
[...]
7005f440  gSpiHandle                        
7005f400  gUartConfig                       
7005f444  gUartConfigNum                    
7005f448  gUartDmaChConfig                  
7005ee28  gUartDmaHandle                    
70051714  gUartHandle                       
7005f12c  gUartParams                       
70050534  gXTALInfo                         
70049f98  getdevice                         
7005f44c  isMapAvailable                    
7004ec58  lseek                             
7004f2e1  main                              
70041ce4  malloc                            
700461c4  memalign                          
700516f8  parmbuf                           
7004fa80  putchar                           
7004f6e1  putchar_                          
7004eab1  readADC                           
70043178  remove                            
700470e4  setvbuf                           
7004b871  spi_test                          
70042aa0  strcmp                            
7004df98  unlink                            
700516e8  virtToPhymap                      
7004f131  vprintf_                          
7004ec8c  write                             


GLOBAL SYMBOLS: SORTED BY Symbol Address 

address   name                              
-------   ----                              
00000000  __TI_ATRegion0_region_sz          
00000000  __TI_ATRegion0_src_addr           
00000000  __TI_ATRegion0_trg_addr           
00000000  __TI_ATRegion1_region_sz          
00000000  __TI_ATRegion1_src_addr           
00000000  __TI_ATRegion1_trg_addr           
00000000  __TI_ATRegion2_region_sz          
00000000  __TI_ATRegion2_src_addr           
00000000  __TI_ATRegion2_trg_addr           
00000000  __TI_static_base__                
00000000  _vectors                          
00000100  __ABORT_STACK_SIZE                
00000100  __FIQ_STACK_SIZE                  
00000100  __IRQ_STACK_SIZE                  
00000100  __UNDEFINED_STACK_SIZE            
00001000  __SVC_STACK_SIZE                  
00004000  __STACK_SIZE                      
00008000  __SYSMEM_SIZE                     
70040a34  __aeabi_memclr                    
70040a34  __aeabi_memclr4                   
70040a34  __aeabi_memclr8                   
700410b8  C$$EXIT                           
700410b8  HOSTexit                          
700410c1  SOC_rcmEnablePeripheralClock      
700416f8  __aeabi_ldiv0                     
700416fc  __aeabi_memcpy                    
700416fc  __aeabi_memcpy4                   
700416fc  __aeabi_memcpy8                   
70041ce4  malloc                            
70041cf1  MCSPI_open                        
700421bc  _nop                              
70042671  UART_open                         
70042a9c  fseek                             
70042aa0  strcmp                            
70043178  remove                            
700434c1  SOC_virtToPhy                     
700437c4  CSL_armR5ReadMpidrReg             
700437d1  MCSPI_transfer                    
70043aa1  MCSPI_lld_dmaChInit               
70044461  UART_lld_controllerIsr            
70044b21  MCSPI_lld_dmaDeInit               
70044d61  MCSPI_lld_dmaTransfer             
70044f91  UART_lld_dmaDeInit                
700451c1  TimerP_setup                      
70045761  MCSPI_lld_readWrite               
70045b01  UART_close                        
70045cc1  UART_lld_dmaWrite                 
70045e71  UART_write                        
7004601c  free                              
700461c4  aligned_alloc                     
700461c4  memalign                          
70046371  MCSPI_lld_readWriteIntr           
700466b1  MCSPI_lld_initDma                 
70046851  MCSPI_close                       
700469f1  MCSPI_lld_init                    
70046b61  MCSPI_lld_readWriteDma            
70046cd1  EDMA_unregisterIntr               
70046e31  SOC_controlModuleUnlockMMR        
70046f91  UART_lld_initDma                  
700470e4  setvbuf                           
70047381  UART_procLineStatusErr            
700474c1  ClockP_init                       
70047741  EDMA_open                         
70047c41  EDMA_registerIntr                 
70047d71  UART_lld_init                     
70047ea1  SOC_controlModuleLockMMR          
70047fd1  SOC_rcmGetPeripheralClockFrequency
700480f1  UART_lld_dmaRead                  
7004820c  __udivmoddi4                      
700487b1  MCSPI_lld_dmaStop                 
70048be1  SemaphoreP_pend                   
70048ed0  fputc                             
70049291  EDMA_freeChannelRegion            
70049471  EDMA_freeParam                    
70049561  EDMA_freeDmaChannel               
70049641  EDMA_freeTcc                      
70049721  UART_intrEnable                   
70049801  MCSPI_stop                        
700498e1  UART_intrDisable                  
700499c1  MCSPI_lld_peripheralIsr           
70049b81  UART_lld_write                    
70049c61  AddrTranslateP_getLocalAddr       
70049d31  EDMA_disableChInShadowRegRegion   
70049e01  EDMA_enableChInShadowRegRegion    
70049ed1  UART_lld_writeDma                 
70049f98  getdevice                         
7004a061  UART_lld_writeIntr                
7004a131  EDMA_mapChToEvtQ                  
7004a201  UART_flushTxFifo                  
7004a2d1  EDMA_configureChannelRegion       
7004a511  ClockP_timerTickIsr               
7004a5d1  ClockP_stop                       
7004a808  fseeko                            
7004a8c1  SOC_rcmSetPeripheralClock         
7004a971  UART_init                         
7004aa20  __TI_closefile                    
7004aad1  MCSPI_lld_controllerIsr           
7004ab81  Drivers_mcspiOpen                 
7004ac31  Drivers_uartOpen                  
7004ace1  EDMA_close                        
7004ae41  ClockP_destruct                   
7004aef1  CycleCounterP_init                
7004af11  CycleCounterP_reset               
7004af61  CycleCounterP_nsToTicks           
7004afa1  Drivers_edmaOpen                  
7004b051  SPI_ReadWrite                     
7004b19c  HOSTrename                        
7004b2e0  __TI_wrt_ok                       
7004b37c  HOSTlseek                         
7004b421  MCSPI_init                        
7004b4c1  MCSPI_transferCallback            
7004b5f8  HOSTopen                          
7004b731  ClockP_getTimeUsec                
7004b7d1  EDMA_unmapChToEvtQ                
7004b871  spi_test                          
7004bac1  EDMA_disableTransferRegion        
7004bb51  EDMA_enableTransferRegion         
7004bbe1  EDMA_init                         
7004bc71  UART_writeCancelNoCB              
7004bcfc  close                             
7004be18  __TI_doflush                      
7004bea1  UART_lld_flushTxFifo              
7004bfb8  HOSTread                          
7004c03c  HOSTwrite                         
7004c0c1  MCSPI_lld_deInitDma               
7004c151  EDMA_allocDmaChannel              
7004c1e1  EDMA_allocParam                   
7004c271  EDMA_allocTcc                     
7004c4a1  MCSPI_setChDataSize               
7004c5a1  _DebugP_assert                    
7004c621  UART_Params_init                  
7004c6a1  EDMA_linkChannel                  
7004c7a1  EDMA_clrMissEvtRegion             
7004c821  ClockP_construct                  
7004c891  MCSPI_errorCallback               
7004c901  EDMA_deinit                       
7004c96c  HOSTunlink                        
7004ca51  EDMA_getBaseAddr                  
7004cb31  SOC_rcmGetR5Clock                 
7004cba1  SOC_rcmIsR5FInLockStepMode        
7004cc81  UART_lld_deInitDma                
7004cd54  HOSTclose                         
7004cdc1  UART_getChar                      
7004ce81  SemaphoreP_post                   
7004cf41  Module_clockSetFrequency          
7004cfa1  UART_lld_deInit                   
7004d061  UART_lld_dmaDisableChannel        
7004d1d8  __TI_cleanup                      
7004d230  __TI_readmsg                      
7004d288  __TI_writemsg                     
7004d2d4  C$$IO$$                           
7004d2e1  EDMA_setPaRAM                     
7004d394  exit                              
7004d3e8  finddevice                        
7004d43c  __TI_auto_init_nobinit_nopinit    
7004d6d1  SemaphoreP_construct              
7004d731  Drivers_edmaClose                 
7004d781  Drivers_mcspiClose                
7004d7d1  Drivers_uartClose                 
7004d821  Pinmux_config                     
7004d871  UART_checkCharsAvailInFifo        
7004d8c1  EDMA_clrEvtRegion                 
7004d911  EDMA_clrIntrRegion                
7004d961  EDMA_disableDmaEvtRegion          
7004d9b1  EDMA_disableEvtIntrRegion         
7004da01  EDMA_enableDmaEvtRegion           
7004da51  EDMA_enableEvtIntrRegion          
7004daa1  EDMA_setEvtRegion                 
7004daf1  GPIO_setDirMode                   
7004db91  UART_getHandle                    
7004dbe1  EDMA_ccPaRAMEntry_init            
7004dc31  EDMA_mapQdmaChToPaRAM             
7004dc81  EDMA_readEventStatusRegion        
7004dcd1  Module_clockDisable               
7004dd21  Module_clockEnable                
7004de11  UART_getIntrIdentityStatus        
7004df98  unlink                            
7004dfe1  DebugP_uartLogWriterPutChar       
7004e031  UART_readLineStatus               
7004e171  _DebugP_logZone                   
7004e211  ClockP_start                      
7004e4f1  UART_spaceAvail                   
7004e5f1  UART_IsTxRxFifoEmpty              
7004e6b1  SOC_moduleSetClockFrequency       
7004e7b1  Dpl_init                          
7004e7f1  EDMA_qdmaClrMissEvtRegion         
7004e871  MCSPI_lld_deInit                  
7004e8f1  EDMA_getRegionId                  
7004ea31  MCSPI_lld_dmaInit                 
7004ea71  MCSPI_reset                       
7004eab1  readADC                           
7004eb71  TimerP_Params_init                
7004ec58  lseek                             
7004ec8c  write                             
7004ed41  TimerP_getCount                   
7004ee30  CycleCounterP_getCount32          
7004ee38  PmuP_setup                        
7004ee40  PmuP_enableCounters               
7004ee48  PmuP_disableCounters              
7004ee50  PmuP_getOverflowStatus            
7004ee58  PmuP_clearOverflowStatus          
7004ee91  MCSPI_deinit                      
7004eec1  UART_deinit                       
7004eef1  UART_lld_dmaInit                  
7004ef81  SemaphoreP_constructBinary        
7004efb1  GPIO_init                         
7004efe1  UART_Transaction_init             
7004f011  UART_intr2Disable                 
7004f041  UART_lld_Transaction_init         
7004f071  UART_operatingModeSelect          
7004f0a1  CSL_armR5GetCpuID                 
7004f101  System_init                       
7004f131  vprintf_                          
7004f161  EDMA_disableQdmaEvtRegion         
7004f191  EDMA_enableQdmaEvtRegion          
7004f1c1  EDMA_getIntrStatusRegion          
7004f1f1  EDMA_intrStatusHighGetRegion      
7004f221  EDMA_isInitialized                
7004f2e1  main                              
7004f3a1  SemaphoreP_constructMutex         
7004f3f4  __aeabi_uldivmod                  
7004f451  EDMA_channelToParamMap            
7004f481  ClockP_isActive                   
7004f4a1  ClockP_usecToTicks                
7004f521  ClockP_Params_init                
7004f541  EDMA_getEventStatusHigh           
7004f581  SOC_getSelfCpuClk                 
7004f5a1  SOC_moduleClockEnable             
7004f5e1  UART_lld_Transaction_deInit       
7004f621  EDMA_getEventStatus               
7004f6a1  System_deinit                     
7004f6e1  putchar_                          
7004f734  TI_memcpy_small                   
7004f791  EDMA_clrCCErr                     
7004f7b1  EDMA_isInterruptEnabled           
7004f7d1  SemaphoreP_Params_init            
7004f7f1  TimerP_getReloadCount             
7004f851  UART_putChar                      
7004f868  TI_memset_small                   
7004f881  TimerP_start                      
7004f8a1  TimerP_stop                       
7004f901  DebugP_uartSetDrvIndex            
7004f961  TimerP_clearOverflowInt           
7004f981  Pinmux_init                       
7004fa01  ClockP_getTimerCount              
7004fa11  ClockP_timerClearOverflowInt      
7004fa21  Drivers_open                      
7004fa80  putchar                           
7004fa91  Board_driversOpen                 
7004fac1  ClockP_getTicks                   
7004fad1  PowerClock_init                   
7004fb21  Drivers_uartInit                  
7004fb31  PowerClock_deinit                 
7004fb61  SemaphoreP_destruct               
7004fb81  Board_deinit                      
7004fb91  Board_init                        
7004fba1  Dpl_deinit                        
7004fbb1  GPIO_deinit                       
7004fbc1  TaskP_yield                       
7004fbe0  gCacheConfig                      
7004fbe8  gMpuConfig                        
7004fbf4  gMpuRegionConfig                  
7004fd08  gADPLLJConfigTbl                  
700501b8  gPeripheralClkSrcInfoMap          
70050532  gCR5ClkSrcInfoMap                 
70050534  gXTALInfo                         
7005054c  gCacheL1dCacheLineSize            
70050550  gCacheL1pCacheLineSize            
70050560  __BSS_START                       
70050560  gHwiCtrl                          
70051488  _CIOBUF_                          
70051488  __CIOBUF_                         
700515a8  __TI_tmpnams                      
700516b0  gClockCtrl                        
700516e8  virtToPhymap                      
700516f8  parmbuf                           
70051708  csBaseAddr                        
7005170c  gEdmaHandle                       
70051710  gMcspiHandle                      
70051714  gUartHandle                       
70051718  __BSS_END                         
70051718  _sys_memory                       
70059718  __stack                           
7005d718  __STACK_END                       
7005d721  HwiP_irq_handler_c                
7005d861  HwiP_fiq_handler                  
7005d9c1  HwiP_reserved_handler             
7005da01  HwiP_user_undefined_handler_c     
7005da41  HwiP_undefined_handler_c          
7005da81  HwiP_svc_handler                  
7005dac1  HwiP_user_prefetch_abort_handler_c
7005db21  HwiP_prefetch_abort_handler_c     
7005dbf1  HwiP_user_data_abort_handler_c    
7005dc61  HwiP_data_abort_handler_c         
7005dd41  HwiP_enableInt                    
7005dd81  HwiP_disableInt                   
7005dde1  HwiP_restoreInt                   
7005de11  HwiP_clearInt                     
7005de51  HwiP_post                         
7005de91  HwiP_Params_init                  
7005dec1  HwiP_construct                    
7005e0c1  HwiP_destruct                     
7005e131  HwiP_init                         
7005e2e1  HwiP_inISR                        
7005e308  HwiP_irq_handler                  
7005e37c  HwiP_data_abort_handler           
7005e3c0  HwiP_prefetch_abort_handler       
7005e3f0  HwiP_undefined_handler            
7005e438  GET_DFSR                          
7005e440  GET_ADFSR                         
7005e448  GET_DFAR                          
7005e450  GET_IFSR                          
7005e458  GET_AIFSR                         
7005e460  GET_IFAR                          
7005e468  GET_SPSR                          
7005e480  HwiP_disable                      
7005e490  HwiP_disableFIQ                   
7005e4a0  HwiP_enable                       
7005e4b0  HwiP_enableFIQ                    
7005e4c0  HwiP_restore                      
7005e4c8  HwiP_enableVIC                    
7005e4d8  HwiP_disableVIC                   
7005e4e8  HwiP_getCPSR                      
7005e4f0  CacheP_disableL1d                 
7005e518  CacheP_disableL1p                 
7005e530  CacheP_enableL1d                  
7005e548  CacheP_enableL1p                  
7005e560  CacheP_invL1d                     
7005e598  CacheP_invL1p                     
7005e5d4  CacheP_invL1dAll                  
7005e5dc  CacheP_invL1pAll                  
7005e5e4  CacheP_wb                         
7005e620  CacheP_wbInv                      
7005e65c  CacheP_wbAll                      
7005e704  CacheP_wbInvAll                   
7005e71c  CacheP_wbInvAllAsm                
7005e7bc  CacheP_getEnabled                 
7005e7f4  CacheP_getCacheLevelInfo          
7005e800  CacheP_configForceWrThru          
7005e820  CacheP_setDLFO                    
7005e831  CacheP_init                       
7005e8c1  CacheP_disable                    
7005e911  CacheP_enable                     
7005e951  CacheP_inv                        
7005e991  MpuP_RegionAttrs_init             
7005e9c1  MpuP_setRegion                    
7005eab1  MpuP_isEnable                     
7005eac1  MpuP_disable                      
7005eb01  MpuP_enable                       
7005eb51  MpuP_init                         
7005ebe8  MpuP_disableAsm                   
7005ec00  MpuP_disableBRAsm                 
7005ec10  MpuP_enableAsm                    
7005ec28  MpuP_enableBRAsm                  
7005ec38  MpuP_isEnableAsm                  
7005ec4c  MpuP_setRegionAsm                 
7005ec60  _c_int00_sbl                      
7005ec84  _c_int00                          
7005edb1  _DebugP_assertNoLog               
7005ede1  _system_pre_init                  
7005ee11  __mpu_init                        
7005ee20  abort                             
7005ee28  _ftable                           
7005ee28  gMcspiDmaHandle                   
7005ee28  gUartDmaHandle                    
7005f050  _device                           
7005f12c  gUartParams                       
7005f184  _stream                           
7005f1d4  gConfigMcspi1ChCfg                
7005f270  gSocModulesClockFrequency         
7005f294  gClockConfig                      
7005f3b4  gMcspiOpenParams                  
7005f3c8  gAddrTranslateConfig              
7005f3d4  gSocModules                       
7005f3e0  __TI_cleanup_ptr                  
7005f3e4  __TI_dtors_ptr                    
7005f3e8  gEdmaConfig                       
7005f3f0  gMcspiConfig                      
7005f400  gUartConfig                       
7005f410  __TI_ft_end                       
7005f414  _lock                             
7005f418  _unlock                           
7005f41c  gConfigMcspiChCfg                 
7005f420  gDebugLogZone                     
7005f424  gDebugP_uartDrvIndex              
7005f428  gEdmaConfigNum                    
7005f42c  gEdmaParams                       
7005f430  gHwiConfig                        
7005f434  gMcspiConfigNum                   
7005f438  gMcspiDmaChConfig                 
7005f43c  gMcspiNumCh                       
7005f440  gSpiHandle                        
7005f444  gUartConfigNum                    
7005f448  gUartDmaChConfig                  
7005f44c  isMapAvailable                    
7005f458  __IRQ_STACK_START                 
7005f558  __FIQ_STACK_START                 
7005f558  __IRQ_STACK_END                   
7005f658  __FIQ_STACK_END                   
7005f658  __SVC_STACK_START                 
70060658  __ABORT_STACK_START               
70060658  __SVC_STACK_END                   
70060758  __ABORT_STACK_END                 
70060758  __UNDEFINED_STACK_START           
70060858  __UNDEFINED_STACK_END             
ffffffff  __TI_pprof_out_hndl               
ffffffff  __TI_prof_data_size               
ffffffff  __TI_prof_data_start              
ffffffff  __binit__                         
ffffffff  binit                             
UNDEFED   __TI_CINIT_Base                   
UNDEFED   __TI_CINIT_Limit                  
UNDEFED   __TI_Handler_Table_Base           
UNDEFED   __TI_Handler_Table_Limit          
UNDEFED   _system_post_cinit                

[415 symbols]
