******************************************************************************
            TI ARM Clang Linker PC v4.0.2                      
******************************************************************************
>> Linked Mon May  5 12:53:10 2025

OUTPUT FILE NAME:   <mcspi_loopback_am263px-cc_r5fss0-0_nortos_ti-arm-clang.out>
ENTRY POINT SYMBOL: "_vectors"  address: 00000000


MEMORY CONFIGURATION

         name            origin    length      used     unused   attr    fill
----------------------  --------  ---------  --------  --------  ----  --------
  R5F_VECS              00000000   00000040  00000040  00000000  RWIX
  R5F_TCMA              00000040   00007fc0  00000000  00007fc0  RWIX
  R5F_TCMB              00080000   00008000  00000000  00008000  RWIX
  MAILBOX_HSM           44000000   000003ce  00000000  000003ce  RWIX
  MAILBOX_R5F           44000400   000003ce  00000000  000003ce  RWIX
  FLASH                 60100000   00080000  00000000  00080000  RWIX
  SBL                   70000000   00040000  00000000  00040000  RWIX
  OCRAM                 70040000   00040000  000208c0  0001f740  RWIX
  USER_SHM_MEM          701d0000   00004000  00000000  00004000  RWIX
  LOG_SHM_MEM           701d4000   00004000  00000000  00004000  RWIX
  RTOS_NORTOS_IPC_SHM_M 72000000   00003e80  00000000  00003e80  RWIX


SEGMENT ALLOCATION MAP

run origin  load origin   length   init length attrs members
----------  ----------- ---------- ----------- ----- -------
00000000    00000000    00000040   00000040    r-x
  00000000    00000000    00000040   00000040    r-x .vectors
70040000    70040000    000105d0   000105d0    r-x
  70040000    70040000    0000fc60   0000fc60    r-x .text
  7004fc60    7004fc60    00000970   00000970    r-- .rodata
700505d0    700505d0    0000d1b8   00000000    rw-
  700505d0    700505d0    000011b8   00000000    rw- .bss
  70051788    70051788    00008000   00000000    rw- .sysmem
  70059788    70059788    00004000   00000000    rw- .stack
7005d790    7005d790    00001708   00001708    r-x
  7005d790    7005d790    00000dd0   00000dd0    r-x .text.hwi
  7005e560    7005e560    000004a0   000004a0    r-x .text.cache
  7005ea00    7005ea00    000002d0   000002d0    r-x .text.mpu
  7005ecd0    7005ecd0    000001c0   000001c0    r-x .text.boot
  7005ee90    7005ee90    00000008   00000008    r-x .text:abort
7005ee98    7005ee98    00001a30   00000630    rw-
  7005ee98    7005ee98    00000630   00000630    rw- .data
  7005f4c8    7005f4c8    00000100   00000000    rw- .irqstack
  7005f5c8    7005f5c8    00000100   00000000    rw- .fiqstack
  7005f6c8    7005f6c8    00001000   00000000    rw- .svcstack
  700606c8    700606c8    00000100   00000000    rw- .abortstack
  700607c8    700607c8    00000100   00000000    rw- .undefinedstack


SECTION ALLOCATION MAP

 output                                  attributes/
section   page    origin      length       input sections
--------  ----  ----------  ----------   ----------------
.vectors   0    00000000    00000040     
                  00000000    00000040     nortos.am263px.r5f.ti-arm-clang.debug.lib : HwiP_armv7r_vectors_nortos_asm.obj (.vectors)

.text      0    70040000    0000fc60     
                  70040000    00000a34     nortos.am263px.r5f.ti-arm-clang.debug.lib : printf.obj (.text._vsnprintf)
                  70040a34    0000000c     libclang_rt.builtins.a : aeabi_memset.S.obj (.text.__aeabi_memclr)
                  70040a40    00000678     drivers.am263px.r5f.ti-arm-clang.debug.lib : soc_rcm.obj (.text.SOC_rcmGetClkSrcAndDivReg)
                  700410b8    00000008     libsysbm.a : hostexit.c.obj (.text.HOSTexit)
                  700410c0    00000638     drivers.am263px.r5f.ti-arm-clang.debug.lib : soc_rcm.obj (.text.SOC_rcmEnablePeripheralClock)
                  700416f8    00000004     libclang_rt.builtins.a : aeabi_div0.c.obj (.text.__aeabi_ldiv0)
                  700416fc    00000004                            : aeabi_memcpy.S.obj (.text.__aeabi_memcpy)
                  70041700    000005e2     nortos.am263px.r5f.ti-arm-clang.debug.lib : printf.obj (.text._ftoa)
                  70041ce2    00000002     --HOLE-- [fill = 0]
                  70041ce4    0000000c     libc.a : memory.c.obj (.text.malloc)
                  70041cf0    000004cc     drivers.am263px.r5f.ti-arm-clang.debug.lib : mcspi_v0.obj (.text.MCSPI_open)
                  700421bc    00000004     libc.a : _lock.c.obj (.text._nop)
                  700421c0    000004b0     nortos.am263px.r5f.ti-arm-clang.debug.lib : printf.obj (.text._etoa)
                  70042670    0000042c     drivers.am263px.r5f.ti-arm-clang.debug.lib : uart_v0.obj (.text.UART_open)
                  70042a9c    00000004     libc.a : fseek.c.obj (.text.fseek)
                  70042aa0    00000390            : strcmp32.S.obj (.text:strcmp)
                  70042e30    00000346     drivers.am263px.r5f.ti-arm-clang.debug.lib : mcspi_v0_lld.obj (.text.MCSPI_transferControllerPoll)
                  70043176    00000002     --HOLE-- [fill = 0]
                  70043178    00000004     libsysbm.a : remove.c.obj (.text.remove)
                  7004317c    00000004     --HOLE-- [fill = 0]
                  70043180    00000336     drivers.am263px.r5f.ti-arm-clang.debug.lib : edma.obj (.text.EDMA_initialize)
                  700434b6    0000000a     --HOLE-- [fill = 0]
                  700434c0    00000302                                                : soc.obj (.text.SOC_virtToPhy)
                  700437c2    00000002     --HOLE-- [fill = 0]
                  700437c4    0000000c     nortos.am263px.r5f.ti-arm-clang.debug.lib : CpuId_armv7r_asm.obj (.text)
                  700437d0    000002cc     drivers.am263px.r5f.ti-arm-clang.debug.lib : mcspi_v0.obj (.text.MCSPI_transfer)
                  70043a9c    00000004     --HOLE-- [fill = 0]
                  70043aa0    0000029a                                                : mcspi_dma_edma.obj (.text.MCSPI_lld_dmaChInit)
                  70043d3a    00000006     --HOLE-- [fill = 0]
                  70043d40    0000027e                                                : uart_dma_edma.obj (.text.UART_edmaChInit)
                  70043fbe    00000002     --HOLE-- [fill = 0]
                  70043fc0    00000250                                                : edma.obj (.text.Alloc_resource)
                  70044210    00000242                                                : uart_v0_lld.obj (.text.UART_fifoConfig)
                  70044452    0000000e     --HOLE-- [fill = 0]
                  70044460    0000023e                                                : uart_v0_lld.obj (.text.UART_lld_controllerIsr)
                  7004469e    00000002     --HOLE-- [fill = 0]
                  700446a0    0000023e     nortos.am263px.r5f.ti-arm-clang.debug.lib : printf.obj (.text._ntoa_format)
                  700448de    00000002     --HOLE-- [fill = 0]
                  700448e0    0000023c     drivers.am263px.r5f.ti-arm-clang.debug.lib : mcspi_v0_lld.obj (.text.MCSPI_continueTxRx)
                  70044b1c    00000004     --HOLE-- [fill = 0]
                  70044b20    0000023a                                                : mcspi_dma_edma.obj (.text.MCSPI_lld_dmaDeInit)
                  70044d5a    00000006     --HOLE-- [fill = 0]
                  70044d60    0000022a                                                : mcspi_dma_edma.obj (.text.MCSPI_lld_dmaTransfer)
                  70044f8a    00000006     --HOLE-- [fill = 0]
                  70044f90    00000226                                                : uart_dma_edma.obj (.text.UART_lld_dmaDeInit)
                  700451b6    0000000a     --HOLE-- [fill = 0]
                  700451c0    000001d6     nortos.am263px.r5f.ti-arm-clang.debug.lib : TimerP_rti.obj (.text.TimerP_setup)
                  70045396    0000000a     --HOLE-- [fill = 0]
                  700453a0    000001d4     drivers.am263px.r5f.ti-arm-clang.debug.lib : mcspi_v0_lld.obj (.text.MCSPI_continuePeripheralTxRx)
                  70045574    0000000c     --HOLE-- [fill = 0]
                  70045580    000001d4                                                : mcspi_v0_lld.obj (.text.MCSPI_setChConfig)
                  70045754    0000000c     --HOLE-- [fill = 0]
                  70045760    000001cc                                                : mcspi_v0_lld.obj (.text.MCSPI_lld_readWrite)
                  7004592c    00000004     --HOLE-- [fill = 0]
                  70045930    000001ca                                                : edma.obj (.text.EDMA_deinitialize)
                  70045afa    00000006     --HOLE-- [fill = 0]
                  70045b00    000001b2                                                : uart_v0.obj (.text.UART_close)
                  70045cb2    0000000e     --HOLE-- [fill = 0]
                  70045cc0    000001aa                                                : uart_dma_edma.obj (.text.UART_lld_dmaWrite)
                  70045e6a    00000006     --HOLE-- [fill = 0]
                  70045e70    000001aa                                                : uart_v0.obj (.text.UART_write)
                  7004601a    00000002     --HOLE-- [fill = 0]
                  7004601c    000001a8     libc.a : memory.c.obj (.text.free)
                  700461c4    000001a4            : memory.c.obj (.text.aligned_alloc)
                  70046368    00000008     --HOLE-- [fill = 0]
                  70046370    000001a0     drivers.am263px.r5f.ti-arm-clang.debug.lib : mcspi_v0_lld.obj (.text.MCSPI_lld_readWriteIntr)
                  70046510    00000196                                                : edma.obj (.text.EDMA_transferCompletionMasterIsrFxn)
                  700466a6    0000000a     --HOLE-- [fill = 0]
                  700466b0    00000196                                                : mcspi_v0_lld.obj (.text.MCSPI_lld_initDma)
                  70046846    0000000a     --HOLE-- [fill = 0]
                  70046850    00000192                                                : mcspi_v0.obj (.text.MCSPI_close)
                  700469e2    0000000e     --HOLE-- [fill = 0]
                  700469f0    00000170                                                : mcspi_v0_lld.obj (.text.MCSPI_lld_init)
                  70046b60    00000164                                                : mcspi_v0_lld.obj (.text.MCSPI_lld_readWriteDma)
                  70046cc4    0000000c     --HOLE-- [fill = 0]
                  70046cd0    0000015a                                                : edma.obj (.text.EDMA_unregisterIntr)
                  70046e2a    00000006     --HOLE-- [fill = 0]
                  70046e30    00000158                                                : soc.obj (.text.SOC_controlModuleUnlockMMR)
                  70046f88    00000008     --HOLE-- [fill = 0]
                  70046f90    00000152                                                : uart_v0_lld.obj (.text.UART_lld_initDma)
                  700470e2    00000002     --HOLE-- [fill = 0]
                  700470e4    00000144     libc.a : setvbuf.c.obj (.text.setvbuf)
                  70047228    00000008     --HOLE-- [fill = 0]
                  70047230    00000142     drivers.am263px.r5f.ti-arm-clang.debug.lib : mcspi_v0_lld.obj (.text.MCSPI_setFifoConfig)
                  70047372    0000000e     --HOLE-- [fill = 0]
                  70047380    0000013e                                                : uart_v0_lld.obj (.text.UART_procLineStatusErr)
                  700474be    00000002     --HOLE-- [fill = 0]
                  700474c0    0000013c     nortos.am263px.r5f.ti-arm-clang.debug.lib : ClockP_nortos_r5.obj (.text.ClockP_init)
                  700475fc    00000004     --HOLE-- [fill = 0]
                  70047600    0000013a     drivers.am263px.r5f.ti-arm-clang.debug.lib : edma.obj (.text.EDMA_isDmaChannelAllocated)
                  7004773a    00000006     --HOLE-- [fill = 0]
                  70047740    0000013a                                                : edma.obj (.text.EDMA_open)
                  7004787a    00000006     --HOLE-- [fill = 0]
                  70047880    00000138     nortos.am263px.r5f.ti-arm-clang.debug.lib : printf.obj (.text._ntoa_long_long)
                  700479b8    00000008     --HOLE-- [fill = 0]
                  700479c0    00000134     drivers.am263px.r5f.ti-arm-clang.debug.lib : mcspi_dma_edma.obj (.text.MCSPI_edmaIsrTx)
                  70047af4    0000000c     --HOLE-- [fill = 0]
                  70047b00    00000134                                                : uart_v0_lld.obj (.text.UART_writePolling)
                  70047c34    0000000c     --HOLE-- [fill = 0]
                  70047c40    0000012e                                                : edma.obj (.text.EDMA_registerIntr)
                  70047d6e    00000002     --HOLE-- [fill = 0]
                  70047d70    0000012c                                                : uart_v0_lld.obj (.text.UART_lld_init)
                  70047e9c    00000004     --HOLE-- [fill = 0]
                  70047ea0    00000126                                                : soc.obj (.text.SOC_controlModuleLockMMR)
                  70047fc6    0000000a     --HOLE-- [fill = 0]
                  70047fd0    0000011c                                                : soc_rcm.obj (.text.SOC_rcmGetPeripheralClockFrequency)
                  700480ec    00000004     --HOLE-- [fill = 0]
                  700480f0    0000011c                                                : uart_dma_edma.obj (.text.UART_lld_dmaRead)
                  7004820c    00000118     libclang_rt.builtins.a : udivmoddi4.S.obj (.text)
                  70048324    0000000c     --HOLE-- [fill = 0]
                  70048330    00000116     drivers.am263px.r5f.ti-arm-clang.debug.lib : edma.obj (.text.EDMA_isTccAllocated)
                  70048446    0000000a     --HOLE-- [fill = 0]
                  70048450    00000116                                                : uart_v0_lld.obj (.text.UART_divisorLatchWrite)
                  70048566    0000000a     --HOLE-- [fill = 0]
                  70048570    00000114                                                : uart_dma_edma.obj (.text.UART_edmaIsrTx)
                  70048684    0000000c     --HOLE-- [fill = 0]
                  70048690    00000114     nortos.am263px.r5f.ti-arm-clang.debug.lib : printf.obj (.text._ntoa_long)
                  700487a4    0000000c     --HOLE-- [fill = 0]
                  700487b0    0000010e     drivers.am263px.r5f.ti-arm-clang.debug.lib : mcspi_dma_edma.obj (.text.MCSPI_lld_dmaStop)
                  700488be    00000002     --HOLE-- [fill = 0]
                  700488c0    0000010e                                                : soc_rcm.obj (.text.SOC_rcmADPLLJGetFOut)
                  700489ce    00000002     --HOLE-- [fill = 0]
                  700489d0    00000104                                                : uart_v0_lld.obj (.text.UART_configInstance)
                  70048ad4    0000000c     --HOLE-- [fill = 0]
                  70048ae0    000000fc                                                : mcspi_dma_edma.obj (.text.MCSPI_dmaStart)
                  70048bdc    00000004     --HOLE-- [fill = 0]
                  70048be0    000000f6     nortos.am263px.r5f.ti-arm-clang.debug.lib : SemaphoreP_nortos.obj (.text.SemaphoreP_pend)
                  70048cd6    0000000a     --HOLE-- [fill = 0]
                  70048ce0    000000f2     drivers.am263px.r5f.ti-arm-clang.debug.lib : mcspi_v0_lld.obj (.text.MCSPI_initiateLastChunkTransfer)
                  70048dd2    0000000e     --HOLE-- [fill = 0]
                  70048de0    000000f0                                                : mcspi_v0_lld.obj (.text.MCSPI_setPeripheralFifoConfig)
                  70048ed0    000000f0     libc.a : fputc.c.obj (.text.fputc)
                  70048fc0    000000ea     drivers.am263px.r5f.ti-arm-clang.debug.lib : mcspi_v0_lld.obj (.text.MCSPI_setClkConfig)
                  700490aa    00000006     --HOLE-- [fill = 0]
                  700490b0    000000e6                                                : soc_rcm.obj (.text.SOC_rcmGetCoreFout)
                  70049196    0000000a     --HOLE-- [fill = 0]
                  700491a0    000000e6                                                : soc_rcm.obj (.text.SOC_rcmGetPerFout)
                  70049286    0000000a     --HOLE-- [fill = 0]
                  70049290    000000e4                                                : edma.obj (.text.EDMA_freeChannelRegion)
                  70049374    0000000c     --HOLE-- [fill = 0]
                  70049380    000000e4                                                : mcspi_dma_edma.obj (.text.MCSPI_edmaIsrRx)
                  70049464    0000000c     --HOLE-- [fill = 0]
                  70049470    000000e2                                                : edma.obj (.text.EDMA_freeParam)
                  70049552    0000000e     --HOLE-- [fill = 0]
                  70049560    000000e0                                                : edma.obj (.text.EDMA_freeDmaChannel)
                  70049640    000000e0                                                : edma.obj (.text.EDMA_freeTcc)
                  70049720    000000de                                                : uart_v0_lld.obj (.text.UART_intrEnable)
                  700497fe    00000002     --HOLE-- [fill = 0]
                  70049800    000000da                                                : mcspi_v0_lld.obj (.text.MCSPI_stop)
                  700498da    00000006     --HOLE-- [fill = 0]
                  700498e0    000000da                                                : uart_v0_lld.obj (.text.UART_intrDisable)
                  700499ba    00000006     --HOLE-- [fill = 0]
                  700499c0    000000d8                                                : mcspi_v0_lld.obj (.text.MCSPI_lld_peripheralIsr)
                  70049a98    00000008     --HOLE-- [fill = 0]
                  70049aa0    000000d6                                                : mcspi_v0_lld.obj (.text.MCSPI_transferPeripheralPoll)
                  70049b76    0000000a     --HOLE-- [fill = 0]
                  70049b80    000000d2                                                : uart_v0_lld.obj (.text.UART_lld_write)
                  70049c52    0000000e     --HOLE-- [fill = 0]
                  70049c60    000000d0     nortos.am263px.r5f.ti-arm-clang.debug.lib : AddrTranslateP_32bit.obj (.text.AddrTranslateP_getLocalAddr)
                  70049d30    000000ce     drivers.am263px.r5f.ti-arm-clang.debug.lib : edma.obj (.text.EDMA_disableChInShadowRegRegion)
                  70049dfe    00000002     --HOLE-- [fill = 0]
                  70049e00    000000cc                                                : edma.obj (.text.EDMA_enableChInShadowRegRegion)
                  70049ecc    00000004     --HOLE-- [fill = 0]
                  70049ed0    000000c8                                                : uart_v0_lld.obj (.text.UART_lld_writeDma)
                  70049f98    000000c8     libc.a : getdevice.c.obj (.text.getdevice)
                  7004a060    000000c6     drivers.am263px.r5f.ti-arm-clang.debug.lib : uart_v0_lld.obj (.text.UART_lld_writeIntr)
                  7004a126    0000000a     --HOLE-- [fill = 0]
                  7004a130    000000c4                                                : edma.obj (.text.EDMA_mapChToEvtQ)
                  7004a1f4    0000000c     --HOLE-- [fill = 0]
                  7004a200    000000c4                                                : uart_v0.obj (.text.UART_flushTxFifo)
                  7004a2c4    0000000c     --HOLE-- [fill = 0]
                  7004a2d0    000000c0                                                : edma.obj (.text.EDMA_configureChannelRegion)
                  7004a390    000000c0                                                : soc_rcm.obj (.text.SOC_rcmGetPerHSDivOut)
                  7004a450    000000c0     nortos.am263px.r5f.ti-arm-clang.debug.lib : printf.obj (.text._out_rev)
                  7004a510    000000be                                               : ClockP_nortos.obj (.text.ClockP_timerTickIsr)
                  7004a5ce    00000002     --HOLE-- [fill = 0]
                  7004a5d0    000000ba                                               : ClockP_nortos.obj (.text.ClockP_stop)
                  7004a68a    00000006     --HOLE-- [fill = 0]
                  7004a690    000000b6     drivers.am263px.r5f.ti-arm-clang.debug.lib : mcspi_v0_lld.obj (.text.MCSPI_fifoRead)
                  7004a746    0000000a     --HOLE-- [fill = 0]
                  7004a750    000000b6     mcspi_loopback.o (.text.SPI_ReadWrite)
                  7004a806    0000000a     --HOLE-- [fill = 0]
                  7004a810    000000b6     drivers.am263px.r5f.ti-arm-clang.debug.lib : uart_v0_lld.obj (.text.UART_fifoWrite)
                  7004a8c6    00000002     --HOLE-- [fill = 0]
                  7004a8c8    000000b4     libc.a : fseek.c.obj (.text.fseeko)
                  7004a97c    00000004     --HOLE-- [fill = 0]
                  7004a980    000000b0     drivers.am263px.r5f.ti-arm-clang.debug.lib : soc_rcm.obj (.text.SOC_rcmSetPeripheralClock)
                  7004aa30    000000b0                                                : uart_v0.obj (.text.UART_init)
                  7004aae0    000000b0     libc.a : fclose.c.obj (.text.__TI_closefile)
                  7004ab90    000000ac     drivers.am263px.r5f.ti-arm-clang.debug.lib : mcspi_v0_lld.obj (.text.MCSPI_lld_controllerIsr)
                  7004ac3c    00000004     --HOLE-- [fill = 0]
                  7004ac40    000000aa     ti_drivers_open_close.o (.text.Drivers_mcspiOpen)
                  7004acea    00000006     --HOLE-- [fill = 0]
                  7004acf0    000000aa     ti_drivers_open_close.o (.text.Drivers_uartOpen)
                  7004ad9a    00000006     --HOLE-- [fill = 0]
                  7004ada0    000000aa     drivers.am263px.r5f.ti-arm-clang.debug.lib : edma.obj (.text.EDMA_close)
                  7004ae4a    00000006     --HOLE-- [fill = 0]
                  7004ae50    000000a8     nortos.am263px.r5f.ti-arm-clang.debug.lib : ClockP_nortos.obj (.text.ClockP_addToList)
                  7004aef8    00000008     --HOLE-- [fill = 0]
                  7004af00    000000a8                                               : ClockP_nortos.obj (.text.ClockP_destruct)
                  7004afa8    00000008     --HOLE-- [fill = 0]
                  7004afb0    000000a8                                               : PmuP_armv7r.obj (.text.pmu)
                  7004b058    00000008     --HOLE-- [fill = 0]
                  7004b060    000000a6     ti_drivers_open_close.o (.text.Drivers_edmaOpen)
                  7004b106    00000002     --HOLE-- [fill = 0]
                  7004b108    000000a4     libc.a : memory.c.obj (.text.split)
                  7004b1ac    000000a0     libsysbm.a : hostrename.c.obj (.text.HOSTrename)
                  7004b24c    00000004     --HOLE-- [fill = 0]
                  7004b250    000000a0     drivers.am263px.r5f.ti-arm-clang.debug.lib : soc_rcm.obj (.text.SOC_rcmGetCoreHSDivOut)
                  7004b2f0    000000a0     mcspi_loopback.o (.text.mcspi_loopback_main)
                  7004b390    0000009c     libc.a : _io_perm.c.obj (.text.__TI_wrt_ok)
                  7004b42c    00000098     libsysbm.a : hostlseek.c.obj (.text.HOSTlseek)
                  7004b4c4    0000000c     --HOLE-- [fill = 0]
                  7004b4d0    00000096     drivers.am263px.r5f.ti-arm-clang.debug.lib : mcspi_v0.obj (.text.MCSPI_init)
                  7004b566    0000000a     --HOLE-- [fill = 0]
                  7004b570    00000096                                                : mcspi_v0.obj (.text.MCSPI_transferCallback)
                  7004b606    0000000a     --HOLE-- [fill = 0]
                  7004b610    00000096                                                : uart_v0_lld.obj (.text.UART_subConfigTCRTLRModeEn)
                  7004b6a6    00000002     --HOLE-- [fill = 0]
                  7004b6a8    00000094     libsysbm.a : hostopen.c.obj (.text.HOSTopen)
                  7004b73c    00000004     --HOLE-- [fill = 0]
                  7004b740    00000094     drivers.am263px.r5f.ti-arm-clang.debug.lib : mcspi_v0_lld.obj (.text.MCSPI_lld_isBaseAddrValid)
                  7004b7d4    0000000c     --HOLE-- [fill = 0]
                  7004b7e0    00000092     nortos.am263px.r5f.ti-arm-clang.debug.lib : ClockP_nortos.obj (.text.ClockP_getTimeUsec)
                  7004b872    0000000e     --HOLE-- [fill = 0]
                  7004b880    00000092     drivers.am263px.r5f.ti-arm-clang.debug.lib : edma.obj (.text.EDMA_unmapChToEvtQ)
                  7004b912    0000000e     --HOLE-- [fill = 0]
                  7004b920    00000090                                                : mcspi_v0_lld.obj (.text.MCSPI_configInstance)
                  7004b9b0    00000090                                                : mcspi_v0_lld.obj (.text.MCSPI_fifoWrite)
                  7004ba40    0000008e                                                : mcspi_v0_lld.obj (.text.MCSPI_transferControllerIntr)
                  7004bace    00000002     --HOLE-- [fill = 0]
                  7004bad0    0000008c                                                : edma.obj (.text.EDMA_disableTransferRegion)
                  7004bb5c    00000004     --HOLE-- [fill = 0]
                  7004bb60    0000008c                                                : edma.obj (.text.EDMA_enableTransferRegion)
                  7004bbec    00000004     --HOLE-- [fill = 0]
                  7004bbf0    0000008c                                                : edma.obj (.text.EDMA_init)
                  7004bc7c    00000004     --HOLE-- [fill = 0]
                  7004bc80    0000008c                                                : uart_v0_lld.obj (.text.UART_writeCancelNoCB)
                  7004bd0c    0000008c     libsysbm.a : close.c.obj (.text.close)
                  7004bd98    00000008     --HOLE-- [fill = 0]
                  7004bda0    00000088     drivers.am263px.r5f.ti-arm-clang.debug.lib : uart_dma_edma.obj (.text.UART_edmaIsrRx)
                  7004be28    00000088     libc.a : fflush.c.obj (.text.__TI_doflush)
                  7004beb0    00000086     drivers.am263px.r5f.ti-arm-clang.debug.lib : uart_v0_lld.obj (.text.UART_lld_flushTxFifo)
                  7004bf36    0000000a     --HOLE-- [fill = 0]
                  7004bf40    00000086                                                : uart_v0_lld.obj (.text.UART_tcrTlrBitValRestore)
                  7004bfc6    00000002     --HOLE-- [fill = 0]
                  7004bfc8    00000084     libsysbm.a : hostread.c.obj (.text.HOSTread)
                  7004c04c    00000084                : hostwrite.c.obj (.text.HOSTwrite)
                  7004c0d0    00000084     drivers.am263px.r5f.ti-arm-clang.debug.lib : mcspi_v0_lld.obj (.text.MCSPI_lld_deInitDma)
                  7004c154    0000000c     --HOLE-- [fill = 0]
                  7004c160    00000082                                                : edma.obj (.text.EDMA_allocDmaChannel)
                  7004c1e2    0000000e     --HOLE-- [fill = 0]
                  7004c1f0    00000082                                                : edma.obj (.text.EDMA_allocParam)
                  7004c272    0000000e     --HOLE-- [fill = 0]
                  7004c280    00000082                                                : edma.obj (.text.EDMA_allocTcc)
                  7004c302    0000000e     --HOLE-- [fill = 0]
                  7004c310    00000082                                                : edma.obj (.text.EDMA_disableTccInShadowRegRegion)
                  7004c392    0000000e     --HOLE-- [fill = 0]
                  7004c3a0    00000082                                                : edma.obj (.text.EDMA_enableTccInShadowRegRegion)
                  7004c422    0000000e     --HOLE-- [fill = 0]
                  7004c430    00000080                                                : uart_v0_lld.obj (.text.UART_moduleReset)
                  7004c4b0    0000007e                                                : mcspi_v0_lld.obj (.text.MCSPI_setChDataSize)
                  7004c52e    00000002     --HOLE-- [fill = 0]
                  7004c530    0000007e                                                : uart_v0_lld.obj (.text.UART_readData)
                  7004c5ae    00000002     --HOLE-- [fill = 0]
                  7004c5b0    0000007c     nortos.am263px.r5f.ti-arm-clang.debug.lib : DebugP_log.obj (.text._DebugP_assert)
                  7004c62c    00000004     --HOLE-- [fill = 0]
                  7004c630    0000007a     drivers.am263px.r5f.ti-arm-clang.debug.lib : uart_v0.obj (.text.UART_Params_init)
                  7004c6aa    00000006     --HOLE-- [fill = 0]
                  7004c6b0    00000078                                                : edma.obj (.text.EDMA_linkChannel)
                  7004c728    00000008     --HOLE-- [fill = 0]
                  7004c730    00000074                                                : uart_v0_lld.obj (.text.UART_IsBaseAddrValid)
                  7004c7a4    0000000c     --HOLE-- [fill = 0]
                  7004c7b0    00000072     nortos.am263px.r5f.ti-arm-clang.debug.lib : ClockP_nortos.obj (.text.ClockP_usleep)
                  7004c822    0000000e     --HOLE-- [fill = 0]
                  7004c830    00000072     drivers.am263px.r5f.ti-arm-clang.debug.lib : edma.obj (.text.EDMA_clrMissEvtRegion)
                  7004c8a2    0000000e     --HOLE-- [fill = 0]
                  7004c8b0    00000070     nortos.am263px.r5f.ti-arm-clang.debug.lib : ClockP_nortos.obj (.text.ClockP_construct)
                  7004c920    0000006e     drivers.am263px.r5f.ti-arm-clang.debug.lib : mcspi_v0.obj (.text.MCSPI_errorCallback)
                  7004c98e    00000002     --HOLE-- [fill = 0]
                  7004c990    0000006c                                                : edma.obj (.text.EDMA_deinit)
                  7004c9fc    0000006c     libsysbm.a : hostunlink.c.obj (.text.HOSTunlink)
                  7004ca68    00000008     --HOLE-- [fill = 0]
                  7004ca70    0000006a     drivers.am263px.r5f.ti-arm-clang.debug.lib : mcspi_v0_lld.obj (.text.MCSPI_lld_chConfig)
                  7004cada    00000006     --HOLE-- [fill = 0]
                  7004cae0    00000068                                                : edma.obj (.text.EDMA_getBaseAddr)
                  7004cb48    00000008     --HOLE-- [fill = 0]
                  7004cb50    00000068                                                : uart_v0_lld.obj (.text.UART_divisorValCompute)
                  7004cbb8    00000008     --HOLE-- [fill = 0]
                  7004cbc0    00000064                                                : soc_rcm.obj (.text.SOC_rcmGetR5Clock)
                  7004cc24    0000000c     --HOLE-- [fill = 0]
                  7004cc30    00000064                                                : soc_rcm.obj (.text.SOC_rcmIsR5FInLockStepMode)
                  7004cc94    0000000c     --HOLE-- [fill = 0]
                  7004cca0    00000064                                                : uart_v0_lld.obj (.text.UART_fifoRegisterWrite)
                  7004cd04    0000000c     --HOLE-- [fill = 0]
                  7004cd10    00000064                                                : uart_v0_lld.obj (.text.UART_lld_deInitDma)
                  7004cd74    0000000c     --HOLE-- [fill = 0]
                  7004cd80    00000062                                                : soc_rcm.obj (.text.SOC_rcmInsert16)
                  7004cde2    00000002     --HOLE-- [fill = 0]
                  7004cde4    00000060     libsysbm.a : hostclose.c.obj (.text.HOSTclose)
                  7004ce44    0000000c     --HOLE-- [fill = 0]
                  7004ce50    00000060     drivers.am263px.r5f.ti-arm-clang.debug.lib : uart_v0_lld.obj (.text.UART_getChar)
                  7004ceb0    00000060                                                : uart_v0_lld.obj (.text.UART_writeData)
                  7004cf10    0000005e     nortos.am263px.r5f.ti-arm-clang.debug.lib : SemaphoreP_nortos.obj (.text.SemaphoreP_post)
                  7004cf6e    00000002     --HOLE-- [fill = 0]
                  7004cf70    0000005c     drivers.am263px.r5f.ti-arm-clang.debug.lib : mcspi_v0_lld.obj (.text.MCSPI_fifoReadMultiWord)
                  7004cfcc    00000004     --HOLE-- [fill = 0]
                  7004cfd0    0000005c     ti_power_clock_config.o (.text.Module_clockSetFrequency)
                  7004d02c    00000004     --HOLE-- [fill = 0]
                  7004d030    0000005c     drivers.am263px.r5f.ti-arm-clang.debug.lib : uart_v0_lld.obj (.text.UART_lld_deInit)
                  7004d08c    00000004     --HOLE-- [fill = 0]
                  7004d090    0000005c                                                : uart_v0.obj (.text.UART_lld_writeCompleteCallback)
                  7004d0ec    00000004     --HOLE-- [fill = 0]
                  7004d0f0    0000005a                                                : uart_dma_edma.obj (.text.UART_lld_dmaDisableChannel)
                  7004d14a    00000006     --HOLE-- [fill = 0]
                  7004d150    0000005a                                                : uart_v0.obj (.text.UART_lld_readCompleteCallback)
                  7004d1aa    00000006     --HOLE-- [fill = 0]
                  7004d1b0    0000005a                                                : uart_v0_lld.obj (.text.UART_regConfigModeEnable)
                  7004d20a    00000006     --HOLE-- [fill = 0]
                  7004d210    00000058                                                : soc_rcm.obj (.text.SOC_rcmGetModuleClkDivVal)
                  7004d268    00000058     libc.a : fopen.c.obj (.text.__TI_cleanup)
                  7004d2c0    00000058     libsysbm.a : trgmsg.c.obj (.text.__TI_readmsg)
                  7004d318    00000058                : trgmsg.c.obj (.text.__TI_writemsg)
                  7004d370    00000054     drivers.am263px.r5f.ti-arm-clang.debug.lib : edma.obj (.text.EDMA_setPaRAM)
                  7004d3c4    0000000c     --HOLE-- [fill = 0]
                  7004d3d0    00000054                                                : uart_v0_lld.obj (.text.UART_OperModeValid)
                  7004d424    00000054     libc.a : exit.c.obj (.text.exit)
                  7004d478    00000054            : getdevice.c.obj (.text.finddevice)
                  7004d4cc    00000054            : autoinit.c.obj (.text:__TI_auto_init_nobinit_nopinit)
                  7004d520    00000052     drivers.am263px.r5f.ti-arm-clang.debug.lib : mcspi_v0_lld.obj (.text.MCSPI_fifoRead16)
                  7004d572    0000000e     --HOLE-- [fill = 0]
                  7004d580    00000052                                                : mcspi_v0_lld.obj (.text.MCSPI_fifoRead32)
                  7004d5d2    0000000e     --HOLE-- [fill = 0]
                  7004d5e0    00000052                                                : mcspi_v0_lld.obj (.text.MCSPI_fifoRead8)
                  7004d632    0000000e     --HOLE-- [fill = 0]
                  7004d640    00000052                                                : mcspi_v0_lld.obj (.text.MCSPI_fifoWrite16)
                  7004d692    0000000e     --HOLE-- [fill = 0]
                  7004d6a0    00000052                                                : mcspi_v0_lld.obj (.text.MCSPI_fifoWrite32)
                  7004d6f2    0000000e     --HOLE-- [fill = 0]
                  7004d700    00000052                                                : mcspi_v0_lld.obj (.text.MCSPI_fifoWrite8)
                  7004d752    0000000e     --HOLE-- [fill = 0]
                  7004d760    00000052     nortos.am263px.r5f.ti-arm-clang.debug.lib : SemaphoreP_nortos.obj (.text.SemaphoreP_construct)
                  7004d7b2    0000000e     --HOLE-- [fill = 0]
                  7004d7c0    00000050     ti_drivers_open_close.o (.text.Drivers_edmaClose)
                  7004d810    00000050     ti_drivers_open_close.o (.text.Drivers_mcspiClose)
                  7004d860    00000050     ti_drivers_open_close.o (.text.Drivers_uartClose)
                  7004d8b0    00000050     drivers.am263px.r5f.ti-arm-clang.debug.lib : pinmux.obj (.text.Pinmux_config)
                  7004d900    00000050                                                : uart_v0_lld.obj (.text.UART_checkCharsAvailInFifo)
                  7004d950    0000004e                                                : edma.obj (.text.EDMA_clrEvtRegion)
                  7004d99e    00000002     --HOLE-- [fill = 0]
                  7004d9a0    0000004e                                                : edma.obj (.text.EDMA_clrIntrRegion)
                  7004d9ee    00000002     --HOLE-- [fill = 0]
                  7004d9f0    0000004e                                                : edma.obj (.text.EDMA_disableDmaEvtRegion)
                  7004da3e    00000002     --HOLE-- [fill = 0]
                  7004da40    0000004e                                                : edma.obj (.text.EDMA_disableEvtIntrRegion)
                  7004da8e    00000002     --HOLE-- [fill = 0]
                  7004da90    0000004e                                                : edma.obj (.text.EDMA_enableDmaEvtRegion)
                  7004dade    00000002     --HOLE-- [fill = 0]
                  7004dae0    0000004e                                                : edma.obj (.text.EDMA_enableEvtIntrRegion)
                  7004db2e    00000002     --HOLE-- [fill = 0]
                  7004db30    0000004e                                                : edma.obj (.text.EDMA_setEvtRegion)
                  7004db7e    00000002     --HOLE-- [fill = 0]
                  7004db80    0000004e                                                : gpio.obj (.text.GPIO_setDirMode)
                  7004dbce    00000002     --HOLE-- [fill = 0]
                  7004dbd0    0000004e                                                : mcspi_v0_lld.obj (.text.MCSPI_getFifoTrigLvl)
                  7004dc1e    00000002     --HOLE-- [fill = 0]
                  7004dc20    0000004e                                                : uart_v0.obj (.text.UART_getHandle)
                  7004dc6e    00000002     --HOLE-- [fill = 0]
                  7004dc70    0000004c                                                : edma.obj (.text.EDMA_ccPaRAMEntry_init)
                  7004dcbc    00000004     --HOLE-- [fill = 0]
                  7004dcc0    0000004c                                                : edma.obj (.text.EDMA_mapQdmaChToPaRAM)
                  7004dd0c    00000004     --HOLE-- [fill = 0]
                  7004dd10    0000004c                                                : edma.obj (.text.EDMA_readEventStatusRegion)
                  7004dd5c    00000004     --HOLE-- [fill = 0]
                  7004dd60    0000004c     ti_power_clock_config.o (.text.Module_clockDisable)
                  7004ddac    00000004     --HOLE-- [fill = 0]
                  7004ddb0    0000004c     ti_power_clock_config.o (.text.Module_clockEnable)
                  7004ddfc    00000004     --HOLE-- [fill = 0]
                  7004de00    0000004a     drivers.am263px.r5f.ti-arm-clang.debug.lib : mcspi_v0_lld.obj (.text.MCSPI_fifoWriteMultiWord)
                  7004de4a    00000006     --HOLE-- [fill = 0]
                  7004de50    0000004a                                                : mcspi_v0_lld.obj (.text.MCSPI_transferPeripheralIntr)
                  7004de9a    00000006     --HOLE-- [fill = 0]
                  7004dea0    0000004a                                                : uart_v0_lld.obj (.text.UART_getIntrIdentityStatus)
                  7004deea    00000006     --HOLE-- [fill = 0]
                  7004def0    0000004a                                                : uart_v0_lld.obj (.text.UART_lineCharConfig)
                  7004df3a    00000006     --HOLE-- [fill = 0]
                  7004df40    00000048                                                : mcspi_v0_lld.obj (.text.MCSPI_checkChConfig)
                  7004df88    00000008     --HOLE-- [fill = 0]
                  7004df90    00000048                                                : soc_rcm.obj (.text.SOC_rcmGetCR5SysclkInFrequency)
                  7004dfd8    00000008     --HOLE-- [fill = 0]
                  7004dfe0    00000048                                                : uart_v0_lld.obj (.text.UART_resetModule)
                  7004e028    00000048     libsysbm.a : unlink.c.obj (.text.unlink)
                  7004e070    00000046     nortos.am263px.r5f.ti-arm-clang.debug.lib : DebugP_uartLogWriter.obj (.text.DebugP_uartLogWriterPutChar)
                  7004e0b6    0000000a     --HOLE-- [fill = 0]
                  7004e0c0    00000046     drivers.am263px.r5f.ti-arm-clang.debug.lib : uart_v0_lld.obj (.text.UART_readLineStatus)
                  7004e106    0000000a     --HOLE-- [fill = 0]
                  7004e110    00000044                                                : mcspi_v0.obj (.text.MCSPI_checkOpenParams)
                  7004e154    0000000c     --HOLE-- [fill = 0]
                  7004e160    00000044                                                : soc_rcm.obj (.text.SOC_rcmExtract8)
                  7004e1a4    0000000c     --HOLE-- [fill = 0]
                  7004e1b0    00000044                                                : soc_rcm.obj (.text.SOC_rcmMake16)
                  7004e1f4    0000000c     --HOLE-- [fill = 0]
                  7004e200    00000044     nortos.am263px.r5f.ti-arm-clang.debug.lib : DebugP_nortos.obj (.text._DebugP_logZone)
                  7004e244    0000000c     --HOLE-- [fill = 0]
                  7004e250    00000044                                               : printf.obj (.text._strnlen_s)
                  7004e294    0000000c     --HOLE-- [fill = 0]
                  7004e2a0    00000042                                               : ClockP_nortos.obj (.text.ClockP_start)
                  7004e2e2    0000000e     --HOLE-- [fill = 0]
                  7004e2f0    00000042     drivers.am263px.r5f.ti-arm-clang.debug.lib : uart_v0.obj (.text.UART_checkOpenParams)
                  7004e332    0000000e     --HOLE-- [fill = 0]
                  7004e340    00000040                                                : mcspi_v0_lld.obj (.text.MCSPI_fifoWriteDefault)
                  7004e380    00000040                                                : mcspi_v0_lld.obj (.text.Spi_mcspiGetRxMask)
                  7004e3c0    00000040                                                : mcspi_v0_lld.obj (.text.Spi_mcspiGetTxMask)
                  7004e400    00000040     libc.a : memory.c.obj (.text.free_list_insert)
                  7004e440    0000003e     drivers.am263px.r5f.ti-arm-clang.debug.lib : pinmux.obj (.text.Pinmux_unlockMMR)
                  7004e47e    00000002     --HOLE-- [fill = 0]
                  7004e480    0000003e                                                : uart_v0_lld.obj (.text.UART_IsHWFlowCtrlValid)
                  7004e4be    00000002     --HOLE-- [fill = 0]
                  7004e4c0    0000003e                                                : uart_v0_lld.obj (.text.UART_IsRxTrigLvlValid)
                  7004e4fe    00000002     --HOLE-- [fill = 0]
                  7004e500    0000003e                                                : uart_v0_lld.obj (.text.UART_IsTxTrigLvlValid)
                  7004e53e    00000002     --HOLE-- [fill = 0]
                  7004e540    0000003e                                                : uart_v0_lld.obj (.text.UART_i2310WA)
                  7004e57e    00000002     --HOLE-- [fill = 0]
                  7004e580    0000003e                                                : uart_v0_lld.obj (.text.UART_spaceAvail)
                  7004e5be    00000002     --HOLE-- [fill = 0]
                  7004e5c0    0000003c                                                : mcspi_v0_lld.obj (.text.MCSPI_getBufWidthShift)
                  7004e5fc    00000004     --HOLE-- [fill = 0]
                  7004e600    0000003c                                                : mcspi_v0_lld.obj (.text.MCSPI_lld_isInitDelayValid)
                  7004e63c    00000004     --HOLE-- [fill = 0]
                  7004e640    0000003c                                                : uart_v0_lld.obj (.text.UART_IsParityTypeValid)
                  7004e67c    00000004     --HOLE-- [fill = 0]
                  7004e680    0000003c                                                : uart_v0_lld.obj (.text.UART_IsTxRxFifoEmpty)
                  7004e6bc    00000004     --HOLE-- [fill = 0]
                  7004e6c0    0000003c                                                : uart_v0_lld.obj (.text.UART_enhanFuncEnable)
                  7004e6fc    00000004     --HOLE-- [fill = 0]
                  7004e700    0000003a                                                : mcspi_v0_lld.obj (.text.MCSPI_lld_Transaction_init)
                  7004e73a    00000006     --HOLE-- [fill = 0]
                  7004e740    0000003a                                                : soc.obj (.text.SOC_moduleSetClockFrequency)
                  7004e77a    00000006     --HOLE-- [fill = 0]
                  7004e780    0000003a     nortos.am263px.r5f.ti-arm-clang.debug.lib : printf.obj (.text._atoi)
                  7004e7ba    00000006     --HOLE-- [fill = 0]
                  7004e7c0    00000038     drivers.am263px.r5f.ti-arm-clang.debug.lib : mcspi_dma_edma.obj (.text.CSL_REG32_FINS_RAW)
                  7004e7f8    00000008     --HOLE-- [fill = 0]
                  7004e800    00000038                                                : mcspi_v0_lld.obj (.text.CSL_REG32_FINS_RAW)
                  7004e838    00000008     --HOLE-- [fill = 0]
                  7004e840    00000038     ti_dpl_config.o (.text.Dpl_init)
                  7004e878    00000008     --HOLE-- [fill = 0]
                  7004e880    00000038     drivers.am263px.r5f.ti-arm-clang.debug.lib : edma.obj (.text.EDMA_qdmaClrMissEvtRegion)
                  7004e8b8    00000008     --HOLE-- [fill = 0]
                  7004e8c0    00000038                                                : mcspi_v0_lld.obj (.text.MCSPI_getDataWidthBitMask)
                  7004e8f8    00000008     --HOLE-- [fill = 0]
                  7004e900    00000038                                                : mcspi_v0_lld.obj (.text.MCSPI_lld_deInit)
                  7004e938    00000008     --HOLE-- [fill = 0]
                  7004e940    00000038                                                : uart_v0_lld.obj (.text.UART_writeDataPolling)
                  7004e978    00000008     --HOLE-- [fill = 0]
                  7004e980    00000036                                                : edma.obj (.text.EDMA_getRegionId)
                  7004e9b6    0000000a     --HOLE-- [fill = 0]
                  7004e9c0    00000036     mcspi_loopback.o (.text.GPIO_pinWriteHigh)
                  7004e9f6    0000000a     --HOLE-- [fill = 0]
                  7004ea00    00000036     ti_drivers_config.o (.text.GPIO_pinWriteHigh)
                  7004ea36    0000000a     --HOLE-- [fill = 0]
                  7004ea40    00000036     mcspi_loopback.o (.text.GPIO_pinWriteLow)
                  7004ea76    0000000a     --HOLE-- [fill = 0]
                  7004ea80    00000036     mcspi_loopback.o (.text.MCSPI_Transaction_init)
                  7004eab6    0000000a     --HOLE-- [fill = 0]
                  7004eac0    00000036     drivers.am263px.r5f.ti-arm-clang.debug.lib : mcspi_dma_edma.obj (.text.MCSPI_lld_dmaInit)
                  7004eaf6    0000000a     --HOLE-- [fill = 0]
                  7004eb00    00000036                                                : mcspi_v0_lld.obj (.text.MCSPI_reset)
                  7004eb36    0000000a     --HOLE-- [fill = 0]
                  7004eb40    00000034                                                : mcspi_v0_lld.obj (.text.MCSPI_fifoReadDiscard)
                  7004eb74    0000000c     --HOLE-- [fill = 0]
                  7004eb80    00000034                                                : pinmux.obj (.text.Pinmux_lockMMR)
                  7004ebb4    0000000c     --HOLE-- [fill = 0]
                  7004ebc0    00000034     nortos.am263px.r5f.ti-arm-clang.debug.lib : TimerP_rti.obj (.text.TimerP_Params_init)
                  7004ebf4    0000000c     --HOLE-- [fill = 0]
                  7004ec00    00000034     drivers.am263px.r5f.ti-arm-clang.debug.lib : uart_v0_lld.obj (.text.UART_IsDataLengthValid)
                  7004ec34    0000000c     --HOLE-- [fill = 0]
                  7004ec40    00000034                                                : uart_v0_lld.obj (.text.UART_checkTransaction)
                  7004ec74    00000034     libc.a : memory.c.obj (.text.free_list_remove)
                  7004eca8    00000034     libsysbm.a : lseek.c.obj (.text.lseek)
                  7004ecdc    00000034                : write.c.obj (.text.write)
                  7004ed10    00000032     drivers.am263px.r5f.ti-arm-clang.debug.lib : edma.obj (.text.HW_WR_FIELD32_RAW)
                  7004ed42    0000000e     --HOLE-- [fill = 0]
                  7004ed50    00000032                                                : uart_v0_lld.obj (.text.HW_WR_FIELD32_RAW)
                  7004ed82    0000000e     --HOLE-- [fill = 0]
                  7004ed90    00000032     nortos.am263px.r5f.ti-arm-clang.debug.lib : TimerP_rti.obj (.text.TimerP_getCount)
                  7004edc2    0000000e     --HOLE-- [fill = 0]
                  7004edd0    00000032     drivers.am263px.r5f.ti-arm-clang.debug.lib : uart_v0_lld.obj (.text.UART_enhanFuncBitValRestore)
                  7004ee02    0000000e     --HOLE-- [fill = 0]
                  7004ee10    00000032                                                : uart_v0_lld.obj (.text.UART_hardwareFlowCtrlOptSet)
                  7004ee42    0000000e     --HOLE-- [fill = 0]
                  7004ee50    00000030                                                : uart_v0_lld.obj (.text.UART_flowCtrlTrigLvlConfig)
                  7004ee80    00000030     nortos.am263px.r5f.ti-arm-clang.debug.lib : PmuP_armv7r_asm.obj (.text.pmu)
                  7004eeb0    0000002e     drivers.am263px.r5f.ti-arm-clang.debug.lib : mcspi_dma_edma.obj (.text.MCSPI_EdmaChConfig_init)
                  7004eede    00000002     --HOLE-- [fill = 0]
                  7004eee0    0000002e                                                : mcspi_v0.obj (.text.MCSPI_deinit)
                  7004ef0e    00000002     --HOLE-- [fill = 0]
                  7004ef10    0000002e                                                : uart_v0.obj (.text.UART_deinit)
                  7004ef3e    00000002     --HOLE-- [fill = 0]
                  7004ef40    0000002e                                                : uart_dma_edma.obj (.text.UART_lld_dmaInit)
                  7004ef6e    00000002     --HOLE-- [fill = 0]
                  7004ef70    0000002e     nortos.am263px.r5f.ti-arm-clang.debug.lib : printf.obj (.text._is_digit)
                  7004ef9e    00000002     --HOLE-- [fill = 0]
                  7004efa0    0000002c     drivers.am263px.r5f.ti-arm-clang.debug.lib : mcspi_v0_lld.obj (.text.MCSPI_lld_isOperModeValid)
                  7004efcc    00000004     --HOLE-- [fill = 0]
                  7004efd0    0000002c     nortos.am263px.r5f.ti-arm-clang.debug.lib : SemaphoreP_nortos.obj (.text.SemaphoreP_constructBinary)
                  7004effc    00000004     --HOLE-- [fill = 0]
                  7004f000    0000002a                                               : ClockP_nortos.obj (.text.ClockP_sleepTicks)
                  7004f02a    00000006     --HOLE-- [fill = 0]
                  7004f030    0000002a     ti_drivers_config.o (.text.GPIO_init)
                  7004f05a    00000006     --HOLE-- [fill = 0]
                  7004f060    0000002a     drivers.am263px.r5f.ti-arm-clang.debug.lib : uart_v0.obj (.text.UART_Transaction_init)
                  7004f08a    00000006     --HOLE-- [fill = 0]
                  7004f090    0000002a                                                : uart_v0_lld.obj (.text.UART_intr2Disable)
                  7004f0ba    00000006     --HOLE-- [fill = 0]
                  7004f0c0    0000002a                                                : uart_v0_lld.obj (.text.UART_lld_Transaction_init)
                  7004f0ea    00000006     --HOLE-- [fill = 0]
                  7004f0f0    0000002a                                                : uart_v0_lld.obj (.text.UART_operatingModeSelect)
                  7004f11a    00000006     --HOLE-- [fill = 0]
                  7004f120    00000028     nortos.am263px.r5f.ti-arm-clang.debug.lib : CpuId_armv7r.obj (.text.CSL_armR5GetCpuID)
                  7004f148    00000008     --HOLE-- [fill = 0]
                  7004f150    00000028     drivers.am263px.r5f.ti-arm-clang.debug.lib : mcspi_v0_lld.obj (.text.MCSPI_intrStatusClear)
                  7004f178    00000008     --HOLE-- [fill = 0]
                  7004f180    00000028     ti_drivers_config.o (.text.System_init)
                  7004f1a8    00000008     --HOLE-- [fill = 0]
                  7004f1b0    00000028     nortos.am263px.r5f.ti-arm-clang.debug.lib : printf.obj (.text.vprintf_)
                  7004f1d8    00000008     --HOLE-- [fill = 0]
                  7004f1e0    00000026     drivers.am263px.r5f.ti-arm-clang.debug.lib : edma.obj (.text.EDMA_disableQdmaEvtRegion)
                  7004f206    0000000a     --HOLE-- [fill = 0]
                  7004f210    00000026                                                : edma.obj (.text.EDMA_enableQdmaEvtRegion)
                  7004f236    0000000a     --HOLE-- [fill = 0]
                  7004f240    00000026                                                : edma.obj (.text.EDMA_getIntrStatusRegion)
                  7004f266    0000000a     --HOLE-- [fill = 0]
                  7004f270    00000026                                                : edma.obj (.text.EDMA_intrStatusHighGetRegion)
                  7004f296    0000000a     --HOLE-- [fill = 0]
                  7004f2a0    00000026                                                : edma.obj (.text.EDMA_isInitialized)
                  7004f2c6    0000000a     --HOLE-- [fill = 0]
                  7004f2d0    00000026                                                : edma.obj (.text.EDMA_validateIntrObject)
                  7004f2f6    0000000a     --HOLE-- [fill = 0]
                  7004f300    00000026                                                : mcspi_v0.obj (.text.MCSPI_OpenParams_init)
                  7004f326    0000000a     --HOLE-- [fill = 0]
                  7004f330    00000026                                                : mcspi_v0_lld.obj (.text.MCSPI_lld_isDataSizeValid)
                  7004f356    0000000a     --HOLE-- [fill = 0]
                  7004f360    00000026     main.o (.text.main)
                  7004f386    0000000a     --HOLE-- [fill = 0]
                  7004f390    00000024     drivers.am263px.r5f.ti-arm-clang.debug.lib : mcspi_v0_lld.obj (.text.MCSPI_lld_isChModeValid)
                  7004f3b4    0000000c     --HOLE-- [fill = 0]
                  7004f3c0    00000024                                                : mcspi_v0_lld.obj (.text.MCSPI_lld_isMsModeValid)
                  7004f3e4    0000000c     --HOLE-- [fill = 0]
                  7004f3f0    00000024                                                : mcspi_v0_lld.obj (.text.MCSPI_lld_isPinModeValid)
                  7004f414    0000000c     --HOLE-- [fill = 0]
                  7004f420    00000024     nortos.am263px.r5f.ti-arm-clang.debug.lib : SemaphoreP_nortos.obj (.text.SemaphoreP_constructMutex)
                  7004f444    0000000c     --HOLE-- [fill = 0]
                  7004f450    00000024     drivers.am263px.r5f.ti-arm-clang.debug.lib : uart_v0_lld.obj (.text.UART_IsStopBitsValid)
                  7004f474    00000024     libclang_rt.builtins.a : aeabi_uldivmod.S.obj (.text.__aeabi_uldivmod)
                  7004f498    00000008     --HOLE-- [fill = 0]
                  7004f4a0    00000024     nortos.am263px.r5f.ti-arm-clang.debug.lib : printf.obj (.text._out_char)
                  7004f4c4    0000000c     --HOLE-- [fill = 0]
                  7004f4d0    00000022     drivers.am263px.r5f.ti-arm-clang.debug.lib : edma.obj (.text.EDMA_channelToParamMap)
                  7004f4f2    0000000e     --HOLE-- [fill = 0]
                  7004f500    00000020     nortos.am263px.r5f.ti-arm-clang.debug.lib : ClockP_nortos.obj (.text.ClockP_isActive)
                  7004f520    00000020                                               : ClockP_nortos.obj (.text.ClockP_usecToTicks)
                  7004f540    00000020     drivers.am263px.r5f.ti-arm-clang.debug.lib : uart_v0_lld.obj (.text.HW_RD_FIELD32_RAW)
                  7004f560    00000020                                                : mcspi_v0_lld.obj (.text.MCSPI_readChStatusReg)
                  7004f580    00000020                                                : mcspi_v0_lld.obj (.text.MCSPI_readRxDataReg)
                  7004f5a0    0000001e     nortos.am263px.r5f.ti-arm-clang.debug.lib : ClockP_nortos.obj (.text.ClockP_Params_init)
                  7004f5be    00000002     --HOLE-- [fill = 0]
                  7004f5c0    0000001e     drivers.am263px.r5f.ti-arm-clang.debug.lib : edma.obj (.text.EDMA_getEventStatusHigh)
                  7004f5de    00000002     --HOLE-- [fill = 0]
                  7004f5e0    0000001e                                                : mcspi_v0_lld.obj (.text.MCSPI_lld_isChannelValid)
                  7004f5fe    00000002     --HOLE-- [fill = 0]
                  7004f600    0000001e                                                : soc.obj (.text.SOC_getSelfCpuClk)
                  7004f61e    00000002     --HOLE-- [fill = 0]
                  7004f620    0000001e                                                : soc.obj (.text.SOC_moduleClockEnable)
                  7004f63e    00000002     --HOLE-- [fill = 0]
                  7004f640    0000001e                                                : uart_v0_lld.obj (.text.UART_breakCtl)
                  7004f65e    00000002     --HOLE-- [fill = 0]
                  7004f660    0000001e                                                : uart_v0_lld.obj (.text.UART_lld_Transaction_deInit)
                  7004f67e    00000002     --HOLE-- [fill = 0]
                  7004f680    0000001e                                                : uart_v0_lld.obj (.text.UART_writeInterrupt)
                  7004f69e    00000002     --HOLE-- [fill = 0]
                  7004f6a0    0000001c                                                : edma.obj (.text.EDMA_getEventStatus)
                  7004f6bc    00000004     --HOLE-- [fill = 0]
                  7004f6c0    0000001c                                                : mcspi_v0_lld.obj (.text.MCSPI_lld_isChCfgValid)
                  7004f6dc    00000004     --HOLE-- [fill = 0]
                  7004f6e0    0000001c                                                : mcspi_v0_lld.obj (.text.MCSPI_lld_isHandleValid)
                  7004f6fc    00000004     --HOLE-- [fill = 0]
                  7004f700    0000001c                                                : mcspi_v0_lld.obj (.text.MCSPI_lld_isParameterValid)
                  7004f71c    00000004     --HOLE-- [fill = 0]
                  7004f720    0000001c     ti_drivers_config.o (.text.System_deinit)
                  7004f73c    00000004     --HOLE-- [fill = 0]
                  7004f740    0000001c     drivers.am263px.r5f.ti-arm-clang.debug.lib : uart_v0_lld.obj (.text.UART_IsParameter)
                  7004f75c    00000004     --HOLE-- [fill = 0]
                  7004f760    0000001c     ti_dpl_config.o (.text.putchar_)
                  7004f77c    0000001c     libsysbm.a : hostrename.c.obj (.text.strcpy)
                  7004f798    0000001c                : hostrename.c.obj (.text.strlen)
                  7004f7b4    0000001c     libc.a : memcpy32.S.obj (.text:TI_memcpy_small)
                  7004f7d0    0000001a     drivers.am263px.r5f.ti-arm-clang.debug.lib : uart_v0_lld.obj (.text.UART_fifoCharGet)
                  7004f7ea    00000006     --HOLE-- [fill = 0]
                  7004f7f0    0000001a                                                : uart_v0_lld.obj (.text.UART_timeGuardConfig)
                  7004f80a    00000006     --HOLE-- [fill = 0]
                  7004f810    00000018                                                : edma.obj (.text.EDMA_clrCCErr)
                  7004f828    00000008     --HOLE-- [fill = 0]
                  7004f830    00000018                                                : edma.obj (.text.EDMA_isInterruptEnabled)
                  7004f848    00000008     --HOLE-- [fill = 0]
                  7004f850    00000018     nortos.am263px.r5f.ti-arm-clang.debug.lib : SemaphoreP_nortos.obj (.text.SemaphoreP_Params_init)
                  7004f868    00000008     --HOLE-- [fill = 0]
                  7004f870    00000018                                               : TimerP_rti.obj (.text.TimerP_getReloadCount)
                  7004f888    00000008     --HOLE-- [fill = 0]
                  7004f890    00000018     drivers.am263px.r5f.ti-arm-clang.debug.lib : uart_v0_lld.obj (.text.UART_divisorLatchDisable)
                  7004f8a8    00000008     --HOLE-- [fill = 0]
                  7004f8b0    00000018                                                : uart_v0_lld.obj (.text.UART_modemControlReset)
                  7004f8c8    00000008     --HOLE-- [fill = 0]
                  7004f8d0    00000018                                                : uart_v0_lld.obj (.text.UART_putChar)
                  7004f8e8    00000018     libc.a : memset32.S.obj (.text:TI_memset_small)
                  7004f900    00000016     nortos.am263px.r5f.ti-arm-clang.debug.lib : TimerP_rti.obj (.text.TimerP_start)
                  7004f916    0000000a     --HOLE-- [fill = 0]
                  7004f920    00000016                                               : TimerP_rti.obj (.text.TimerP_stop)
                  7004f936    0000000a     --HOLE-- [fill = 0]
                  7004f940    00000016     drivers.am263px.r5f.ti-arm-clang.debug.lib : uart_v0_lld.obj (.text.UART_divideRoundCloset)
                  7004f956    0000000a     --HOLE-- [fill = 0]
                  7004f960    00000016                                                : uart_v0_lld.obj (.text.UART_regConfModeRestore)
                  7004f976    0000000a     --HOLE-- [fill = 0]
                  7004f980    00000014     nortos.am263px.r5f.ti-arm-clang.debug.lib : DebugP_uartLogWriter.obj (.text.DebugP_uartSetDrvIndex)
                  7004f994    0000000c     --HOLE-- [fill = 0]
                  7004f9a0    00000014     drivers.am263px.r5f.ti-arm-clang.debug.lib : edma.obj (.text.HW_WR_REG16_RAW)
                  7004f9b4    0000000c     --HOLE-- [fill = 0]
                  7004f9c0    00000014                                                : soc_rcm.obj (.text.SOC_rcmGetModuleClkDivFromRegVal)
                  7004f9d4    0000000c     --HOLE-- [fill = 0]
                  7004f9e0    00000014     nortos.am263px.r5f.ti-arm-clang.debug.lib : TimerP_rti.obj (.text.TimerP_clearOverflowInt)
                  7004f9f4    0000000c     --HOLE-- [fill = 0]
                  7004fa00    00000012     ti_pinmux_config.o (.text.Pinmux_init)
                  7004fa12    0000000e     --HOLE-- [fill = 0]
                  7004fa20    00000010     drivers.am263px.r5f.ti-arm-clang.debug.lib : mcspi_dma_edma.obj (.text.CSL_REG32_WR_RAW)
                  7004fa30    00000010                                                : mcspi_v0_lld.obj (.text.CSL_REG32_WR_RAW)
                  7004fa40    00000010                                                : pinmux.obj (.text.CSL_REG32_WR_RAW)
                  7004fa50    00000010                                                : soc.obj (.text.CSL_REG32_WR_RAW)
                  7004fa60    00000010     mcspi_loopback.o (.text.CSL_REG32_WR_RAW)
                  7004fa70    00000010     ti_drivers_config.o (.text.CSL_REG32_WR_RAW)
                  7004fa80    00000010     nortos.am263px.r5f.ti-arm-clang.debug.lib : ClockP_nortos_r5.obj (.text.ClockP_getTimerCount)
                  7004fa90    00000010                                               : ClockP_nortos_r5.obj (.text.ClockP_timerClearOverflowInt)
                  7004faa0    00000010     ti_drivers_open_close.o (.text.Drivers_open)
                  7004fab0    00000010     drivers.am263px.r5f.ti-arm-clang.debug.lib : edma.obj (.text.HW_RD_REG32_RAW)
                  7004fac0    00000010                                                : uart_v0_lld.obj (.text.HW_RD_REG32_RAW)
                  7004fad0    00000010                                                : edma.obj (.text.HW_WR_REG32_RAW)
                  7004fae0    00000010                                                : uart_v0_lld.obj (.text.HW_WR_REG32_RAW)
                  7004faf0    00000010     nortos.am263px.r5f.ti-arm-clang.debug.lib : printf.obj (.text._out_null)
                  7004fb00    00000010     libc.a : fputc.c.obj (.text.putchar)
                  7004fb10    0000000c     ti_board_open_close.o (.text.Board_driversOpen)
                  7004fb1c    00000004     --HOLE-- [fill = 0]
                  7004fb20    0000000c     drivers.am263px.r5f.ti-arm-clang.debug.lib : mcspi_dma_edma.obj (.text.CSL_REG32_RD_RAW)
                  7004fb2c    00000004     --HOLE-- [fill = 0]
                  7004fb30    0000000c                                                : mcspi_v0_lld.obj (.text.CSL_REG32_RD_RAW)
                  7004fb3c    00000004     --HOLE-- [fill = 0]
                  7004fb40    0000000c     nortos.am263px.r5f.ti-arm-clang.debug.lib : ClockP_nortos.obj (.text.ClockP_getTicks)
                  7004fb4c    00000004     --HOLE-- [fill = 0]
                  7004fb50    0000000c     ti_power_clock_config.o (.text.PowerClock_init)
                  7004fb5c    00000004     --HOLE-- [fill = 0]
                  7004fb60    0000000c     libc.a : strcmp32.S.obj (.text)
                  7004fb6c    00000004     --HOLE-- [fill = 0]
                  7004fb70    0000000a     nortos.am263px.r5f.ti-arm-clang.debug.lib : HwiP_armv7r_vim.obj (.text.Hwip_dataAndInstructionBarrier)
                  7004fb7a    00000006     --HOLE-- [fill = 0]
                  7004fb80    0000000a     drivers.am263px.r5f.ti-arm-clang.debug.lib : soc_rcm.obj (.text.SOC_rcmGetBaseAddressMSSRCM)
                  7004fb8a    00000006     --HOLE-- [fill = 0]
                  7004fb90    0000000a                                                : uart_dma_edma.obj (.text.UART_edmaDoNothing)
                  7004fb9a    00000006     --HOLE-- [fill = 0]
                  7004fba0    00000008     ti_drivers_config.o (.text.Drivers_uartInit)
                  7004fba8    00000008     --HOLE-- [fill = 0]
                  7004fbb0    00000008     ti_power_clock_config.o (.text.PowerClock_deinit)
                  7004fbb8    00000008     --HOLE-- [fill = 0]
                  7004fbc0    00000008     drivers.am263px.r5f.ti-arm-clang.debug.lib : soc_rcm.obj (.text.SOC_rcmGetBaseAddressMSSCTRL)
                  7004fbc8    00000008     --HOLE-- [fill = 0]
                  7004fbd0    00000008                                                : soc_rcm.obj (.text.SOC_rcmGetBaseAddressTOPRCM)
                  7004fbd8    00000008     --HOLE-- [fill = 0]
                  7004fbe0    00000008     nortos.am263px.r5f.ti-arm-clang.debug.lib : SemaphoreP_nortos.obj (.text.SemaphoreP_destruct)
                  7004fbe8    00000008     --HOLE-- [fill = 0]
                  7004fbf0    00000008     drivers.am263px.r5f.ti-arm-clang.debug.lib : uart_v0.obj (.text.UART_lld_errorCallback)
                  7004fbf8    00000008     --HOLE-- [fill = 0]
                  7004fc00    00000002     ti_board_config.o (.text.Board_deinit)
                  7004fc02    0000000e     --HOLE-- [fill = 0]
                  7004fc10    00000002     ti_board_config.o (.text.Board_init)
                  7004fc12    0000000e     --HOLE-- [fill = 0]
                  7004fc20    00000002     ti_dpl_config.o (.text.Dpl_deinit)
                  7004fc22    0000000e     --HOLE-- [fill = 0]
                  7004fc30    00000002     ti_drivers_config.o (.text.GPIO_deinit)
                  7004fc32    0000000e     --HOLE-- [fill = 0]
                  7004fc40    00000002     nortos.am263px.r5f.ti-arm-clang.debug.lib : TaskP_nortos.obj (.text.TaskP_yield)
                  7004fc42    0000001e     --HOLE-- [fill = 0]

.rodata    0    7004fc60    00000970     
                  7004fc60    00000084     ti_dpl_config.o (.rodata.cfg)
                  7004fce4    00000051     drivers.am263px.r5f.ti-arm-clang.debug.lib : mcspi_v0.obj (.rodata.str1.26396439823528435241)
                  7004fd35    00000003     mcspi_loopback.o (.rodata.str1.15448905896059715167.1)
                  7004fd38    00000050     nortos.am263px.r5f.ti-arm-clang.debug.lib : printf.obj (.rodata._ftoa.pow10)
                  7004fd88    00000048     drivers.am263px.r5f.ti-arm-clang.debug.lib : soc_rcm.obj (.rodata.gADPLLJConfigTbl)
                  7004fdd0    00000048                                                : mcspi_v0_lld.obj (.rodata.str1.97363132707188488161)
                  7004fe18    0000003d     nortos.am263px.r5f.ti-arm-clang.debug.lib : TimerP_rti.obj (.rodata.str1.11444276866610683881)
                  7004fe55    00000037                                               : SemaphoreP_nortos.obj (.rodata.str1.52751030918495836841)
                  7004fe8c    00000036     ti_drivers_open_close.o (.rodata.str1.871795152488895636.1)
                  7004fec2    00000035     ti_drivers_open_close.o (.rodata.str1.2554706296470369595.1)
                  7004fef7    00000035     ti_drivers_open_close.o (.rodata.str1.7750254725308216577.1)
                  7004ff2c    0000002e     nortos.am263px.r5f.ti-arm-clang.debug.lib : ClockP_nortos.obj (.rodata.str1.39419159632632580371)
                  7004ff5a    0000002a                                               : DebugP_log.obj (.rodata.str1.8882360920750446361)
                  7004ff84    00000027                                               : ClockP_nortos_r5.obj (.rodata.str1.91622226613999981811)
                  7004ffab    00000024     drivers.am263px.r5f.ti-arm-clang.debug.lib : edma.obj (.rodata.str1.164918382464449145851)
                  7004ffcf    00000023     nortos.am263px.r5f.ti-arm-clang.debug.lib : ClockP_nortos_r5.obj (.rodata.str1.136646522816104227591)
                  7004fff2    00000023     drivers.am263px.r5f.ti-arm-clang.debug.lib : soc_rcm.obj (.rodata.str1.15813086600912413471)
                  70050015    00000022                                                : edma.obj (.rodata.str1.6611792697437713481)
                  70050037    00000021     nortos.am263px.r5f.ti-arm-clang.debug.lib : ClockP_nortos_r5.obj (.rodata.str1.99041146818411950391)
                  70050058    00000020     drivers.am263px.r5f.ti-arm-clang.debug.lib : uart_v0.obj (.rodata.str1.150767988884773108331)
                  70050078    0000001f     nortos.am263px.r5f.ti-arm-clang.debug.lib : SemaphoreP_nortos.obj (.rodata.str1.25281168886080794691)
                  70050097    0000001f                                               : ClockP_nortos_r5.obj (.rodata.str1.25349503636762439021)
                  700500b6    0000001e     drivers.am263px.r5f.ti-arm-clang.debug.lib : mcspi_v0.obj (.rodata.str1.144400815220210358851)
                  700500d4    0000001d                                                : uart_v0.obj (.rodata.str1.142814395268246240721)
                  700500f1    0000001d                                                : mcspi_v0.obj (.rodata.str1.171925388543524077211)
                  7005010e    0000001d     nortos.am263px.r5f.ti-arm-clang.debug.lib : TimerP_rti.obj (.rodata.str1.43953063565973961451)
                  7005012b    0000001d                                               : TimerP_rti.obj (.rodata.str1.93855040560573089411)
                  70050148    0000001b     drivers.am263px.r5f.ti-arm-clang.debug.lib : edma.obj (.rodata.str1.16266241636797238661)
                  70050163    0000001b     nortos.am263px.r5f.ti-arm-clang.debug.lib : ClockP_nortos.obj (.rodata.str1.47646432807403639741)
                  7005017e    0000001a     drivers.am263px.r5f.ti-arm-clang.debug.lib : edma.obj (.rodata.str1.124702968117785801901)
                  70050198    0000001a     nortos.am263px.r5f.ti-arm-clang.debug.lib : ClockP_nortos_r5.obj (.rodata.str1.133203246495064227641)
                  700501b2    0000001a     drivers.am263px.r5f.ti-arm-clang.debug.lib : soc_rcm.obj (.rodata.str1.153801437654618082741)
                  700501cc    0000001a                                                : mcspi_v0.obj (.rodata.str1.169212516063846095031)
                  700501e6    0000001a                                                : mcspi_v0.obj (.rodata.str1.99640994410596514241)
                  70050200    00000019     nortos.am263px.r5f.ti-arm-clang.debug.lib : TimerP_rti.obj (.rodata.str1.168886728349324121321)
                  70050219    00000018     drivers.am263px.r5f.ti-arm-clang.debug.lib : soc_rcm.obj (.rodata.gPeripheralClkSrcInfoMap)
                  70050231    00000018     nortos.am263px.r5f.ti-arm-clang.debug.lib : TimerP_rti.obj (.rodata.str1.52901684130585691821)
                  70050249    00000018     drivers.am263px.r5f.ti-arm-clang.debug.lib : uart_v0.obj (.rodata.str1.9069738176458784971)
                  70050261    00000017                                                : soc_rcm.obj (.rodata.str1.141251745167226470741)
                  70050278    00000017     mcspi_loopback.o (.rodata.str1.3290115438108536510.1)
                  7005028f    00000016     drivers.am263px.r5f.ti-arm-clang.debug.lib : soc_rcm.obj (.rodata.str1.107645048611228328791)
                  700502a5    00000016                                                : soc_rcm.obj (.rodata.str1.177369307189295936511)
                  700502bb    00000016                                                : soc_rcm.obj (.rodata.str1.63555232926284281011)
                  700502d1    00000016                                                : mcspi_v0.obj (.rodata.str1.85423015064808713541)
                  700502e7    00000015                                                : edma.obj (.rodata.str1.149652404363315708211)
                  700502fc    00000015     nortos.am263px.r5f.ti-arm-clang.debug.lib : SemaphoreP_nortos.obj (.rodata.str1.30861210816963497001)
                  70050311    00000014     drivers.am263px.r5f.ti-arm-clang.debug.lib : mcspi_v0_lld.obj (.rodata.str1.147988882001261723701)
                  70050325    00000014                                                : edma.obj (.rodata.str1.176595599180530855901)
                  70050339    00000014                                                : mcspi_v0.obj (.rodata.str1.34611452835214624521)
                  7005034d    00000014                                                : edma.obj (.rodata.str1.41785049815304208531)
                  70050361    00000014                                                : edma.obj (.rodata.str1.93700429500326477781)
                  70050375    00000013                                                : soc_rcm.obj (.rodata.str1.30734103837947208761)
                  70050388    00000013                                                : uart_v0.obj (.rodata.str1.9980655952161290391)
                  7005039b    00000012                                                : uart_v0.obj (.rodata.str1.166492982902436568231)
                  700503ad    00000012                                                : uart_v0.obj (.rodata.str1.171120843061886446841)
                  700503bf    00000012                                                : edma.obj (.rodata.str1.41579851849113419871)
                  700503d1    00000012     ti_drivers_open_close.o (.rodata.str1.6538372684047993024.1)
                  700503e3    00000012     drivers.am263px.r5f.ti-arm-clang.debug.lib : soc_rcm.obj (.rodata.str1.67217821191364965911)
                  700503f5    00000011     ti_drivers_open_close.o (.rodata.str1.12213835641041270557.1)
                  70050406    00000011     drivers.am263px.r5f.ti-arm-clang.debug.lib : uart_v0.obj (.rodata.str1.16967668833904919061)
                  70050417    00000011                                                : edma.obj (.rodata.str1.28692048193800818901)
                  70050428    00000011     nortos.am263px.r5f.ti-arm-clang.debug.lib : ClockP_nortos.obj (.rodata.str1.37923443167824241621)
                  70050439    00000011     ti_drivers_open_close.o (.rodata.str1.6292539624901818759.1)
                  7005044a    00000010     drivers.am263px.r5f.ti-arm-clang.debug.lib : mcspi_v0.obj (.rodata.str1.153145657127816401141)
                  7005045a    00000010                                                : edma.obj (.rodata.str1.18778444954996405781)
                  7005046a    0000000f                                                : edma.obj (.rodata.str1.111354322338949310841)
                  70050479    0000000f     mcspi_loopback.o (.rodata.str1.13259155606743059185.1)
                  70050488    0000000f     drivers.am263px.r5f.ti-arm-clang.debug.lib : edma.obj (.rodata.str1.144551280152329776181)
                  70050497    0000000f                                                : edma.obj (.rodata.str1.2759273541325923811)
                  700504a6    0000000f                                                : mcspi_v0.obj (.rodata.str1.43973954253821070511)
                  700504b5    0000000f                                                : edma.obj (.rodata.str1.92547749779646142691)
                  700504c4    0000000e                                                : edma.obj (.rodata.str1.19244332700943948511)
                  700504d2    0000000e                                                : edma.obj (.rodata.str1.46057082369026546831)
                  700504e0    0000000e                                                : edma.obj (.rodata.str1.46782315602798139861)
                  700504ee    0000000d     nortos.am263px.r5f.ti-arm-clang.debug.lib : TimerP_rti.obj (.rodata.str1.105385333823317069951)
                  700504fb    0000000d     drivers.am263px.r5f.ti-arm-clang.debug.lib : edma.obj (.rodata.str1.121775923823351643201)
                  70050508    0000000d     nortos.am263px.r5f.ti-arm-clang.debug.lib : TimerP_rti.obj (.rodata.str1.172059160023720313971)
[...]
7005f2e0  gSocModulesClockFrequency         
7005f4b0  gSpiHandle                        
7005f470  gUartConfig                       
7005f4b4  gUartConfigNum                    
7005f4b8  gUartDmaChConfig                  
7005ee98  gUartDmaHandle                    
70051784  gUartHandle                       
7005f19c  gUartParams                       
700505a4  gXTALInfo                         
70049f98  getdevice                         
7005f4bc  isMapAvailable                    
7004eca8  lseek                             
7004f361  main                              
70041ce4  malloc                            
7004b2f1  mcspi_loopback_main               
700461c4  memalign                          
70051768  parmbuf                           
7004fb00  putchar                           
7004f761  putchar_                          
70043178  remove                            
700470e4  setvbuf                           
70042aa0  strcmp                            
7004e028  unlink                            
70051758  virtToPhymap                      
7004f1b1  vprintf_                          
7004ecdc  write                             


GLOBAL SYMBOLS: SORTED BY Symbol Address 

address   name                              
-------   ----                              
00000000  __TI_ATRegion0_region_sz          
00000000  __TI_ATRegion0_src_addr           
00000000  __TI_ATRegion0_trg_addr           
00000000  __TI_ATRegion1_region_sz          
00000000  __TI_ATRegion1_src_addr           
00000000  __TI_ATRegion1_trg_addr           
00000000  __TI_ATRegion2_region_sz          
00000000  __TI_ATRegion2_src_addr           
00000000  __TI_ATRegion2_trg_addr           
00000000  __TI_static_base__                
00000000  _vectors                          
00000100  __ABORT_STACK_SIZE                
00000100  __FIQ_STACK_SIZE                  
00000100  __IRQ_STACK_SIZE                  
00000100  __UNDEFINED_STACK_SIZE            
00001000  __SVC_STACK_SIZE                  
00004000  __STACK_SIZE                      
00008000  __SYSMEM_SIZE                     
70040a34  __aeabi_memclr                    
70040a34  __aeabi_memclr4                   
70040a34  __aeabi_memclr8                   
700410b8  C$$EXIT                           
700410b8  HOSTexit                          
700410c1  SOC_rcmEnablePeripheralClock      
700416f8  __aeabi_ldiv0                     
700416fc  __aeabi_memcpy                    
700416fc  __aeabi_memcpy4                   
700416fc  __aeabi_memcpy8                   
70041ce4  malloc                            
70041cf1  MCSPI_open                        
700421bc  _nop                              
70042671  UART_open                         
70042a9c  fseek                             
70042aa0  strcmp                            
70043178  remove                            
700434c1  SOC_virtToPhy                     
700437c4  CSL_armR5ReadMpidrReg             
700437d1  MCSPI_transfer                    
70043aa1  MCSPI_lld_dmaChInit               
70044461  UART_lld_controllerIsr            
70044b21  MCSPI_lld_dmaDeInit               
70044d61  MCSPI_lld_dmaTransfer             
70044f91  UART_lld_dmaDeInit                
700451c1  TimerP_setup                      
70045761  MCSPI_lld_readWrite               
70045b01  UART_close                        
70045cc1  UART_lld_dmaWrite                 
70045e71  UART_write                        
7004601c  free                              
700461c4  aligned_alloc                     
700461c4  memalign                          
70046371  MCSPI_lld_readWriteIntr           
700466b1  MCSPI_lld_initDma                 
70046851  MCSPI_close                       
700469f1  MCSPI_lld_init                    
70046b61  MCSPI_lld_readWriteDma            
70046cd1  EDMA_unregisterIntr               
70046e31  SOC_controlModuleUnlockMMR        
70046f91  UART_lld_initDma                  
700470e4  setvbuf                           
70047381  UART_procLineStatusErr            
700474c1  ClockP_init                       
70047741  EDMA_open                         
70047c41  EDMA_registerIntr                 
70047d71  UART_lld_init                     
70047ea1  SOC_controlModuleLockMMR          
70047fd1  SOC_rcmGetPeripheralClockFrequency
700480f1  UART_lld_dmaRead                  
7004820c  __udivmoddi4                      
700487b1  MCSPI_lld_dmaStop                 
70048be1  SemaphoreP_pend                   
70048ed0  fputc                             
70049291  EDMA_freeChannelRegion            
70049471  EDMA_freeParam                    
70049561  EDMA_freeDmaChannel               
70049641  EDMA_freeTcc                      
70049721  UART_intrEnable                   
70049801  MCSPI_stop                        
700498e1  UART_intrDisable                  
700499c1  MCSPI_lld_peripheralIsr           
70049b81  UART_lld_write                    
70049c61  AddrTranslateP_getLocalAddr       
70049d31  EDMA_disableChInShadowRegRegion   
70049e01  EDMA_enableChInShadowRegRegion    
70049ed1  UART_lld_writeDma                 
70049f98  getdevice                         
7004a061  UART_lld_writeIntr                
7004a131  EDMA_mapChToEvtQ                  
7004a201  UART_flushTxFifo                  
7004a2d1  EDMA_configureChannelRegion       
7004a511  ClockP_timerTickIsr               
7004a5d1  ClockP_stop                       
7004a751  SPI_ReadWrite                     
7004a8c8  fseeko                            
7004a981  SOC_rcmSetPeripheralClock         
7004aa31  UART_init                         
7004aae0  __TI_closefile                    
7004ab91  MCSPI_lld_controllerIsr           
7004ac41  Drivers_mcspiOpen                 
7004acf1  Drivers_uartOpen                  
7004ada1  EDMA_close                        
7004af01  ClockP_destruct                   
7004afb1  CycleCounterP_init                
7004afd1  CycleCounterP_reset               
7004b021  CycleCounterP_nsToTicks           
7004b061  Drivers_edmaOpen                  
7004b1ac  HOSTrename                        
7004b2f1  mcspi_loopback_main               
7004b390  __TI_wrt_ok                       
7004b42c  HOSTlseek                         
7004b4d1  MCSPI_init                        
7004b571  MCSPI_transferCallback            
7004b6a8  HOSTopen                          
7004b7e1  ClockP_getTimeUsec                
7004b881  EDMA_unmapChToEvtQ                
7004bad1  EDMA_disableTransferRegion        
7004bb61  EDMA_enableTransferRegion         
7004bbf1  EDMA_init                         
7004bc81  UART_writeCancelNoCB              
7004bd0c  close                             
7004be28  __TI_doflush                      
7004beb1  UART_lld_flushTxFifo              
7004bfc8  HOSTread                          
7004c04c  HOSTwrite                         
7004c0d1  MCSPI_lld_deInitDma               
7004c161  EDMA_allocDmaChannel              
7004c1f1  EDMA_allocParam                   
7004c281  EDMA_allocTcc                     
7004c4b1  MCSPI_setChDataSize               
7004c5b1  _DebugP_assert                    
7004c631  UART_Params_init                  
7004c6b1  EDMA_linkChannel                  
7004c7b1  ClockP_usleep                     
7004c831  EDMA_clrMissEvtRegion             
7004c8b1  ClockP_construct                  
7004c921  MCSPI_errorCallback               
7004c991  EDMA_deinit                       
7004c9fc  HOSTunlink                        
7004cae1  EDMA_getBaseAddr                  
7004cbc1  SOC_rcmGetR5Clock                 
7004cc31  SOC_rcmIsR5FInLockStepMode        
7004cd11  UART_lld_deInitDma                
7004cde4  HOSTclose                         
7004ce51  UART_getChar                      
7004cf11  SemaphoreP_post                   
7004cfd1  Module_clockSetFrequency          
7004d031  UART_lld_deInit                   
7004d0f1  UART_lld_dmaDisableChannel        
7004d268  __TI_cleanup                      
7004d2c0  __TI_readmsg                      
7004d318  __TI_writemsg                     
7004d364  C$$IO$$                           
7004d371  EDMA_setPaRAM                     
7004d424  exit                              
7004d478  finddevice                        
7004d4cc  __TI_auto_init_nobinit_nopinit    
7004d761  SemaphoreP_construct              
7004d7c1  Drivers_edmaClose                 
7004d811  Drivers_mcspiClose                
7004d861  Drivers_uartClose                 
7004d8b1  Pinmux_config                     
7004d901  UART_checkCharsAvailInFifo        
7004d951  EDMA_clrEvtRegion                 
7004d9a1  EDMA_clrIntrRegion                
7004d9f1  EDMA_disableDmaEvtRegion          
7004da41  EDMA_disableEvtIntrRegion         
7004da91  EDMA_enableDmaEvtRegion           
7004dae1  EDMA_enableEvtIntrRegion          
7004db31  EDMA_setEvtRegion                 
7004db81  GPIO_setDirMode                   
7004dc21  UART_getHandle                    
7004dc71  EDMA_ccPaRAMEntry_init            
7004dcc1  EDMA_mapQdmaChToPaRAM             
7004dd11  EDMA_readEventStatusRegion        
7004dd61  Module_clockDisable               
7004ddb1  Module_clockEnable                
7004dea1  UART_getIntrIdentityStatus        
7004e028  unlink                            
7004e071  DebugP_uartLogWriterPutChar       
7004e0c1  UART_readLineStatus               
7004e201  _DebugP_logZone                   
7004e2a1  ClockP_start                      
7004e581  UART_spaceAvail                   
7004e681  UART_IsTxRxFifoEmpty              
7004e741  SOC_moduleSetClockFrequency       
7004e841  Dpl_init                          
7004e881  EDMA_qdmaClrMissEvtRegion         
7004e901  MCSPI_lld_deInit                  
7004e981  EDMA_getRegionId                  
7004eac1  MCSPI_lld_dmaInit                 
7004eb01  MCSPI_reset                       
7004ebc1  TimerP_Params_init                
7004eca8  lseek                             
7004ecdc  write                             
7004ed91  TimerP_getCount                   
7004ee80  CycleCounterP_getCount32          
7004ee88  PmuP_setup                        
7004ee90  PmuP_enableCounters               
7004ee98  PmuP_disableCounters              
7004eea0  PmuP_getOverflowStatus            
7004eea8  PmuP_clearOverflowStatus          
7004eee1  MCSPI_deinit                      
7004ef11  UART_deinit                       
7004ef41  UART_lld_dmaInit                  
7004efd1  SemaphoreP_constructBinary        
7004f031  GPIO_init                         
7004f061  UART_Transaction_init             
7004f091  UART_intr2Disable                 
7004f0c1  UART_lld_Transaction_init         
7004f0f1  UART_operatingModeSelect          
7004f121  CSL_armR5GetCpuID                 
7004f181  System_init                       
7004f1b1  vprintf_                          
7004f1e1  EDMA_disableQdmaEvtRegion         
7004f211  EDMA_enableQdmaEvtRegion          
7004f241  EDMA_getIntrStatusRegion          
7004f271  EDMA_intrStatusHighGetRegion      
7004f2a1  EDMA_isInitialized                
7004f361  main                              
7004f421  SemaphoreP_constructMutex         
7004f474  __aeabi_uldivmod                  
7004f4d1  EDMA_channelToParamMap            
7004f501  ClockP_isActive                   
7004f521  ClockP_usecToTicks                
7004f5a1  ClockP_Params_init                
7004f5c1  EDMA_getEventStatusHigh           
7004f601  SOC_getSelfCpuClk                 
7004f621  SOC_moduleClockEnable             
7004f661  UART_lld_Transaction_deInit       
7004f6a1  EDMA_getEventStatus               
7004f721  System_deinit                     
7004f761  putchar_                          
7004f7b4  TI_memcpy_small                   
7004f811  EDMA_clrCCErr                     
7004f831  EDMA_isInterruptEnabled           
7004f851  SemaphoreP_Params_init            
7004f871  TimerP_getReloadCount             
7004f8d1  UART_putChar                      
7004f8e8  TI_memset_small                   
7004f901  TimerP_start                      
7004f921  TimerP_stop                       
7004f981  DebugP_uartSetDrvIndex            
7004f9e1  TimerP_clearOverflowInt           
7004fa01  Pinmux_init                       
7004fa81  ClockP_getTimerCount              
7004fa91  ClockP_timerClearOverflowInt      
7004faa1  Drivers_open                      
7004fb00  putchar                           
7004fb11  Board_driversOpen                 
7004fb41  ClockP_getTicks                   
7004fb51  PowerClock_init                   
7004fba1  Drivers_uartInit                  
7004fbb1  PowerClock_deinit                 
7004fbe1  SemaphoreP_destruct               
7004fc01  Board_deinit                      
7004fc11  Board_init                        
7004fc21  Dpl_deinit                        
7004fc31  GPIO_deinit                       
7004fc41  TaskP_yield                       
7004fc60  gCacheConfig                      
7004fc68  gMpuConfig                        
7004fc74  gMpuRegionConfig                  
7004fd88  gADPLLJConfigTbl                  
70050219  gPeripheralClkSrcInfoMap          
700505a2  gCR5ClkSrcInfoMap                 
700505a4  gXTALInfo                         
700505bc  gCacheL1dCacheLineSize            
700505c0  gCacheL1pCacheLineSize            
700505d0  __BSS_START                       
700505d0  gHwiCtrl                          
700514f8  _CIOBUF_                          
700514f8  __CIOBUF_                         
70051618  __TI_tmpnams                      
70051720  gClockCtrl                        
70051758  virtToPhymap                      
70051768  parmbuf                           
70051778  csBaseAddr                        
7005177c  gEdmaHandle                       
70051780  gMcspiHandle                      
70051784  gUartHandle                       
70051788  __BSS_END                         
70051788  _sys_memory                       
70059788  __stack                           
7005d788  __STACK_END                       
7005d791  HwiP_irq_handler_c                
7005d8d1  HwiP_fiq_handler                  
7005da31  HwiP_reserved_handler             
7005da71  HwiP_user_undefined_handler_c     
7005dab1  HwiP_undefined_handler_c          
7005daf1  HwiP_svc_handler                  
7005db31  HwiP_user_prefetch_abort_handler_c
7005db91  HwiP_prefetch_abort_handler_c     
7005dc61  HwiP_user_data_abort_handler_c    
7005dcd1  HwiP_data_abort_handler_c         
7005ddb1  HwiP_enableInt                    
7005ddf1  HwiP_disableInt                   
7005de51  HwiP_restoreInt                   
7005de81  HwiP_clearInt                     
7005dec1  HwiP_post                         
7005df01  HwiP_Params_init                  
7005df31  HwiP_construct                    
7005e131  HwiP_destruct                     
7005e1a1  HwiP_init                         
7005e351  HwiP_inISR                        
7005e378  HwiP_irq_handler                  
7005e3ec  HwiP_data_abort_handler           
7005e430  HwiP_prefetch_abort_handler       
7005e460  HwiP_undefined_handler            
7005e4a8  GET_DFSR                          
7005e4b0  GET_ADFSR                         
7005e4b8  GET_DFAR                          
7005e4c0  GET_IFSR                          
7005e4c8  GET_AIFSR                         
7005e4d0  GET_IFAR                          
7005e4d8  GET_SPSR                          
7005e4f0  HwiP_disable                      
7005e500  HwiP_disableFIQ                   
7005e510  HwiP_enable                       
7005e520  HwiP_enableFIQ                    
7005e530  HwiP_restore                      
7005e538  HwiP_enableVIC                    
7005e548  HwiP_disableVIC                   
7005e558  HwiP_getCPSR                      
7005e560  CacheP_disableL1d                 
7005e588  CacheP_disableL1p                 
7005e5a0  CacheP_enableL1d                  
7005e5b8  CacheP_enableL1p                  
7005e5d0  CacheP_invL1d                     
7005e608  CacheP_invL1p                     
7005e644  CacheP_invL1dAll                  
7005e64c  CacheP_invL1pAll                  
7005e654  CacheP_wb                         
7005e690  CacheP_wbInv                      
7005e6cc  CacheP_wbAll                      
7005e774  CacheP_wbInvAll                   
7005e78c  CacheP_wbInvAllAsm                
7005e82c  CacheP_getEnabled                 
7005e864  CacheP_getCacheLevelInfo          
7005e870  CacheP_configForceWrThru          
7005e890  CacheP_setDLFO                    
7005e8a1  CacheP_init                       
7005e931  CacheP_disable                    
7005e981  CacheP_enable                     
7005e9c1  CacheP_inv                        
7005ea01  MpuP_RegionAttrs_init             
7005ea31  MpuP_setRegion                    
7005eb21  MpuP_isEnable                     
7005eb31  MpuP_disable                      
7005eb71  MpuP_enable                       
7005ebc1  MpuP_init                         
7005ec58  MpuP_disableAsm                   
7005ec70  MpuP_disableBRAsm                 
7005ec80  MpuP_enableAsm                    
7005ec98  MpuP_enableBRAsm                  
7005eca8  MpuP_isEnableAsm                  
7005ecbc  MpuP_setRegionAsm                 
7005ecd0  _c_int00_sbl                      
7005ecf4  _c_int00                          
7005ee21  _DebugP_assertNoLog               
7005ee51  _system_pre_init                  
7005ee81  __mpu_init                        
7005ee90  abort                             
7005ee98  _ftable                           
7005ee98  gMcspiDmaHandle                   
7005ee98  gUartDmaHandle                    
7005f0c0  _device                           
7005f19c  gUartParams                       
7005f1f4  _stream                           
7005f244  gConfigMcspi1ChCfg                
7005f2e0  gSocModulesClockFrequency         
7005f304  gClockConfig                      
7005f424  gMcspiOpenParams                  
7005f438  gAddrTranslateConfig              
7005f444  gSocModules                       
7005f450  __TI_cleanup_ptr                  
7005f454  __TI_dtors_ptr                    
7005f458  gEdmaConfig                       
7005f460  gMcspiConfig                      
7005f470  gUartConfig                       
7005f480  __TI_ft_end                       
7005f484  _lock                             
7005f488  _unlock                           
7005f48c  gConfigMcspiChCfg                 
7005f490  gDebugLogZone                     
7005f494  gDebugP_uartDrvIndex              
7005f498  gEdmaConfigNum                    
7005f49c  gEdmaParams                       
7005f4a0  gHwiConfig                        
7005f4a4  gMcspiConfigNum                   
7005f4a8  gMcspiDmaChConfig                 
7005f4ac  gMcspiNumCh                       
7005f4b0  gSpiHandle                        
7005f4b4  gUartConfigNum                    
7005f4b8  gUartDmaChConfig                  
7005f4bc  isMapAvailable                    
7005f4c8  __IRQ_STACK_START                 
7005f5c8  __FIQ_STACK_START                 
7005f5c8  __IRQ_STACK_END                   
7005f6c8  __FIQ_STACK_END                   
7005f6c8  __SVC_STACK_START                 
700606c8  __ABORT_STACK_START               
700606c8  __SVC_STACK_END                   
700607c8  __ABORT_STACK_END                 
700607c8  __UNDEFINED_STACK_START           
700608c8  __UNDEFINED_STACK_END             
ffffffff  __TI_pprof_out_hndl               
ffffffff  __TI_prof_data_size               
ffffffff  __TI_prof_data_start              
ffffffff  __binit__                         
ffffffff  binit                             
UNDEFED   __TI_CINIT_Base                   
UNDEFED   __TI_CINIT_Limit                  
UNDEFED   __TI_Handler_Table_Base           
UNDEFED   __TI_Handler_Table_Limit          
UNDEFED   _system_post_cinit                

[415 symbols]
