******************************************************************************
            TI ARM Clang Linker PC v4.0.2                      
******************************************************************************
>> Linked Fri May  2 14:22:20 2025

OUTPUT FILE NAME:   <mcspi_loopback_am263px-cc_r5fss0-0_nortos_ti-arm-clang.out>
ENTRY POINT SYMBOL: "_vectors"  address: 00000000


MEMORY CONFIGURATION

         name            origin    length      used     unused   attr    fill
----------------------  --------  ---------  --------  --------  ----  --------
  R5F_VECS              00000000   00000040  00000040  00000000  RWIX
  R5F_TCMA              00000040   00007fc0  00000000  00007fc0  RWIX
  R5F_TCMB              00080000   00008000  00000000  00008000  RWIX
  MAILBOX_HSM           44000000   000003ce  00000000  000003ce  RWIX
  MAILBOX_R5F           44000400   000003ce  00000000  000003ce  RWIX
  FLASH                 60100000   00080000  00000000  00080000  RWIX
  SBL                   70000000   00040000  00000000  00040000  RWIX
  OCRAM                 70040000   00040000  00017f30  000280d0  RWIX
  USER_SHM_MEM          701d0000   00004000  00000000  00004000  RWIX
  LOG_SHM_MEM           701d4000   00004000  00000000  00004000  RWIX
  RTOS_NORTOS_IPC_SHM_M 72000000   00003e80  00000000  00003e80  RWIX


SEGMENT ALLOCATION MAP

run origin  load origin   length   init length attrs members
----------  ----------- ---------- ----------- ----- -------
00000000    00000000    00000040   00000040    r-x
  00000000    00000000    00000040   00000040    r-x .vectors
70040000    70040000    0000d1b8   00000000    rw-
  70040000    70040000    000011b8   00000000    rw- .bss
  700411b8    700411b8    00008000   00000000    rw- .sysmem
  700491b8    700491b8    00004000   00000000    rw- .stack
7004d1c0    7004d1c0    00009458   00009458    r-x
  7004d1c0    7004d1c0    00007920   00007920    r-x .text
  70054ae0    70054ae0    000009e0   000009e0    r-- .rodata
  700554c0    700554c0    00000978   00000978    r-x .text.hwi
  70055e38    70055e38    00000430   00000430    r-x .text.cache
  70056268    70056268    00000218   00000218    r-x .text.mpu
  70056480    70056480    00000190   00000190    r-x .text.boot
  70056610    70056610    00000008   00000008    r-x .text:abort
70056618    70056618    00001920   00000520    rw-
  70056618    70056618    00000520   00000520    rw- .data
  70056b38    70056b38    00000100   00000000    rw- .irqstack
  70056c38    70056c38    00000100   00000000    rw- .fiqstack
  70056d38    70056d38    00001000   00000000    rw- .svcstack
  70057d38    70057d38    00000100   00000000    rw- .abortstack
  70057e38    70057e38    00000100   00000000    rw- .undefinedstack


SECTION ALLOCATION MAP

 output                                  attributes/
section   page    origin      length       input sections
--------  ----  ----------  ----------   ----------------
.vectors   0    00000000    00000040     
                  00000000    00000040     nortos.am263px.r5f.ti-arm-clang.release.lib : HwiP_armv7r_vectors_nortos_asm.obj (.vectors)

.bss       0    70040000    000011b8     UNINITIALIZED
                  70040000    00000808     (.common:gHwiCtrl)
                  70040808    000003b8     ti_drivers_config.o (.bss.gMcspiObjects)
                  70040bc0    00000368     ti_drivers_config.o (.bss.gUartObjects)
                  70040f28    00000120     libsysbm.a : trgmsg.c.obj (.bss:_CIOBUF_)
                  70041048    000000a0     libc.a : defs.c.obj (.bss.__TI_tmpnams)
                  700410e8    00000068     ti_drivers_config.o (.bss.gEdmaObjects)
                  70041150    00000038     (.common:gClockCtrl)
                  70041188    00000010     (.common:virtToPhymap)
                  70041198    00000008     libsysbm.a : hostopen.c.obj (.bss.parmbuf)
                  700411a0    00000004     nortos.am263px.r5f.ti-arm-clang.release.lib : HwiP_armv7r_vim.obj (.bss.gdummy)
                  700411a4    00000004     libc.a : memory.c.obj (.bss.sys_free)
                  700411a8    00000004     (.common:gEdmaHandle)
                  700411ac    00000004     (.common:gMcspiHandle)
                  700411b0    00000004     (.common:gUartHandle)
                  700411b4    00000004     --HOLE--

.sysmem    0    700411b8    00008000     UNINITIALIZED
                  700411b8    00000010     libc.a : memory.c.obj (.sysmem)
                  700411c8    00007ff0     --HOLE--

.stack     0    700491b8    00004000     UNINITIALIZED
                  700491b8    00000004     nortos.am263px.r5f.ti-arm-clang.release.lib : boot_armv7r_asm.obj (.stack)
                  700491bc    00003ffc     --HOLE--

.text      0    7004d1c0    00007920     
                  7004d1c0    00000580     nortos.am263px.r5f.ti-arm-clang.release.lib : printf.obj (.text._vsnprintf)
                  7004d740    000004cc     drivers.am263px.r5f.ti-arm-clang.release.lib : soc_rcm.obj (.text.SOC_rcmEnablePeripheralClock)
                  7004dc0c    00000004     ti_board_open_close.o (.text.Board_driversOpen)
                  7004dc10    00000400     nortos.am263px.r5f.ti-arm-clang.release.lib : printf.obj (.text._ftoa)
                  7004e010    00000010     drivers.am263px.r5f.ti-arm-clang.release.lib : uart_v0_lld.obj (.text.UART_intr2Disable)
                  7004e020    00000390     libc.a : strcmp32.S.obj (.text:strcmp)
                  7004e3b0    00000310     nortos.am263px.r5f.ti-arm-clang.release.lib : printf.obj (.text._etoa)
                  7004e6c0    000002a8     drivers.am263px.r5f.ti-arm-clang.release.lib : uart_v0.obj (.text.UART_open)
                  7004e968    00000298                                                  : mcspi_v0.obj (.text.MCSPI_open)
                  7004ec00    0000027c                                                  : edma.obj (.text.EDMA_init)
                  7004ee7c    00000250                                                  : soc_rcm.obj (.text.SOC_rcmSetPeripheralClock)
                  7004f0cc    0000023c                                                  : uart_v0_lld.obj (.text.UART_configInstance)
                  7004f308    00000204                                                  : edma.obj (.text.EDMA_freeChannelRegion)
                  7004f50c    000001e8                                                  : mcspi_v0_lld.obj (.text.MCSPI_lld_controllerIsr)
                  7004f6f4    000001c0                                                  : mcspi_dma_edma.obj (.text.MCSPI_lld_dmaChInit)
                  7004f8b4    000001a8                                                  : mcspi_v0_lld.obj (.text.MCSPI_lld_chConfig)
                  7004fa5c    000001a8     libc.a : memory.c.obj (.text.free)
                  7004fc04    000001a4            : memory.c.obj (.text.aligned_alloc)
                  7004fda8    00000194     drivers.am263px.r5f.ti-arm-clang.release.lib : uart_dma_edma.obj (.text.UART_lld_dmaInit)
                  7004ff3c    00000160                                                  : edma.obj (.text.EDMA_deinit)
                  7005009c    0000015c                                                  : uart_v0_lld.obj (.text.UART_lld_controllerIsr)
                  700501f8    0000014e                                                  : uart_dma_edma.obj (.text.UART_lld_dmaDeInit)
                  70050346    0000014c                                                  : mcspi_dma_edma.obj (.text.MCSPI_lld_dmaDeInit)
                  70050492    00000002     ti_board_config.o (.text.Board_deinit)
                  70050494    00000144     libc.a : setvbuf.c.obj (.text.setvbuf)
                  700505d8    00000140     nortos.am263px.r5f.ti-arm-clang.release.lib : TimerP_rti.obj (.text.TimerP_setup)
                  70050718    0000013c     drivers.am263px.r5f.ti-arm-clang.release.lib : soc.obj (.text.SOC_virtToPhy)
                  70050854    00000138                                                  : uart_v0.obj (.text.UART_close)
                  7005098c    00000132     nortos.am263px.r5f.ti-arm-clang.release.lib : printf.obj (.text._ntoa_format)
                  70050abe    00000002     ti_board_open_close.o (.text.Board_driversClose)
                  70050ac0    00000118     drivers.am263px.r5f.ti-arm-clang.release.lib : edma.obj (.text.Alloc_resource)
                  70050bd8    00000118     libclang_rt.builtins.a : udivmoddi4.S.obj (.text)
                  70050cf0    00000114     drivers.am263px.r5f.ti-arm-clang.release.lib : soc_rcm.obj (.text.SOC_rcmGetPeripheralClockFrequency)
                  70050e04    0000010e                                                  : uart_v0_lld.obj (.text.UART_lld_write)
                  70050f12    00000106                                                  : mcspi_v0_lld.obj (.text.MCSPI_continuePeripheralTxRx)
                  70051018    00000104                                                  : edma.obj (.text.EDMA_transferCompletionMasterIsrFxn)
                  7005111c    00000104                                                  : uart_dma_edma.obj (.text.UART_lld_dmaWrite)
                  70051220    00000102     nortos.am263px.r5f.ti-arm-clang.release.lib : ClockP_nortos_r5.obj (.text.ClockP_init)
                  70051322    00000002     ti_board_config.o (.text.Board_init)
                  70051324    00000100     drivers.am263px.r5f.ti-arm-clang.release.lib : mcspi_v0.obj (.text.MCSPI_close)
                  70051424    000000fc                                                  : uart_v0.obj (.text.UART_write)
                  70051520    000000f4                                                  : mcspi_v0_lld.obj (.text.MCSPI_lld_initDma)
                  70051614    000000f0     libc.a : fputc.c.obj (.text.fputc)
                  70051704    000000cc     drivers.am263px.r5f.ti-arm-clang.release.lib : edma.obj (.text.EDMA_unregisterIntr)
                  700517d0    000000cc                                                  : uart_v0_lld.obj (.text.UART_lld_initDma)
                  7005189c    000000c8     libc.a : getdevice.c.obj (.text.getdevice)
                  70051964    000000c4     drivers.am263px.r5f.ti-arm-clang.release.lib : mcspi_v0_lld.obj (.text.MCSPI_lld_init)
                  70051a28    000000c0                                                  : uart_v0_lld.obj (.text.UART_lld_init)
                  70051ae8    000000be                                                  : mcspi_dma_edma.obj (.text.MCSPI_edmaIsrTx)
                  70051ba6    00000002     ti_dpl_config.o (.text.Dpl_deinit)
                  70051ba8    000000bc     drivers.am263px.r5f.ti-arm-clang.release.lib : edma.obj (.text.EDMA_registerIntr)
                  70051c64    000000b4     libc.a : fseek.c.obj (.text.fseeko)
                  70051d18    000000b0            : fclose.c.obj (.text.__TI_closefile)
                  70051dc8    000000b0     nortos.am263px.r5f.ti-arm-clang.release.lib : printf.obj (.text._ntoa_long_long)
                  70051e78    000000ac     drivers.am263px.r5f.ti-arm-clang.release.lib : soc_rcm.obj (.text.SOC_rcmGetCoreHSDivOut)
                  70051f24    000000ac                                                  : uart_v0_lld.obj (.text.UART_divisorLatchWrite)
                  70051fd0    000000a8                                                  : edma.obj (.text.EDMA_open)
                  70052078    000000a6     nortos.am263px.r5f.ti-arm-clang.release.lib : printf.obj (.text._out_rev)
                  7005211e    00000002                                                 : SemaphoreP_nortos.obj (.text.SemaphoreP_destruct)
                  70052120    000000a4     libc.a : memory.c.obj (.text.split)
                  700521c4    000000a0     drivers.am263px.r5f.ti-arm-clang.release.lib : edma.obj (.text.EDMA_freeDmaChannel)
                  70052264    000000a0                                                  : edma.obj (.text.EDMA_freeParam)
                  70052304    000000a0                                                  : edma.obj (.text.EDMA_freeTcc)
                  700523a4    000000a0     libsysbm.a : hostrename.c.obj (.text.HOSTrename)
                  70052444    000000a0     drivers.am263px.r5f.ti-arm-clang.release.lib : uart_dma_edma.obj (.text.UART_lld_dmaRead)
                  700524e4    0000009c     libc.a : _io_perm.c.obj (.text.__TI_wrt_ok)
                  70052580    00000098     libsysbm.a : hostlseek.c.obj (.text.HOSTlseek)
                  70052618    00000096     nortos.am263px.r5f.ti-arm-clang.release.lib : SemaphoreP_nortos.obj (.text.SemaphoreP_pend)
                  700526ae    00000094     drivers.am263px.r5f.ti-arm-clang.release.lib : edma.obj (.text.EDMA_configureChannelRegion)
                  70052742    00000002     nortos.am263px.r5f.ti-arm-clang.release.lib : TaskP_nortos.obj (.text.TaskP_yield)
                  70052744    00000094     libsysbm.a : hostopen.c.obj (.text.HOSTopen)
                  700527d8    00000092     drivers.am263px.r5f.ti-arm-clang.release.lib : uart_dma_edma.obj (.text.UART_edmaIsrTx)
                  7005286a    0000008e     nortos.am263px.r5f.ti-arm-clang.release.lib : printf.obj (.text._ntoa_long)
                  700528f8    0000008c     drivers.am263px.r5f.ti-arm-clang.release.lib : mcspi_v0_lld.obj (.text.MCSPI_lld_peripheralIsr)
                  70052984    0000008c     libsysbm.a : close.c.obj (.text.close)
                  70052a10    00000088     drivers.am263px.r5f.ti-arm-clang.release.lib : uart_v0.obj (.text.UART_init)
                  70052a98    00000088                                                  : uart_v0_lld.obj (.text.UART_procLineStatusErr)
                  70052b20    00000088     libc.a : fflush.c.obj (.text.__TI_doflush)
                  70052ba8    00000084     libsysbm.a : hostread.c.obj (.text.HOSTread)
                  70052c2c    00000084                : hostwrite.c.obj (.text.HOSTwrite)
                  70052cb0    00000080     drivers.am263px.r5f.ti-arm-clang.release.lib : uart_v0.obj (.text.UART_flushTxFifo)
                  70052d30    0000007e                                                  : mcspi_v0_lld.obj (.text.MCSPI_fifoRead)
                  70052dae    0000007a                                                  : mcspi_dma_edma.obj (.text.MCSPI_edmaIsrRx)
                  70052e28    0000007a                                                  : mcspi_v0_lld.obj (.text.MCSPI_initiateLastChunkTransfer)
                  70052ea2    00000002                                                  : uart_dma_edma.obj (.text.UART_edmaDoNothing)
                  70052ea4    00000078                                                  : mcspi_v0.obj (.text.MCSPI_init)
                  70052f1c    00000072                                                  : mcspi_v0_lld.obj (.text.MCSPI_fifoWrite)
                  70052f8e    00000072                                                  : mcspi_v0_lld.obj (.text.MCSPI_stop)
                  70053000    00000070                                                  : edma.obj (.text.EDMA_close)
                  70053070    00000070                                                  : mcspi_dma_edma.obj (.text.MCSPI_lld_dmaStop)
                  700530e0    0000006e                                                  : edma.obj (.text.EDMA_disableTransferRegion)
                  7005314e    0000006e                                                  : edma.obj (.text.EDMA_enableTransferRegion)
                  700531bc    0000006c     libsysbm.a : hostunlink.c.obj (.text.HOSTunlink)
                  70053228    00000068     drivers.am263px.r5f.ti-arm-clang.release.lib : uart_v0_lld.obj (.text.UART_lld_writeIntr)
                  70053290    00000066                                                  : uart_v0_lld.obj (.text.UART_lld_writeDma)
                  700532f6    00000002                                                  : uart_v0.obj (.text.UART_lld_errorCallback)
                  700532f8    00000064                                                  : soc.obj (.text.SOC_controlModuleUnlockMMR)
                  7005335c    00000060     libsysbm.a : hostclose.c.obj (.text.HOSTclose)
                  700533bc    00000060     nortos.am263px.r5f.ti-arm-clang.release.lib : PmuP_armv7r.obj (.text.pmu)
                  7005341c    0000005e                                                 : ClockP_nortos.obj (.text.ClockP_timerTickIsr)
                  7005347a    00000002                                                 : printf.obj (.text._out_null)
                  7005347c    0000005c     drivers.am263px.r5f.ti-arm-clang.release.lib : soc.obj (.text.SOC_controlModuleLockMMR)
                  700534d8    0000005c     nortos.am263px.r5f.ti-arm-clang.release.lib : DebugP_log.obj (.text._DebugP_assert)
                  70053534    00000058     libc.a : fopen.c.obj (.text.__TI_cleanup)
                  7005358c    00000058     libsysbm.a : trgmsg.c.obj (.text.__TI_readmsg)
                  700535e4    00000058                : trgmsg.c.obj (.text.__TI_writemsg)
                  7005363c    00000056     nortos.am263px.r5f.ti-arm-clang.release.lib : ClockP_nortos.obj (.text.ClockP_getTimeUsec)
                  70053692    00000056     drivers.am263px.r5f.ti-arm-clang.release.lib : uart_v0_lld.obj (.text.UART_intrDisable)
                  700536e8    00000056                                                  : uart_v0_lld.obj (.text.UART_writeCancelNoCB)
                  7005373e    00000002     --HOLE-- [fill = 0]
                  70053740    00000054     libc.a : exit.c.obj (.text.exit)
                  70053794    00000054            : getdevice.c.obj (.text.finddevice)
                  700537e8    00000054            : autoinit.c.obj (.text:__TI_auto_init_nobinit_nopinit)
                  7005383c    00000052     nortos.am263px.r5f.ti-arm-clang.release.lib : AddrTranslateP_32bit.obj (.text.AddrTranslateP_getLocalAddr)
                  7005388e    00000052     drivers.am263px.r5f.ti-arm-clang.release.lib : mcspi_v0_lld.obj (.text.MCSPI_lld_deInitDma)
                  700538e0    00000050     nortos.am263px.r5f.ti-arm-clang.release.lib : ClockP_nortos.obj (.text.ClockP_construct)
                  70053930    00000050     drivers.am263px.r5f.ti-arm-clang.release.lib : edma.obj (.text.EDMA_allocDmaChannel)
                  70053980    00000050                                                  : edma.obj (.text.EDMA_allocParam)
                  700539d0    00000050                                                  : edma.obj (.text.EDMA_allocTcc)
                  70053a20    0000004e     nortos.am263px.r5f.ti-arm-clang.release.lib : ClockP_nortos.obj (.text.ClockP_addToList)
                  70053a6e    0000004e     ti_drivers_open_close.o (.text.Drivers_uartOpen)
                  70053abc    0000004e     drivers.am263px.r5f.ti-arm-clang.release.lib : edma.obj (.text.EDMA_disableChInShadowRegRegion)
                  70053b0a    0000004e                                                  : mcspi_v0_lld.obj (.text.MCSPI_configInstance)
                  70053b58    0000004c     ti_drivers_open_close.o (.text.Drivers_edmaOpen)
                  70053ba4    0000004c     ti_drivers_open_close.o (.text.Drivers_mcspiOpen)
                  70053bf0    0000004c     drivers.am263px.r5f.ti-arm-clang.release.lib : mcspi_v0.obj (.text.MCSPI_transferCallback)
                  70053c3c    00000048                                                  : uart_dma_edma.obj (.text.UART_edmaIsrRx)
                  70053c84    00000048     libsysbm.a : unlink.c.obj (.text.unlink)
                  70053ccc    00000044     drivers.am263px.r5f.ti-arm-clang.release.lib : uart_v0.obj (.text.UART_Params_init)
                  70053d10    00000044                                                  : uart_v0_lld.obj (.text.UART_lld_deInitDma)
                  70053d54    00000040     nortos.am263px.r5f.ti-arm-clang.release.lib : ClockP_nortos.obj (.text.ClockP_stop)
                  70053d94    00000040     ti_drivers_open_close.o (.text.Drivers_close)
                  70053dd4    00000040     drivers.am263px.r5f.ti-arm-clang.release.lib : edma.obj (.text.EDMA_mapChToEvtQ)
                  70053e14    00000040                                                  : pinmux.obj (.text.Pinmux_config)
                  70053e54    00000040     nortos.am263px.r5f.ti-arm-clang.release.lib : SemaphoreP_nortos.obj (.text.SemaphoreP_constructBinary)
                  70053e94    00000040     drivers.am263px.r5f.ti-arm-clang.release.lib : uart_v0_lld.obj (.text.UART_lld_deInit)
                  70053ed4    00000040     libc.a : memory.c.obj (.text.free_list_insert)
                  70053f14    0000003e     nortos.am263px.r5f.ti-arm-clang.release.lib : SemaphoreP_nortos.obj (.text.SemaphoreP_constructMutex)
                  70053f52    00000002     --HOLE-- [fill = 0]
                  70053f54    0000003c     drivers.am263px.r5f.ti-arm-clang.release.lib : edma.obj (.text.EDMA_getBaseAddr)
                  70053f90    0000003c                                                  : uart_v0_lld.obj (.text.UART_readData)
                  70053fcc    0000003a     nortos.am263px.r5f.ti-arm-clang.release.lib : ClockP_nortos.obj (.text.ClockP_destruct)
                  70054006    0000003a                                                 : DebugP_uartLogWriter.obj (.text.DebugP_uartLogWriterPutChar)
                  70054040    0000003a     ti_power_clock_config.o (.text.Module_clockSetFrequency)
                  7005407a    0000003a     drivers.am263px.r5f.ti-arm-clang.release.lib : uart_v0_lld.obj (.text.UART_lld_flushTxFifo)
                  700540b4    00000038                                                  : soc_rcm.obj (.text.SOC_rcmADPLLJGetFOut)
                  700540ec    00000038     nortos.am263px.r5f.ti-arm-clang.release.lib : DebugP_nortos.obj (.text._DebugP_logZone)
                  70054124    00000036     drivers.am263px.r5f.ti-arm-clang.release.lib : edma.obj (.text.EDMA_clrMissEvtRegion)
                  7005415a    00000034     nortos.am263px.r5f.ti-arm-clang.release.lib : ClockP_nortos.obj (.text.ClockP_start)
                  7005418e    00000034     ti_dpl_config.o (.text.Dpl_init)
                  700541c2    00000034     drivers.am263px.r5f.ti-arm-clang.release.lib : mcspi_v0.obj (.text.MCSPI_errorCallback)
                  700541f6    00000034     ti_power_clock_config.o (.text.Module_clockDisable)
                  7005422a    00000034     ti_power_clock_config.o (.text.Module_clockEnable)
                  7005425e    00000002     --HOLE-- [fill = 0]
                  70054260    00000034     drivers.am263px.r5f.ti-arm-clang.release.lib : soc_rcm.obj (.text.SOC_rcmGetModuleClkDivVal)
                  70054294    00000034     libc.a : memory.c.obj (.text.free_list_remove)
                  700542c8    00000034     libsysbm.a : lseek.c.obj (.text.lseek)
                  700542fc    00000034                : write.c.obj (.text.write)
                  70054330    00000032     drivers.am263px.r5f.ti-arm-clang.release.lib : edma.obj (.text.EDMA_unmapChToEvtQ)
                  70054362    00000032     nortos.am263px.r5f.ti-arm-clang.release.lib : SemaphoreP_nortos.obj (.text.SemaphoreP_post)
                  70054394    00000030     drivers.am263px.r5f.ti-arm-clang.release.lib : uart_v0.obj (.text.UART_lld_writeCompleteCallback)
                  700543c4    00000030     nortos.am263px.r5f.ti-arm-clang.release.lib : PmuP_armv7r_asm.obj (.text.pmu)
                  700543f4    0000002e     drivers.am263px.r5f.ti-arm-clang.release.lib : edma.obj (.text.EDMA_enableChInShadowRegRegion)
                  70054422    0000002e                                                  : uart_v0.obj (.text.UART_lld_readCompleteCallback)
                  70054450    0000002c                                                  : soc_rcm.obj (.text.SOC_rcmGetR5Clock)
                  7005447c    0000002c                                                  : uart_v0.obj (.text.UART_getHandle)
                  700544a8    00000028                                                  : mcspi_v0_lld.obj (.text.MCSPI_fifoReadMultiWord)
                  700544d0    00000028                                                  : soc.obj (.text.SOC_moduleSetClockFrequency)
                  700544f8    00000026                                                  : edma.obj (.text.EDMA_setPaRAM)
                  7005451e    00000026     ti_drivers_config.o (.text.System_init)
                  70054544    00000026     drivers.am263px.r5f.ti-arm-clang.release.lib : uart_dma_edma.obj (.text.UART_lld_dmaDisableChannel)
                  7005456a    00000024                                                  : mcspi_v0_lld.obj (.text.MCSPI_fifoWriteMultiWord)
                  7005458e    00000002     --HOLE-- [fill = 0]
                  70054590    00000024                                                  : uart_v0_lld.obj (.text.UART_IsHWFlowCtrlValid)
                  700545b4    00000024                                                  : uart_v0_lld.obj (.text.UART_IsRxTrigLvlValid)
                  700545d8    00000024                                                  : uart_v0_lld.obj (.text.UART_IsTxTrigLvlValid)
                  700545fc    00000024     libclang_rt.builtins.a : aeabi_uldivmod.S.obj (.text.__aeabi_uldivmod)
                  70054620    00000024     nortos.am263px.r5f.ti-arm-clang.release.lib : printf.obj (.text.vprintf_)
                  70054644    00000022     drivers.am263px.r5f.ti-arm-clang.release.lib : edma.obj (.text.EDMA_linkChannel)
                  70054666    00000020                                                  : mcspi_v0_lld.obj (.text.MCSPI_fifoRead32)
                  70054686    00000020     nortos.am263px.r5f.ti-arm-clang.release.lib : TimerP_rti.obj (.text.TimerP_Params_init)
                  700546a6    00000020     drivers.am263px.r5f.ti-arm-clang.release.lib : uart_v0_lld.obj (.text.UART_getChar)
                  700546c6    0000001e                                                  : uart_v0_lld.obj (.text.UART_spaceAvail)
                  700546e4    0000001c                                                  : mcspi_v0_lld.obj (.text.MCSPI_fifoWrite32)
                  70054700    0000001c                                                  : mcspi_v0_lld.obj (.text.MCSPI_lld_deInit)
                  7005471c    0000001c                                                  : soc_rcm.obj (.text.SOC_rcmIsR5FInLockStepMode)
                  70054738    0000001c     main.o (.text.main)
                  70054754    0000001c     libsysbm.a : hostrename.c.obj (.text.strcpy)
                  70054770    0000001c                : hostrename.c.obj (.text.strlen)
                  7005478c    0000001c     libc.a : memcpy32.S.obj (.text:TI_memcpy_small)
                  700547a8    0000001a     nortos.am263px.r5f.ti-arm-clang.release.lib : CpuId_armv7r.obj (.text.CSL_armR5GetCpuID)
                  700547c2    0000001a     drivers.am263px.r5f.ti-arm-clang.release.lib : edma.obj (.text.EDMA_readEventStatusRegion)
                  700547dc    0000001a     ti_drivers_config.o (.text.System_deinit)
                  700547f6    0000001a     drivers.am263px.r5f.ti-arm-clang.release.lib : uart_v0_lld.obj (.text.UART_enhanFuncEnable)
                  70054810    00000018                                                  : mcspi_v0.obj (.text.MCSPI_deinit)
                  70054828    00000018     nortos.am263px.r5f.ti-arm-clang.release.lib : TimerP_rti.obj (.text.TimerP_getCount)
                  70054840    00000018     drivers.am263px.r5f.ti-arm-clang.release.lib : uart_v0.obj (.text.UART_deinit)
                  70054858    00000018     libc.a : memset32.S.obj (.text:TI_memset_small)
                  70054870    00000016     drivers.am263px.r5f.ti-arm-clang.release.lib : mcspi_v0_lld.obj (.text.MCSPI_reset)
                  70054886    00000016                                                  : uart_v0_lld.obj (.text.UART_IsTxRxFifoEmpty)
                  7005489c    00000016                                                  : uart_v0_lld.obj (.text.UART_getIntrIdentityStatus)
                  700548b2    00000016     mcspi_loopback.o (.text.mcspi_loopback_main)
                  700548c8    00000014     nortos.am263px.r5f.ti-arm-clang.release.lib : ClockP_nortos.obj (.text.ClockP_usecToTicks)
                  700548dc    00000014     drivers.am263px.r5f.ti-arm-clang.release.lib : edma.obj (.text.EDMA_getRegionId)
                  700548f0    00000014                                                  : uart_v0.obj (.text.UART_Transaction_init)
                  70054904    00000014                                                  : uart_v0_lld.obj (.text.UART_enhanFuncBitValRestore)
                  70054918    00000012     ti_drivers_open_close.o (.text.Drivers_open)
                  7005492a    00000012     drivers.am263px.r5f.ti-arm-clang.release.lib : mcspi_dma_edma.obj (.text.MCSPI_lld_dmaInit)
                  7005493c    00000012                                                  : uart_v0_lld.obj (.text.UART_hardwareFlowCtrlOptSet)
                  7005494e    00000012                                                  : uart_v0_lld.obj (.text.UART_operatingModeSelect)
                  70054960    00000012                                                  : uart_v0_lld.obj (.text.UART_readLineStatus)
                  70054972    00000012     ti_dpl_config.o (.text.putchar_)
                  70054984    00000010     libclang_rt.builtins.a : aeabi_memset.S.obj (.text.__aeabi_memset)
                  70054994    00000010     libc.a : fputc.c.obj (.text.putchar)
                  700549a4    0000000e     drivers.am263px.r5f.ti-arm-clang.release.lib : edma.obj (.text.EDMA_ccPaRAMEntry_init)
                  700549b2    0000000e     ti_pinmux_config.o (.text.Pinmux_init)
                  700549c0    0000000e     ti_power_clock_config.o (.text.PowerClock_init)
                  700549ce    0000000c     nortos.am263px.r5f.ti-arm-clang.release.lib : ClockP_nortos.obj (.text.ClockP_getTicks)
                  700549da    0000000c                                                 : DebugP_uartLogWriter.obj (.text.DebugP_uartSetDrvIndex)
                  700549e6    0000000c     drivers.am263px.r5f.ti-arm-clang.release.lib : edma.obj (.text.EDMA_isInitialized)
                  700549f2    0000000c                                                  : soc.obj (.text.SOC_getSelfCpuClk)
                  700549fe    00000002     --HOLE-- [fill = 0]
                  70054a00    0000000c     libclang_rt.builtins.a : aeabi_memset.S.obj (.text.__aeabi_memclr)
                  70054a0c    0000000c     libc.a : memory.c.obj (.text.malloc)
                  70054a18    00000008     libsysbm.a : hostexit.c.obj (.text.HOSTexit)
                  70054a20    0000000c     libc.a : strcmp32.S.obj (.text)
                  70054a2c    0000000c     nortos.am263px.r5f.ti-arm-clang.release.lib : CpuId_armv7r_asm.obj (.text)
                  70054a38    0000000a                                                 : ClockP_nortos.obj (.text.ClockP_Params_init)
                  70054a42    0000000a                                                 : ClockP_nortos.obj (.text.ClockP_isActive)
                  70054a4c    0000000a                                                 : TimerP_rti.obj (.text.TimerP_getReloadCount)
                  70054a56    0000000a                                                 : TimerP_rti.obj (.text.TimerP_start)
                  70054a60    0000000a     drivers.am263px.r5f.ti-arm-clang.release.lib : uart_v0_lld.obj (.text.UART_lld_Transaction_deInit)
                  70054a6a    00000008     nortos.am263px.r5f.ti-arm-clang.release.lib : TimerP_rti.obj (.text.TimerP_clearOverflowInt)
                  70054a72    00000008                                                 : printf.obj (.text._out_char)
                  70054a7a    00000006     drivers.am263px.r5f.ti-arm-clang.release.lib : edma.obj (.text.EDMA_isInterruptEnabled)
                  70054a80    00000006                                                  : soc.obj (.text.SOC_moduleClockEnable)
                  70054a86    00000006                                                  : soc_rcm.obj (.text.SOC_rcmGetCR5SysclkInFrequency)
                  70054a8c    00000004     nortos.am263px.r5f.ti-arm-clang.release.lib : ClockP_nortos_r5.obj (.text.ClockP_getTimerCount)
                  70054a90    00000004                                                 : ClockP_nortos_r5.obj (.text.ClockP_timerClearOverflowInt)
                  70054a94    00000004     ti_power_clock_config.o (.text.PowerClock_deinit)
                  70054a98    00000004     libclang_rt.builtins.a : aeabi_div0.c.obj (.text.__aeabi_ldiv0)
                  70054a9c    00000004                            : aeabi_memcpy.S.obj (.text.__aeabi_memcpy)
                  70054aa0    00000004     libc.a : _lock.c.obj (.text._nop)
                  70054aa4    00000004            : fseek.c.obj (.text.fseek)
                  70054aa8    00000004     libsysbm.a : remove.c.obj (.text.remove)
                  70054aac    00000008     nortos.am263px.r5f.ti-arm-clang.release.lib : HwiP_armv7r_asm.obj (.tramp.HwiP_enable.1)
                  70054ab4    00000008                                                 : HwiP_armv7r_asm.obj (.tramp.HwiP_restore.1)
                  70054abc    00000008                                                 : PmuP_armv7r_asm.obj (.tramp.PmuP_enableCounters.1)
                  70054ac4    0000001c     --HOLE-- [fill = 0]

.rodata    0    70054ae0    000009e0     
                  70054ae0    00000084     ti_dpl_config.o (.rodata.cfg)
                  70054b64    00000051     drivers.am263px.r5f.ti-arm-clang.release.lib : mcspi_v0.obj (.rodata.str1.26396439823528435241)
                  70054bb5    00000003     --HOLE-- [fill = 0]
                  70054bb8    00000050     nortos.am263px.r5f.ti-arm-clang.release.lib : printf.obj (.rodata._ftoa.pow10)
                  70054c08    00000048     drivers.am263px.r5f.ti-arm-clang.release.lib : soc_rcm.obj (.rodata.gADPLLJConfigTbl)
                  70054c50    00000048                                                  : mcspi_v0_lld.obj (.rodata.str1.97363132707188488161)
                  70054c98    0000003d     nortos.am263px.r5f.ti-arm-clang.release.lib : TimerP_rti.obj (.rodata.str1.11444276866610683881)
                  70054cd5    00000037                                                 : SemaphoreP_nortos.obj (.rodata.str1.52751030918495836841)
                  70054d0c    00000036     ti_drivers_open_close.o (.rodata.str1.871795152488895636.1)
                  70054d42    00000035     ti_drivers_open_close.o (.rodata.str1.2554706296470369595.1)
                  70054d77    00000035     ti_drivers_open_close.o (.rodata.str1.7750254725308216577.1)
                  70054dac    0000002e     nortos.am263px.r5f.ti-arm-clang.release.lib : ClockP_nortos.obj (.rodata.str1.39419159632632580371)
                  70054dda    0000002a                                                 : DebugP_log.obj (.rodata.str1.8882360920750446361)
                  70054e04    00000027                                                 : ClockP_nortos_r5.obj (.rodata.str1.91622226613999981811)
                  70054e2b    00000024     drivers.am263px.r5f.ti-arm-clang.release.lib : edma.obj (.rodata.str1.164918382464449145851)
                  70054e4f    00000023     nortos.am263px.r5f.ti-arm-clang.release.lib : ClockP_nortos_r5.obj (.rodata.str1.136646522816104227591)
                  70054e72    00000023     drivers.am263px.r5f.ti-arm-clang.release.lib : soc_rcm.obj (.rodata.str1.15813086600912413471)
                  70054e95    00000022                                                  : edma.obj (.rodata.str1.6611792697437713481)
                  70054eb7    00000021     nortos.am263px.r5f.ti-arm-clang.release.lib : ClockP_nortos_r5.obj (.rodata.str1.99041146818411950391)
                  70054ed8    00000020     drivers.am263px.r5f.ti-arm-clang.release.lib : uart_v0_lld.obj (.rodata.cst32)
                  70054ef8    00000020                                                  : uart_v0.obj (.rodata.str1.150767988884773108331)
                  70054f18    0000001f     nortos.am263px.r5f.ti-arm-clang.release.lib : SemaphoreP_nortos.obj (.rodata.str1.25281168886080794691)
                  70054f37    0000001f                                                 : ClockP_nortos_r5.obj (.rodata.str1.25349503636762439021)
                  70054f56    0000001e     drivers.am263px.r5f.ti-arm-clang.release.lib : mcspi_v0.obj (.rodata.str1.144400815220210358851)
                  70054f74    0000001d                                                  : uart_v0.obj (.rodata.str1.142814395268246240721)
                  70054f91    0000001d     nortos.am263px.r5f.ti-arm-clang.release.lib : TimerP_rti.obj (.rodata.str1.43953063565973961451)
                  70054fae    0000001d                                                 : TimerP_rti.obj (.rodata.str1.93855040560573089411)
                  70054fcb    0000001b     drivers.am263px.r5f.ti-arm-clang.release.lib : edma.obj (.rodata.str1.16266241636797238661)
                  70054fe6    0000001b     nortos.am263px.r5f.ti-arm-clang.release.lib : ClockP_nortos.obj (.rodata.str1.47646432807403639741)
                  70055001    0000001a     drivers.am263px.r5f.ti-arm-clang.release.lib : edma.obj (.rodata.str1.124702968117785801901)
                  7005501b    0000001a     nortos.am263px.r5f.ti-arm-clang.release.lib : ClockP_nortos_r5.obj (.rodata.str1.133203246495064227641)
                  70055035    0000001a     drivers.am263px.r5f.ti-arm-clang.release.lib : soc_rcm.obj (.rodata.str1.153801437654618082741)
                  7005504f    0000001a                                                  : mcspi_v0.obj (.rodata.str1.169212516063846095031)
                  70055069    0000001a                                                  : mcspi_v0.obj (.rodata.str1.99640994410596514241)
                  70055083    00000019     nortos.am263px.r5f.ti-arm-clang.release.lib : TimerP_rti.obj (.rodata.str1.168886728349324121321)
                  7005509c    00000018     drivers.am263px.r5f.ti-arm-clang.release.lib : soc_rcm.obj (.rodata.gControlssPllClkSrcValMap)
                  700550b4    00000018                                                  : soc_rcm.obj (.rodata.gCptsClkSrcValMap)
                  700550cc    00000018                                                  : soc_rcm.obj (.rodata.gI2cClkSrcValMap)
                  700550e4    00000018                                                  : soc_rcm.obj (.rodata.gLinUartClkSrcValMap)
                  700550fc    00000018                                                  : soc_rcm.obj (.rodata.gPeripheralClkSrcInfoMap)
                  70055114    00000018                                                  : soc_rcm.obj (.rodata.gRtiClkSrcValMap)
                  7005512c    00000018                                                  : soc_rcm.obj (.rodata.gWdtClkSrcValMap)
                  70055144    00000018     nortos.am263px.r5f.ti-arm-clang.release.lib : TimerP_rti.obj (.rodata.str1.52901684130585691821)
                  7005515c    00000018     drivers.am263px.r5f.ti-arm-clang.release.lib : uart_v0.obj (.rodata.str1.9069738176458784971)
                  70055174    00000017                                                  : soc_rcm.obj (.rodata.str1.141251745167226470741)
                  7005518b    00000016                                                  : soc_rcm.obj (.rodata.str1.107645048611228328791)
                  700551a1    00000016                                                  : soc_rcm.obj (.rodata.str1.177369307189295936511)
                  700551b7    00000016                                                  : soc_rcm.obj (.rodata.str1.63555232926284281011)
                  700551cd    00000016                                                  : mcspi_v0.obj (.rodata.str1.85423015064808713541)
                  700551e3    00000015                                                  : edma.obj (.rodata.str1.149652404363315708211)
                  700551f8    00000015     nortos.am263px.r5f.ti-arm-clang.release.lib : SemaphoreP_nortos.obj (.rodata.str1.30861210816963497001)
                  7005520d    00000014     drivers.am263px.r5f.ti-arm-clang.release.lib : mcspi_v0_lld.obj (.rodata.str1.147988882001261723701)
                  70055221    00000014                                                  : edma.obj (.rodata.str1.176595599180530855901)
                  70055235    00000014                                                  : mcspi_v0.obj (.rodata.str1.34611452835214624521)
                  70055249    00000014                                                  : edma.obj (.rodata.str1.41785049815304208531)
                  7005525d    00000014                                                  : edma.obj (.rodata.str1.93700429500326477781)
                  70055271    00000013                                                  : soc_rcm.obj (.rodata.str1.30734103837947208761)
                  70055284    00000013                                                  : uart_v0.obj (.rodata.str1.9980655952161290391)
                  70055297    00000012                                                  : uart_v0.obj (.rodata.str1.166492982902436568231)
                  700552a9    00000012                                                  : uart_v0.obj (.rodata.str1.171120843061886446841)
                  700552bb    00000012                                                  : edma.obj (.rodata.str1.41579851849113419871)
                  700552cd    00000012     ti_drivers_open_close.o (.rodata.str1.6538372684047993024.1)
                  700552df    00000012     drivers.am263px.r5f.ti-arm-clang.release.lib : soc_rcm.obj (.rodata.str1.67217821191364965911)
                  700552f1    00000011     ti_drivers_open_close.o (.rodata.str1.12213835641041270557.1)
                  70055302    00000011     drivers.am263px.r5f.ti-arm-clang.release.lib : uart_v0.obj (.rodata.str1.16967668833904919061)
                  70055313    00000011                                                  : edma.obj (.rodata.str1.28692048193800818901)
                  70055324    00000011     nortos.am263px.r5f.ti-arm-clang.release.lib : ClockP_nortos.obj (.rodata.str1.37923443167824241621)
                  70055335    00000011     ti_drivers_open_close.o (.rodata.str1.6292539624901818759.1)
                  70055346    00000010     drivers.am263px.r5f.ti-arm-clang.release.lib : mcspi_v0.obj (.rodata.str1.153145657127816401141)
                  70055356    00000010                                                  : edma.obj (.rodata.str1.18778444954996405781)
                  70055366    0000000f                                                  : edma.obj (.rodata.str1.111354322338949310841)
                  70055375    0000000f                                                  : edma.obj (.rodata.str1.144551280152329776181)
                  70055384    0000000f                                                  : edma.obj (.rodata.str1.2759273541325923811)
                  70055393    0000000f                                                  : edma.obj (.rodata.str1.92547749779646142691)
                  700553a2    0000000e                                                  : edma.obj (.rodata.str1.19244332700943948511)
                  700553b0    0000000e                                                  : edma.obj (.rodata.str1.46057082369026546831)
                  700553be    0000000e                                                  : edma.obj (.rodata.str1.46782315602798139861)
                  700553cc    0000000d     nortos.am263px.r5f.ti-arm-clang.release.lib : TimerP_rti.obj (.rodata.str1.105385333823317069951)
                  700553d9    0000000d     drivers.am263px.r5f.ti-arm-clang.release.lib : edma.obj (.rodata.str1.121775923823351643201)
                  700553e6    0000000d     nortos.am263px.r5f.ti-arm-clang.release.lib : TimerP_rti.obj (.rodata.str1.172059160023720313971)
                  700553f3    00000001     --HOLE-- [fill = 0]
                  700553f4    0000000c     drivers.am263px.r5f.ti-arm-clang.release.lib : mcspi_v0_lld.obj (.rodata..Lswitch.table.MCSPI_lld_controllerIsr.1)
                  70055400    0000000c                                                  : mcspi_v0_lld.obj (.rodata..Lswitch.table.MCSPI_lld_controllerIsr)
                  7005540c    0000000c     nortos.am263px.r5f.ti-arm-clang.release.lib : ClockP_nortos_r5.obj (.rodata.str1.177642182983587376931)
                  70055418    0000000c     drivers.am263px.r5f.ti-arm-clang.release.lib : mcspi_v0.obj (.rodata.str1.69169362540279301091)
                  70055424    0000000c                                                  : edma.obj (.rodata.str1.73371482538137472541)
                  70055430    0000000b                                                  : mcspi_v0.obj (.rodata.str1.169287378047891341191)
                  7005543b    0000000b                                                  : uart_v0.obj (.rodata.str1.174466331461201984741)
                  70055446    0000000b                                                  : uart_v0.obj (.rodata.str1.23952661867579505821)
                  70055451    0000000b                                                  : mcspi_v0.obj (.rodata.str1.248655060218483491)
                  7005545c    0000000b                                                  : edma.obj (.rodata.str1.8716574913843167321)
                  70055467    0000000a                                                  : soc_rcm.obj (.rodata.str1.102656642322745120751)
                  70055471    0000000a                                                  : edma.obj (.rodata.str1.11281620503267214511)
                  7005547b    0000000a                                                  : uart_v0.obj (.rodata.str1.4680544719311723101)
                  70055485    0000000a                                                  : edma.obj (.rodata.str1.94390198658697638781)
                  7005548f    0000000a                                                  : uart_v0.obj (.rodata.str1.98976386761529848021)
                  70055499    00000006                                                  : soc_rcm.obj (.rodata.str1.53743240983164125611)
                  7005549f    00000005     nortos.am263px.r5f.ti-arm-clang.release.lib : printf.obj (.rodata.str1.143852280595428356391)
                  700554a4    00000005                                                 : printf.obj (.rodata.str1.23318557076440195721)
                  700554a9    00000003     --HOLE-- [fill = 0]
                  700554ac    00000004                                                 : CacheP_armv7r.obj (.rodata.gCacheL1dCacheLineSize)
                  700554b0    00000004                                                 : CacheP_armv7r.obj (.rodata.gCacheL1pCacheLineSize)
                  700554b4    00000004                                                 : printf.obj (.rodata.str1.122320159353749299121)
                  700554b8    00000004                                                 : printf.obj (.rodata.str1.81101573233442303481)
                  700554bc    00000004     --HOLE-- [fill = 0]

.text.hwi 
*          0    700554c0    00000978     
                  700554c0    000003f8     nortos.am263px.r5f.ti-arm-clang.release.lib : HwiP_armv7r_vim.obj (.text.hwi)
                  700558b8    0000038a                                                 : HwiP_armv7r_handlers_nortos.obj (.text.hwi)
                  70055c42    00000002     --HOLE-- [fill = 0]
                  70055c44    00000178                                                 : HwiP_armv7r_handlers_nortos_asm.obj (.text.hwi)
                  70055dbc    00000070                                                 : HwiP_armv7r_asm.obj (.text.hwi)
                  70055e2c    00000008                                                 : HwiP_armv7r_asm.obj (.tramp.HwiP_enableFIQ.1)
                  70055e34    00000004     --HOLE-- [fill = 0]

.text.cache 
*          0    70055e38    00000430     
                  70055e38    00000340     nortos.am263px.r5f.ti-arm-clang.release.lib : CacheP_armv7r_asm.obj (.text.cache)
                  70056178    000000d8                                                 : CacheP_armv7r.obj (.text.cache)
                  70056250    00000008                                                 : CacheP_armv7r_asm.obj (.tramp.CacheP_invL1d.1)
                  70056258    00000008                                                 : CacheP_armv7r_asm.obj (.tramp.CacheP_enableL1p.1)
                  70056260    00000008                                                 : HwiP_armv7r_asm.obj (.tramp.HwiP_restore.2)

.text.mpu 
*          0    70056268    00000218     
                  70056268    00000190     nortos.am263px.r5f.ti-arm-clang.release.lib : MpuP_armv7r.obj (.text.mpu)
                  700563f8    00000078                                                 : MpuP_armv7r_asm.obj (.text.mpu)
                  70056470    00000008                                                 : HwiP_armv7r_asm.obj (.tramp.HwiP_restore.3)
                  70056478    00000008                                                 : MpuP_armv7r_asm.obj (.tramp.MpuP_isEnableAsm.1)

.text.boot 
*          0    70056480    00000190     
                  70056480    00000144     nortos.am263px.r5f.ti-arm-clang.release.lib : boot_armv7r_asm.obj (.text.boot)
                  700565c4    0000001e                                                 : DebugP_log.obj (.text.boot)
                  700565e2    0000001c                                                 : boot_armv7r.obj (.text.boot)
                  700565fe    0000000e     ti_dpl_config.o (.text.boot)
                  7005660c    00000004     --HOLE-- [fill = 0]

.text:abort 
*          0    70056610    00000008     
                  70056610    00000008     libc.a : exit.c.obj (.text:abort)

.data      0    70056618    00000520     
                  70056618    000000f0     libc.a : defs.c.obj (.data._ftable)
                  70056708    0000009c     drivers.am263px.r5f.ti-arm-clang.release.lib : mcspi_v0.obj (.data.gMcspiDrvObj)
                  700567a4    0000009c                                                  : uart_v0.obj (.data.gUartDrvObj)
                  70056840    00000078     libsysbm.a : host_device.c.obj (.data._device)
                  700568b8    00000064     ti_drivers_config.o (.data.gEdmaAttrs)
                  7005691c    00000058     ti_drivers_open_close.o (.data.gUartParams)
                  70056974    00000050     libsysbm.a : host_device.c.obj (.data._stream)
                  700569c4    00000040     ti_drivers_open_close.o (.data.gConfigMcspi0ChCfg)
                  70056a04    00000038     ti_pinmux_config.o (.data.gPinMuxMainDomainCfg)
                  70056a3c    00000024     ti_drivers_config.o (.data.gMcspiAttrs)
                  70056a60    00000024     ti_power_clock_config.o (.data.gSocModulesClockFrequency)
                  70056a84    00000018     ti_dpl_config.o (.data.gClockConfig)
                  70056a9c    00000014     ti_drivers_open_close.o (.data.gMcspiOpenParams)
                  70056ab0    0000000c     nortos.am263px.r5f.ti-arm-clang.release.lib : AddrTranslateP_32bit.obj (.data.gAddrTranslateConfig)
                  70056abc    0000000c     ti_power_clock_config.o (.data.gSocModules)
                  70056ac8    00000008     libc.a : exit.c.obj (.data..L_MergedGlobals)
                  70056ad0    00000008     ti_drivers_config.o (.data.gEdmaConfig)
                  70056ad8    00000008     ti_drivers_config.o (.data.gMcspiConfig)
                  70056ae0    00000008     ti_drivers_config.o (.data.gUartAttrs)
                  70056ae8    00000008     ti_drivers_config.o (.data.gUartConfig)
                  70056af0    00000008     nortos.am263px.r5f.ti-arm-clang.release.lib : PmuP_armv7r.obj (.data.pmu)
                  70056af8    00000004     libc.a : defs.c.obj (.data.__TI_ft_end)
                  70056afc    00000004            : _lock.c.obj (.data._lock)
                  70056b00    00000004            : _lock.c.obj (.data._unlock)
                  70056b04    00000004     ti_drivers_open_close.o (.data.gConfigMcspiChCfg)
                  70056b08    00000004     nortos.am263px.r5f.ti-arm-clang.release.lib : DebugP_log.obj (.data.gDebugLogZone)
                  70056b0c    00000004                                                 : DebugP_uartLogWriter.obj (.data.gDebugP_uartDrvIndex)
                  70056b10    00000004     ti_drivers_config.o (.data.gEdmaConfigNum)
                  70056b14    00000004     ti_drivers_open_close.o (.data.gEdmaParams)
                  70056b18    00000004     ti_dpl_config.o (.data.gHwiConfig)
                  70056b1c    00000004     ti_drivers_config.o (.data.gMcspiConfigNum)
                  70056b20    00000004     ti_drivers_open_close.o (.data.gMcspiDmaChConfig)
                  70056b24    00000004     ti_drivers_config.o (.data.gMcspiNumCh)
                  70056b28    00000004     ti_drivers_config.o (.data.gUartConfigNum)
                  70056b2c    00000004     ti_drivers_open_close.o (.data.gUartDmaChConfig)
                  70056b30    00000001     drivers.am263px.r5f.ti-arm-clang.release.lib : soc.obj (.data.isMapAvailable)
                  70056b31    00000003     --HOLE-- [fill = 0]
                  70056b34    00000001     libc.a : memory.c.obj (.data.memory_is_initialized)
                  70056b35    00000003     --HOLE-- [fill = 0]

.irqstack 
*          0    70056b38    00000100     UNINITIALIZED
                  70056b38    00000100     --HOLE--

.fiqstack 
*          0    70056c38    00000100     UNINITIALIZED
                  70056c38    00000100     --HOLE--

.svcstack 
*          0    70056d38    00001000     UNINITIALIZED
                  70056d38    00001000     --HOLE--

.abortstack 
*          0    70057d38    00000100     UNINITIALIZED
                  70057d38    00000100     --HOLE--

.undefinedstack 
*          0    70057e38    00000100     UNINITIALIZED
                  70057e38    00000100     --HOLE--

.init_array 
*          0    70040000    00000000     UNINITIALIZED

MODULE SUMMARY

       Module                                code    ro data   rw data
       ------                                ----    -------   -------
    .\
       main.o                                28      0         0      
       mcspi_loopback.o                      22      0         0      
    +--+-------------------------------------+-------+---------+---------+
       Total:                                50      0         0      
                                                                      
    .\syscfg\
       ti_drivers_config.o                   64      0         2112   
       ti_drivers_open_close.o               312     212       200    
       ti_dpl_config.o                       86      132       28     
       ti_power_clock_config.o               180     0         48     
       ti_pinmux_config.o                    14      0         56     
       ti_board_open_close.o                 6       0         0      
       ti_board_config.o                     4       0         0      
    +--+-------------------------------------+-------+---------+---------+
       Total:                                666     344       2444   
                                                                      
    C:/ti/mcu_plus_sdk_am263px_10_01_00_34/source/drivers/lib/drivers.am263px.r5f.ti-arm-clang.release.lib
       edma.obj                              4306    413       0      
       soc_rcm.obj                           2454    443       0      
       uart_v0_lld.obj                       2862    32        0      
       mcspi_v0_lld.obj                      2576    116       0      
       uart_v0.obj                           1760    199       156    
       mcspi_v0.obj                          1192    255       156    
       uart_dma_edma.obj                     1416    0         0      
       mcspi_dma_edma.obj                    1222    0         0      
       soc.obj                               566     0         17     
       pinmux.obj                            64      0         0      
    +--+-------------------------------------+-------+---------+---------+
       Total:                                18418   1458      329    
                                                                      
    C:/ti/mcu_plus_sdk_am263px_10_01_00_34/source/kernel/nortos/lib/nortos.am263px.r5f.ti-arm-clang.release.lib
       printf.obj                            4052    98        0      
       HwiP_armv7r_vim.obj                   1016    0         2060   
       HwiP_armv7r_handlers_nortos.obj       906     0         0      
       CacheP_armv7r_asm.obj                 848     0         0      
       ClockP_nortos.obj                     564     90        56     
       TimerP_rti.obj                        404     194       0      
       ClockP_nortos_r5.obj                  266     176       0      
       SemaphoreP_nortos.obj                 328     107       0      
       MpuP_armv7r.obj                       400     0         0      
       HwiP_armv7r_handlers_nortos_asm.obj   376     0         0      
       boot_armv7r_asm.obj                   324     0         0      
       CacheP_armv7r.obj                     216     8         0      
       DebugP_log.obj                        122     42        4      
       HwiP_armv7r_asm.obj                   152     0         0      
       MpuP_armv7r_asm.obj                   128     0         0      
       PmuP_armv7r.obj                       96      0         8      
       AddrTranslateP_32bit.obj              82      0         12     
       DebugP_uartLogWriter.obj              70      0         4      
       HwiP_armv7r_vectors_nortos_asm.obj    64      0         0      
       DebugP_nortos.obj                     56      0         0      
       PmuP_armv7r_asm.obj                   56      0         0      
       boot_armv7r.obj                       28      0         0      
       CpuId_armv7r.obj                      26      0         0      
       CpuId_armv7r_asm.obj                  12      0         0      
       TaskP_nortos.obj                      2       0         0      
    +--+-------------------------------------+-------+---------+---------+
       Total:                                10594   715       2144   
                                                                      
    C:\ti\ccs2011\ccs\tools\compiler\ti-cgt-armllvm_4.0.2.LTS\lib\armv7r-ti-none-eabihf/c/libc.a
       memory.c.obj                          1136    0         5      
       strcmp32.S.obj                        924     0         0      
       defs.c.obj                            0       0         404    
       setvbuf.c.obj                         324     0         0      
       getdevice.c.obj                       284     0         0      
       fputc.c.obj                           256     0         0      
       fseek.c.obj                           184     0         0      
       fclose.c.obj                          176     0         0      
       _io_perm.c.obj                        156     0         0      
       fflush.c.obj                          136     0         0      
       exit.c.obj                            92      0         8      
       fopen.c.obj                           88      0         0      
       autoinit.c.obj                        84      0         0      
       memcpy32.S.obj                        28      0         0      
       memset32.S.obj                        24      0         0      
       _lock.c.obj                           4       0         8      
    +--+-------------------------------------+-------+---------+---------+
       Total:                                3896    0         425    
                                                                      
    C:\ti\ccs2011\ccs\tools\compiler\ti-cgt-armllvm_4.0.2.LTS\lib\armv7r-ti-none-eabihf/c/libsysbm.a
       trgmsg.c.obj                          176     0         288    
       hostrename.c.obj                      216     0         0      
       host_device.c.obj                     0       0         200    
       hostopen.c.obj                        148     0         8      
       hostlseek.c.obj                       152     0         0      
       close.c.obj                           140     0         0      
       hostread.c.obj                        132     0         0      
       hostwrite.c.obj                       132     0         0      
       hostunlink.c.obj                      108     0         0      
       hostclose.c.obj                       96      0         0      
       unlink.c.obj                          72      0         0      
       lseek.c.obj                           52      0         0      
       write.c.obj                           52      0         0      
       hostexit.c.obj                        8       0         0      
       remove.c.obj                          4       0         0      
    +--+-------------------------------------+-------+---------+---------+
       Total:                                1488    0         496    
                                                                      
    C:\ti\ccs2011\ccs\tools\compiler\ti-cgt-armllvm_4.0.2.LTS\lib\armv7r-ti-none-eabihf/libclang_rt.builtins.a
       udivmoddi4.S.obj                      280     0         0      
       aeabi_uldivmod.S.obj                  36      0         0      
       aeabi_memset.S.obj                    28      0         0      
       aeabi_div0.c.obj                      4       0         0      
       aeabi_memcpy.S.obj                    4       0         0      
    +--+-------------------------------------+-------+---------+---------+
       Total:                                352     0         0      
                                                                      
       Heap:                                 0       0         32768  
       Stack:                                0       0         16384  
    +--+-------------------------------------+-------+---------+---------+
       Grand Total:                          35464   2517      54990  

VENEERS

callee name               veneer name
   callee addr  veneer addr  call addr  call info
--------------  -----------  ---------  ----------------
HwiP_enableFIQ            $Ven$TA$L$PI$$HwiP_enableFIQ
   70055dec     70055e2c     700558a2   nortos.am263px.r5f.ti-arm-clang.release.lib : HwiP_armv7r_vim.obj (.text.hwi)
CacheP_invL1d             $Ven$TA$L$PI$$CacheP_invL1d
   70055ea8     70056250     7005624c   nortos.am263px.r5f.ti-arm-clang.release.lib : CacheP_armv7r.obj (.text.cache)
CacheP_enableL1p          $Ven$TA$L$PI$$CacheP_enableL1p
   70055e90     70056258     70056226   nortos.am263px.r5f.ti-arm-clang.release.lib : CacheP_armv7r.obj (.text.cache)
HwiP_restore              $Ven$TA$L$PI$$HwiP_restore
   70055dfc     70056260     70056206   nortos.am263px.r5f.ti-arm-clang.release.lib : CacheP_armv7r.obj (.text.cache)
HwiP_restore              $Ven$TA$L$PI$$HwiP_restore
   70055dfc     70056470     70056354   nortos.am263px.r5f.ti-arm-clang.release.lib : MpuP_armv7r.obj (.text.mpu)
                             70056392                                               : MpuP_armv7r.obj (.text.mpu)
MpuP_isEnableAsm          $Ven$TA$L$PI$$MpuP_isEnableAsm
   70056448     70056478     70056324   nortos.am263px.r5f.ti-arm-clang.release.lib : MpuP_armv7r.obj (.text.mpu)
HwiP_enable               $Ven$TA$L$PI$$HwiP_enable
   70055ddc     70054aac     700541be   ti_dpl_config.o (.text.Dpl_init)
HwiP_restore              $Ven$TA$L$PI$$HwiP_restore
   70055dfc     70054ab4     70053d90   nortos.am263px.r5f.ti-arm-clang.release.lib : ClockP_nortos.obj (.text.ClockP_stop)
                             70054002                                               : ClockP_nortos.obj (.text.ClockP_destruct)
                             7005418a                                               : ClockP_nortos.obj (.text.ClockP_start)
                             70054390                                               : SemaphoreP_nortos.obj (.text.SemaphoreP_post)
PmuP_enableCounters       $Ven$TA$L$PI$$PmuP_enableCounters
   700543d4     70054abc     700533ec   nortos.am263px.r5f.ti-arm-clang.release.lib : PmuP_armv7r.obj (.text.pmu)

[9 trampolines]
[13 trampoline calls]


GLOBAL SYMBOLS: SORTED ALPHABETICALLY BY Name 

address   name                              
-------   ----                              
7005383d  AddrTranslateP_getLocalAddr       
70050493  Board_deinit                      
70050abf  Board_driversClose                
7004dc0d  Board_driversOpen                 
70051323  Board_init                        
70054a18  C$$EXIT                           
70053630  C$$IO$$                           
700547a9  CSL_armR5GetCpuID                 
70054a2c  CSL_armR5ReadMpidrReg             
70056148  CacheP_configForceWrThru          
700561d1  CacheP_disable                    
70055e38  CacheP_disableL1d                 
70055e60  CacheP_disableL1p                 
7005620b  CacheP_enable                     
70055e78  CacheP_enableL1d                  
70055e90  CacheP_enableL1p                  
7005613c  CacheP_getCacheLevelInfo          
70056104  CacheP_getEnabled                 
70056179  CacheP_init                       
7005622b  CacheP_inv                        
70055ea8  CacheP_invL1d                     
70055f1c  CacheP_invL1dAll                  
70055ee0  CacheP_invL1p                     
70055f24  CacheP_invL1pAll                  
70056168  CacheP_setDLFO                    
70055f2c  CacheP_wb                         
70055fa4  CacheP_wbAll                      
70055f68  CacheP_wbInv                      
7005604c  CacheP_wbInvAll                   
70056064  CacheP_wbInvAllAsm                
70054a39  ClockP_Params_init                
700538e1  ClockP_construct                  
70053fcd  ClockP_destruct                   
700549cf  ClockP_getTicks                   
7005363d  ClockP_getTimeUsec                
70054a8d  ClockP_getTimerCount              
70051221  ClockP_init                       
70054a43  ClockP_isActive                   
7005415b  ClockP_start                      
70053d55  ClockP_stop                       
70054a91  ClockP_timerClearOverflowInt      
7005341d  ClockP_timerTickIsr               
700548c9  ClockP_usecToTicks                
700543c4  CycleCounterP_getCount32          
700533bd  CycleCounterP_init                
700533f1  CycleCounterP_nsToTicks           
700533cd  CycleCounterP_reset               
70054007  DebugP_uartLogWriterPutChar       
700549db  DebugP_uartSetDrvIndex            
70051ba7  Dpl_deinit                        
7005418f  Dpl_init                          
70053d95  Drivers_close                     
70053b59  Drivers_edmaOpen                  
70053ba5  Drivers_mcspiOpen                 
70054919  Drivers_open                      
70053a6f  Drivers_uartOpen                  
70053931  EDMA_allocDmaChannel              
70053981  EDMA_allocParam                   
700539d1  EDMA_allocTcc                     
700549a5  EDMA_ccPaRAMEntry_init            
70053001  EDMA_close                        
70054125  EDMA_clrMissEvtRegion             
700526af  EDMA_configureChannelRegion       
7004ff3d  EDMA_deinit                       
70053abd  EDMA_disableChInShadowRegRegion   
700530e1  EDMA_disableTransferRegion        
700543f5  EDMA_enableChInShadowRegRegion    
7005314f  EDMA_enableTransferRegion         
7004f309  EDMA_freeChannelRegion            
700521c5  EDMA_freeDmaChannel               
70052265  EDMA_freeParam                    
70052305  EDMA_freeTcc                      
70053f55  EDMA_getBaseAddr                  
700548dd  EDMA_getRegionId                  
7004ec01  EDMA_init                         
700549e7  EDMA_isInitialized                
70054a7b  EDMA_isInterruptEnabled           
70054645  EDMA_linkChannel                  
70053dd5  EDMA_mapChToEvtQ                  
70051fd1  EDMA_open                         
700547c3  EDMA_readEventStatusRegion        
70051ba9  EDMA_registerIntr                 
700544f9  EDMA_setPaRAM                     
70054331  EDMA_unmapChToEvtQ                
70051705  EDMA_unregisterIntr               
70055d7c  GET_ADFSR                         
70055d94  GET_AIFSR                         
70055d84  GET_DFAR                          
70055d74  GET_DFSR                          
70055d9c  GET_IFAR                          
70055d8c  GET_IFSR                          
70055da4  GET_SPSR                          
7005335c  HOSTclose                         
70054a18  HOSTexit                          
70052580  HOSTlseek                         
70052744  HOSTopen                          
70052ba8  HOSTread                          
700523a4  HOSTrename                        
700531bc  HOSTunlink                        
70052c2c  HOSTwrite                         
700555b9  HwiP_Params_init                  
70055571  HwiP_clearInt                     
700555cb  HwiP_construct                    
70055cb8  HwiP_data_abort_handler           
70055ba1  HwiP_data_abort_handler_c         
70055713  HwiP_destruct                     
70055dbc  HwiP_disable                      
70055dcc  HwiP_disableFIQ                   
700554e9  HwiP_disableInt                   
70055e14  HwiP_disableVIC                   
70055ddc  HwiP_enable                       
70055dec  HwiP_enableFIQ                    
700554c1  HwiP_enableInt                    
70055e04  HwiP_enableVIC                    
7005593d  HwiP_fiq_handler                  
70055e24  HwiP_getCPSR                      
700558a7  HwiP_inISR                        
700557e5  HwiP_init                         
70055c44  HwiP_irq_handler                  
700558b9  HwiP_irq_handler_c                
70055591  HwiP_post                         
70055cfc  HwiP_prefetch_abort_handler       
70055ad5  HwiP_prefetch_abort_handler_c     
700559ed  HwiP_reserved_handler             
70055dfc  HwiP_restore                      
7005551b  HwiP_restoreInt                   
70055a73  HwiP_svc_handler                  
70055d2c  HwiP_undefined_handler            
70055a45  HwiP_undefined_handler_c          
70055b6d  HwiP_user_data_abort_handler_c    
70055aa1  HwiP_user_prefetch_abort_handler_c
70055a1b  HwiP_user_undefined_handler_c     
70051325  MCSPI_close                       
70054811  MCSPI_deinit                      
700541c3  MCSPI_errorCallback               
70052ea5  MCSPI_init                        
7004f50d  MCSPI_lld_controllerIsr           
70054701  MCSPI_lld_deInit                  
7005388f  MCSPI_lld_deInitDma               
7004f6f5  MCSPI_lld_dmaChInit               
70050347  MCSPI_lld_dmaDeInit               
7005492b  MCSPI_lld_dmaInit                 
70053071  MCSPI_lld_dmaStop                 
70051965  MCSPI_lld_init                    
70051521  MCSPI_lld_initDma                 
700528f9  MCSPI_lld_peripheralIsr           
7004e969  MCSPI_open                        
70054871  MCSPI_reset                       
70052f8f  MCSPI_stop                        
70053bf1  MCSPI_transferCallback            
700541f7  Module_clockDisable               
7005422b  Module_clockEnable                
70054041  Module_clockSetFrequency          
70056269  MpuP_RegionAttrs_init             
70056329  MpuP_disable                      
700563f8  MpuP_disableAsm                   
70056410  MpuP_disableBRAsm                 
7005635b  MpuP_enable                       
70056420  MpuP_enableAsm                    
70056438  MpuP_enableBRAsm                  
70056397  MpuP_init                         
70056325  MpuP_isEnable                     
70056448  MpuP_isEnableAsm                  
70056277  MpuP_setRegion                    
7005645c  MpuP_setRegionAsm                 
70053e15  Pinmux_config                     
700549b3  Pinmux_init                       
700543ec  PmuP_clearOverflowStatus          
700543dc  PmuP_disableCounters              
700543d4  PmuP_enableCounters               
700543e4  PmuP_getOverflowStatus            
700543cc  PmuP_setup                        
70054a95  PowerClock_deinit                 
700549c1  PowerClock_init                   
7005347d  SOC_controlModuleLockMMR          
700532f9  SOC_controlModuleUnlockMMR        
700549f3  SOC_getSelfCpuClk                 
70054a81  SOC_moduleClockEnable             
700544d1  SOC_moduleSetClockFrequency       
7004d741  SOC_rcmEnablePeripheralClock      
70050cf1  SOC_rcmGetPeripheralClockFrequency
70054451  SOC_rcmGetR5Clock                 
7005471d  SOC_rcmIsR5FInLockStepMode        
7004ee7d  SOC_rcmSetPeripheralClock         
70050719  SOC_virtToPhy                     
70053e55  SemaphoreP_constructBinary        
70053f15  SemaphoreP_constructMutex         
7005211f  SemaphoreP_destruct               
70052619  SemaphoreP_pend                   
70054363  SemaphoreP_post                   
700547dd  System_deinit                     
7005451f  System_init                       
7005478c  TI_memcpy_small                   
70054858  TI_memset_small                   
70052743  TaskP_yield                       
70054687  TimerP_Params_init                
70054a6b  TimerP_clearOverflowInt           
70054829  TimerP_getCount                   
70054a4d  TimerP_getReloadCount             
700505d9  TimerP_setup                      
70054a57  TimerP_start                      
70054887  UART_IsTxRxFifoEmpty              
70053ccd  UART_Params_init                  
700548f1  UART_Transaction_init             
70050855  UART_close                        
70054841  UART_deinit                       
70052cb1  UART_flushTxFifo                  
700546a7  UART_getChar                      
7005447d  UART_getHandle                    
7005489d  UART_getIntrIdentityStatus        
70052a11  UART_init                         
7004e011  UART_intr2Disable                 
70053693  UART_intrDisable                  
70054a61  UART_lld_Transaction_deInit       
7005009d  UART_lld_controllerIsr            
70053e95  UART_lld_deInit                   
70053d11  UART_lld_deInitDma                
700501f9  UART_lld_dmaDeInit                
70054545  UART_lld_dmaDisableChannel        
7004fda9  UART_lld_dmaInit                  
70052445  UART_lld_dmaRead                  
7005111d  UART_lld_dmaWrite                 
7005407b  UART_lld_flushTxFifo              
70051a29  UART_lld_init                     
700517d1  UART_lld_initDma                  
70050e05  UART_lld_write                    
70053291  UART_lld_writeDma                 
70053229  UART_lld_writeIntr                
7004e6c1  UART_open                         
7005494f  UART_operatingModeSelect          
70052a99  UART_procLineStatusErr            
70054961  UART_readLineStatus               
700546c7  UART_spaceAvail                   
70051425  UART_write                        
700536e9  UART_writeCancelNoCB              
70040f28  _CIOBUF_                          
700534d9  _DebugP_assert                    
700565c5  _DebugP_assertNoLog               
700540ed  _DebugP_logZone                   
70057e38  __ABORT_STACK_END                 
00000100  __ABORT_STACK_SIZE                
70057d38  __ABORT_STACK_START               
700411b8  __BSS_END                         
70040000  __BSS_START                       
70040f28  __CIOBUF_                         
70056d38  __FIQ_STACK_END                   
00000100  __FIQ_STACK_SIZE                  
70056c38  __FIQ_STACK_START                 
70056c38  __IRQ_STACK_END                   
00000100  __IRQ_STACK_SIZE                  
70056b38  __IRQ_STACK_START                 
7004d1b8  __STACK_END                       
00004000  __STACK_SIZE                      
70057d38  __SVC_STACK_END                   
00001000  __SVC_STACK_SIZE                  
70056d38  __SVC_STACK_START                 
00008000  __SYSMEM_SIZE                     
00000000  __TI_ATRegion0_region_sz          
00000000  __TI_ATRegion0_src_addr           
00000000  __TI_ATRegion0_trg_addr           
00000000  __TI_ATRegion1_region_sz          
00000000  __TI_ATRegion1_src_addr           
00000000  __TI_ATRegion1_trg_addr           
00000000  __TI_ATRegion2_region_sz          
00000000  __TI_ATRegion2_src_addr           
00000000  __TI_ATRegion2_trg_addr           
UNDEFED   __TI_CINIT_Base                   
UNDEFED   __TI_CINIT_Limit                  
UNDEFED   __TI_Handler_Table_Base           
UNDEFED   __TI_Handler_Table_Limit          
700537e8  __TI_auto_init_nobinit_nopinit    
70053534  __TI_cleanup                      
70056ac8  __TI_cleanup_ptr                  
70051d18  __TI_closefile                    
70052b20  __TI_doflush                      
70056acc  __TI_dtors_ptr                    
70056af8  __TI_ft_end                       
ffffffff  __TI_pprof_out_hndl               
ffffffff  __TI_prof_data_size               
ffffffff  __TI_prof_data_start              
7005358c  __TI_readmsg                      
00000000  __TI_static_base__                
70041048  __TI_tmpnams                      
700535e4  __TI_writemsg                     
700524e4  __TI_wrt_ok                       
70057f38  __UNDEFINED_STACK_END             
00000100  __UNDEFINED_STACK_SIZE            
70057e38  __UNDEFINED_STACK_START           
70054a98  __aeabi_ldiv0                     
70054a00  __aeabi_memclr                    
70054a00  __aeabi_memclr4                   
70054a00  __aeabi_memclr8                   
70054a9c  __aeabi_memcpy                    
70054a9c  __aeabi_memcpy4                   
70054a9c  __aeabi_memcpy8                   
70054984  __aeabi_memset                    
70054984  __aeabi_memset4                   
70054984  __aeabi_memset8                   
700545fc  __aeabi_uldivmod                  
ffffffff  __binit__                         
700565ff  __mpu_init                        
700491b8  __stack                           
70050bd8  __udivmoddi4                      
700564a4  _c_int00                          
70056480  _c_int00_sbl                      
70056840  _device                           
70056618  _ftable                           
70056afc  _lock                             
70054aa0  _nop                              
70056974  _stream                           
700411b8  _sys_memory                       
UNDEFED   _system_post_cinit                
700565e3  _system_pre_init                  
70056b00  _unlock                           
00000000  _vectors                          
70056610  abort                             
7004fc04  aligned_alloc                     
ffffffff  binit                             
70052984  close                             
70053740  exit                              
70053794  finddevice                        
70051614  fputc                             
7004fa5c  free                              
70054aa4  fseek                             
70051c64  fseeko                            
70054c08  gADPLLJConfigTbl                  
70056ab0  gAddrTranslateConfig              
70054ae0  gCacheConfig                      
700554ac  gCacheL1dCacheLineSize            
700554b0  gCacheL1pCacheLineSize            
70056a84  gClockConfig                      
70041150  gClockCtrl                        
700569c4  gConfigMcspi0ChCfg                
70056b04  gConfigMcspiChCfg                 
70056b08  gDebugLogZone                     
70056b0c  gDebugP_uartDrvIndex              
70056ad0  gEdmaConfig                       
70056b10  gEdmaConfigNum                    
700411a8  gEdmaHandle                       
70056b14  gEdmaParams                       
70056b18  gHwiConfig                        
70040000  gHwiCtrl                          
70056ad8  gMcspiConfig                      
70056b1c  gMcspiConfigNum                   
70056b20  gMcspiDmaChConfig                 
70056618  gMcspiDmaHandle                   
700411ac  gMcspiHandle                      
70056b24  gMcspiNumCh                       
70056a9c  gMcspiOpenParams                  
70054ae8  gMpuConfig                        
70054af4  gMpuRegionConfig                  
700550fc  gPeripheralClkSrcInfoMap          
70056abc  gSocModules                       
70056a60  gSocModulesClockFrequency         
70056ae8  gUartConfig                       
70056b28  gUartConfigNum                    
70056b2c  gUartDmaChConfig                  
70056618  gUartDmaHandle                    
700411b0  gUartHandle                       
7005691c  gUartParams                       
7005189c  getdevice                         
70056b30  isMapAvailable                    
700542c8  lseek                             
70054739  main                              
70054a0c  malloc                            
700548b3  mcspi_loopback_main               
7004fc04  memalign                          
70041198  parmbuf                           
70054994  putchar                           
70054973  putchar_                          
70054aa8  remove                            
70050494  setvbuf                           
7004e020  strcmp                            
70053c84  unlink                            
70041188  virtToPhymap                      
70054621  vprintf_                          
700542fc  write                             


GLOBAL SYMBOLS: SORTED BY Symbol Address 

address   name                              
-------   ----                              
00000000  __TI_ATRegion0_region_sz          
00000000  __TI_ATRegion0_src_addr           
00000000  __TI_ATRegion0_trg_addr           
00000000  __TI_ATRegion1_region_sz          
00000000  __TI_ATRegion1_src_addr           
00000000  __TI_ATRegion1_trg_addr           
00000000  __TI_ATRegion2_region_sz          
00000000  __TI_ATRegion2_src_addr           
00000000  __TI_ATRegion2_trg_addr           
00000000  __TI_static_base__                
00000000  _vectors                          
00000100  __ABORT_STACK_SIZE                
00000100  __FIQ_STACK_SIZE                  
00000100  __IRQ_STACK_SIZE                  
00000100  __UNDEFINED_STACK_SIZE            
00001000  __SVC_STACK_SIZE                  
00004000  __STACK_SIZE                      
00008000  __SYSMEM_SIZE                     
70040000  __BSS_START                       
70040000  gHwiCtrl                          
70040f28  _CIOBUF_                          
70040f28  __CIOBUF_                         
70041048  __TI_tmpnams                      
70041150  gClockCtrl                        
70041188  virtToPhymap                      
70041198  parmbuf                           
700411a8  gEdmaHandle                       
700411ac  gMcspiHandle                      
700411b0  gUartHandle                       
700411b8  __BSS_END                         
700411b8  _sys_memory                       
700491b8  __stack                           
7004d1b8  __STACK_END                       
7004d741  SOC_rcmEnablePeripheralClock      
7004dc0d  Board_driversOpen                 
7004e011  UART_intr2Disable                 
7004e020  strcmp                            
7004e6c1  UART_open                         
7004e969  MCSPI_open                        
7004ec01  EDMA_init                         
7004ee7d  SOC_rcmSetPeripheralClock         
7004f309  EDMA_freeChannelRegion            
7004f50d  MCSPI_lld_controllerIsr           
7004f6f5  MCSPI_lld_dmaChInit               
7004fa5c  free                              
7004fc04  aligned_alloc                     
7004fc04  memalign                          
7004fda9  UART_lld_dmaInit                  
7004ff3d  EDMA_deinit                       
7005009d  UART_lld_controllerIsr            
700501f9  UART_lld_dmaDeInit                
70050347  MCSPI_lld_dmaDeInit               
70050493  Board_deinit                      
70050494  setvbuf                           
700505d9  TimerP_setup                      
70050719  SOC_virtToPhy                     
70050855  UART_close                        
70050abf  Board_driversClose                
70050bd8  __udivmoddi4                      
70050cf1  SOC_rcmGetPeripheralClockFrequency
70050e05  UART_lld_write                    
7005111d  UART_lld_dmaWrite                 
70051221  ClockP_init                       
70051323  Board_init                        
70051325  MCSPI_close                       
70051425  UART_write                        
70051521  MCSPI_lld_initDma                 
70051614  fputc                             
70051705  EDMA_unregisterIntr               
700517d1  UART_lld_initDma                  
7005189c  getdevice                         
70051965  MCSPI_lld_init                    
70051a29  UART_lld_init                     
70051ba7  Dpl_deinit                        
70051ba9  EDMA_registerIntr                 
70051c64  fseeko                            
70051d18  __TI_closefile                    
70051fd1  EDMA_open                         
7005211f  SemaphoreP_destruct               
700521c5  EDMA_freeDmaChannel               
70052265  EDMA_freeParam                    
70052305  EDMA_freeTcc                      
700523a4  HOSTrename                        
70052445  UART_lld_dmaRead                  
700524e4  __TI_wrt_ok                       
70052580  HOSTlseek                         
70052619  SemaphoreP_pend                   
700526af  EDMA_configureChannelRegion       
70052743  TaskP_yield                       
70052744  HOSTopen                          
700528f9  MCSPI_lld_peripheralIsr           
70052984  close                             
70052a11  UART_init                         
70052a99  UART_procLineStatusErr            
70052b20  __TI_doflush                      
70052ba8  HOSTread                          
70052c2c  HOSTwrite                         
70052cb1  UART_flushTxFifo                  
70052ea5  MCSPI_init                        
70052f8f  MCSPI_stop                        
70053001  EDMA_close                        
70053071  MCSPI_lld_dmaStop                 
700530e1  EDMA_disableTransferRegion        
7005314f  EDMA_enableTransferRegion         
700531bc  HOSTunlink                        
70053229  UART_lld_writeIntr                
70053291  UART_lld_writeDma                 
700532f9  SOC_controlModuleUnlockMMR        
7005335c  HOSTclose                         
700533bd  CycleCounterP_init                
700533cd  CycleCounterP_reset               
700533f1  CycleCounterP_nsToTicks           
7005341d  ClockP_timerTickIsr               
7005347d  SOC_controlModuleLockMMR          
700534d9  _DebugP_assert                    
70053534  __TI_cleanup                      
7005358c  __TI_readmsg                      
700535e4  __TI_writemsg                     
70053630  C$$IO$$                           
7005363d  ClockP_getTimeUsec                
70053693  UART_intrDisable                  
700536e9  UART_writeCancelNoCB              
70053740  exit                              
70053794  finddevice                        
700537e8  __TI_auto_init_nobinit_nopinit    
7005383d  AddrTranslateP_getLocalAddr       
7005388f  MCSPI_lld_deInitDma               
700538e1  ClockP_construct                  
70053931  EDMA_allocDmaChannel              
70053981  EDMA_allocParam                   
700539d1  EDMA_allocTcc                     
70053a6f  Drivers_uartOpen                  
70053abd  EDMA_disableChInShadowRegRegion   
70053b59  Drivers_edmaOpen                  
70053ba5  Drivers_mcspiOpen                 
70053bf1  MCSPI_transferCallback            
70053c84  unlink                            
70053ccd  UART_Params_init                  
70053d11  UART_lld_deInitDma                
70053d55  ClockP_stop                       
70053d95  Drivers_close                     
70053dd5  EDMA_mapChToEvtQ                  
70053e15  Pinmux_config                     
70053e55  SemaphoreP_constructBinary        
70053e95  UART_lld_deInit                   
70053f15  SemaphoreP_constructMutex         
70053f55  EDMA_getBaseAddr                  
70053fcd  ClockP_destruct                   
70054007  DebugP_uartLogWriterPutChar       
70054041  Module_clockSetFrequency          
7005407b  UART_lld_flushTxFifo              
700540ed  _DebugP_logZone                   
70054125  EDMA_clrMissEvtRegion             
7005415b  ClockP_start                      
7005418f  Dpl_init                          
700541c3  MCSPI_errorCallback               
700541f7  Module_clockDisable               
7005422b  Module_clockEnable                
700542c8  lseek                             
700542fc  write                             
70054331  EDMA_unmapChToEvtQ                
70054363  SemaphoreP_post                   
700543c4  CycleCounterP_getCount32          
700543cc  PmuP_setup                        
700543d4  PmuP_enableCounters               
700543dc  PmuP_disableCounters              
700543e4  PmuP_getOverflowStatus            
700543ec  PmuP_clearOverflowStatus          
700543f5  EDMA_enableChInShadowRegRegion    
70054451  SOC_rcmGetR5Clock                 
7005447d  UART_getHandle                    
700544d1  SOC_moduleSetClockFrequency       
700544f9  EDMA_setPaRAM                     
7005451f  System_init                       
70054545  UART_lld_dmaDisableChannel        
700545fc  __aeabi_uldivmod                  
70054621  vprintf_                          
70054645  EDMA_linkChannel                  
70054687  TimerP_Params_init                
700546a7  UART_getChar                      
700546c7  UART_spaceAvail                   
70054701  MCSPI_lld_deInit                  
7005471d  SOC_rcmIsR5FInLockStepMode        
70054739  main                              
7005478c  TI_memcpy_small                   
700547a9  CSL_armR5GetCpuID                 
700547c3  EDMA_readEventStatusRegion        
700547dd  System_deinit                     
70054811  MCSPI_deinit                      
70054829  TimerP_getCount                   
70054841  UART_deinit                       
70054858  TI_memset_small                   
70054871  MCSPI_reset                       
70054887  UART_IsTxRxFifoEmpty              
7005489d  UART_getIntrIdentityStatus        
700548b3  mcspi_loopback_main               
700548c9  ClockP_usecToTicks                
700548dd  EDMA_getRegionId                  
700548f1  UART_Transaction_init             
70054919  Drivers_open                      
7005492b  MCSPI_lld_dmaInit                 
7005494f  UART_operatingModeSelect          
70054961  UART_readLineStatus               
70054973  putchar_                          
70054984  __aeabi_memset                    
70054984  __aeabi_memset4                   
70054984  __aeabi_memset8                   
70054994  putchar                           
700549a5  EDMA_ccPaRAMEntry_init            
700549b3  Pinmux_init                       
700549c1  PowerClock_init                   
700549cf  ClockP_getTicks                   
700549db  DebugP_uartSetDrvIndex            
700549e7  EDMA_isInitialized                
700549f3  SOC_getSelfCpuClk                 
70054a00  __aeabi_memclr                    
70054a00  __aeabi_memclr4                   
70054a00  __aeabi_memclr8                   
70054a0c  malloc                            
70054a18  C$$EXIT                           
70054a18  HOSTexit                          
70054a2c  CSL_armR5ReadMpidrReg             
70054a39  ClockP_Params_init                
70054a43  ClockP_isActive                   
70054a4d  TimerP_getReloadCount             
70054a57  TimerP_start                      
70054a61  UART_lld_Transaction_deInit       
70054a6b  TimerP_clearOverflowInt           
70054a7b  EDMA_isInterruptEnabled           
70054a81  SOC_moduleClockEnable             
70054a8d  ClockP_getTimerCount              
70054a91  ClockP_timerClearOverflowInt      
70054a95  PowerClock_deinit                 
70054a98  __aeabi_ldiv0                     
70054a9c  __aeabi_memcpy                    
70054a9c  __aeabi_memcpy4                   
70054a9c  __aeabi_memcpy8                   
70054aa0  _nop                              
70054aa4  fseek                             
70054aa8  remove                            
70054ae0  gCacheConfig                      
70054ae8  gMpuConfig                        
70054af4  gMpuRegionConfig                  
70054c08  gADPLLJConfigTbl                  
700550fc  gPeripheralClkSrcInfoMap          
700554ac  gCacheL1dCacheLineSize            
700554b0  gCacheL1pCacheLineSize            
700554c1  HwiP_enableInt                    
700554e9  HwiP_disableInt                   
7005551b  HwiP_restoreInt                   
70055571  HwiP_clearInt                     
70055591  HwiP_post                         
700555b9  HwiP_Params_init                  
700555cb  HwiP_construct                    
70055713  HwiP_destruct                     
700557e5  HwiP_init                         
700558a7  HwiP_inISR                        
700558b9  HwiP_irq_handler_c                
7005593d  HwiP_fiq_handler                  
700559ed  HwiP_reserved_handler             
70055a1b  HwiP_user_undefined_handler_c     
70055a45  HwiP_undefined_handler_c          
70055a73  HwiP_svc_handler                  
70055aa1  HwiP_user_prefetch_abort_handler_c
70055ad5  HwiP_prefetch_abort_handler_c     
70055b6d  HwiP_user_data_abort_handler_c    
70055ba1  HwiP_data_abort_handler_c         
70055c44  HwiP_irq_handler                  
70055cb8  HwiP_data_abort_handler           
70055cfc  HwiP_prefetch_abort_handler       
70055d2c  HwiP_undefined_handler            
70055d74  GET_DFSR                          
70055d7c  GET_ADFSR                         
70055d84  GET_DFAR                          
70055d8c  GET_IFSR                          
70055d94  GET_AIFSR                         
70055d9c  GET_IFAR                          
70055da4  GET_SPSR                          
70055dbc  HwiP_disable                      
70055dcc  HwiP_disableFIQ                   
70055ddc  HwiP_enable                       
70055dec  HwiP_enableFIQ                    
70055dfc  HwiP_restore                      
70055e04  HwiP_enableVIC                    
70055e14  HwiP_disableVIC                   
70055e24  HwiP_getCPSR                      
70055e38  CacheP_disableL1d                 
70055e60  CacheP_disableL1p                 
70055e78  CacheP_enableL1d                  
70055e90  CacheP_enableL1p                  
70055ea8  CacheP_invL1d                     
70055ee0  CacheP_invL1p                     
70055f1c  CacheP_invL1dAll                  
70055f24  CacheP_invL1pAll                  
70055f2c  CacheP_wb                         
70055f68  CacheP_wbInv                      
70055fa4  CacheP_wbAll                      
7005604c  CacheP_wbInvAll                   
70056064  CacheP_wbInvAllAsm                
70056104  CacheP_getEnabled                 
7005613c  CacheP_getCacheLevelInfo          
70056148  CacheP_configForceWrThru          
70056168  CacheP_setDLFO                    
70056179  CacheP_init                       
700561d1  CacheP_disable                    
7005620b  CacheP_enable                     
7005622b  CacheP_inv                        
70056269  MpuP_RegionAttrs_init             
70056277  MpuP_setRegion                    
70056325  MpuP_isEnable                     
70056329  MpuP_disable                      
7005635b  MpuP_enable                       
70056397  MpuP_init                         
700563f8  MpuP_disableAsm                   
70056410  MpuP_disableBRAsm                 
70056420  MpuP_enableAsm                    
70056438  MpuP_enableBRAsm                  
70056448  MpuP_isEnableAsm                  
7005645c  MpuP_setRegionAsm                 
70056480  _c_int00_sbl                      
700564a4  _c_int00                          
700565c5  _DebugP_assertNoLog               
700565e3  _system_pre_init                  
700565ff  __mpu_init                        
70056610  abort                             
70056618  _ftable                           
70056618  gMcspiDmaHandle                   
70056618  gUartDmaHandle                    
70056840  _device                           
7005691c  gUartParams                       
70056974  _stream                           
700569c4  gConfigMcspi0ChCfg                
70056a60  gSocModulesClockFrequency         
70056a84  gClockConfig                      
70056a9c  gMcspiOpenParams                  
70056ab0  gAddrTranslateConfig              
70056abc  gSocModules                       
70056ac8  __TI_cleanup_ptr                  
70056acc  __TI_dtors_ptr                    
70056ad0  gEdmaConfig                       
70056ad8  gMcspiConfig                      
70056ae8  gUartConfig                       
70056af8  __TI_ft_end                       
70056afc  _lock                             
70056b00  _unlock                           
70056b04  gConfigMcspiChCfg                 
70056b08  gDebugLogZone                     
70056b0c  gDebugP_uartDrvIndex              
70056b10  gEdmaConfigNum                    
70056b14  gEdmaParams                       
70056b18  gHwiConfig                        
70056b1c  gMcspiConfigNum                   
70056b20  gMcspiDmaChConfig                 
70056b24  gMcspiNumCh                       
70056b28  gUartConfigNum                    
70056b2c  gUartDmaChConfig                  
70056b30  isMapAvailable                    
70056b38  __IRQ_STACK_START                 
70056c38  __FIQ_STACK_START                 
70056c38  __IRQ_STACK_END                   
70056d38  __FIQ_STACK_END                   
70056d38  __SVC_STACK_START                 
70057d38  __ABORT_STACK_START               
70057d38  __SVC_STACK_END                   
70057e38  __ABORT_STACK_END                 
70057e38  __UNDEFINED_STACK_START           
70057f38  __UNDEFINED_STACK_END             
ffffffff  __TI_pprof_out_hndl               
ffffffff  __TI_prof_data_size               
ffffffff  __TI_prof_data_start              
ffffffff  __binit__                         
ffffffff  binit                             
UNDEFED   __TI_CINIT_Base                   
UNDEFED   __TI_CINIT_Limit                  
UNDEFED   __TI_Handler_Table_Base           
UNDEFED   __TI_Handler_Table_Limit          
UNDEFED   _system_post_cinit                

[377 symbols]
