<?xml version="1.0" encoding="ISO-8859-1" ?>
<link_info>
   <banner>TI ARM Clang Linker PC v4.0.2.LTS</banner>
   <copyright>Copyright (c) 1996-2018 Texas Instruments Incorporated</copyright>
   <command_line>C:\ti\ccs2011\ccs\tools\compiler\ti-cgt-armllvm_4.0.2.LTS\bin\tiarmlnk -IC:\ti\ccs2011\ccs\tools\compiler\ti-cgt-armllvm_4.0.2.LTS\lib -o mcspi_loopback_am263px-cc_r5fss0-0_nortos_ti-arm-clang.out -mmcspi_loopback.Release.map -iC:/ti/mcu_plus_sdk_am263px_10_01_00_34/source/kernel/nortos/lib -iC:/ti/mcu_plus_sdk_am263px_10_01_00_34/source/drivers/lib -iC:/ti/mcu_plus_sdk_am263px_10_01_00_34/source/board/lib -iC:/ti/ccs2011/ccs/tools/compiler/ti-cgt-armllvm_4.0.2.LTS/lib --reread_libs --diag_suppress=10063 --diag_wrap=off --display_error_number --warn_sections --gen_xml_func_hash --xml_link_info=mcspi_loopback_am263px-cc_r5fss0-0_nortos_ti-arm-clang_linkInfo.xml --ram_model ./syscfg/ti_dpl_config.o ./syscfg/ti_drivers_config.o ./syscfg/ti_drivers_open_close.o ./syscfg/ti_pinmux_config.o ./syscfg/ti_power_clock_config.o ./syscfg/ti_board_config.o ./syscfg/ti_board_open_close.o ./syscfg/ti_enet_config.o ./syscfg/ti_enet_open_close.o ./syscfg/ti_enet_soc.o ./syscfg/ti_enet_lwipif.o ./main.o ./mcspi_loopback.o -lsyscfg/linker.cmd -lnortos.am263px.r5f.ti-arm-clang.release.lib -ldrivers.am263px.r5f.ti-arm-clang.release.lib -lboard.am263px.r5f.ti-arm-clang.release.lib -llibc.a -llibsysbm.a --start-group -llibc++.a -llibc++abi.a -llibc.a -llibsys.a -llibsysbm.a -llibclang_rt.builtins.a -llibclang_rt.profile.a --end-group --cg_opt_level=s</command_line>
   <link_time>0x6815378c</link_time>
   <link_errors>0x0</link_errors>
   <output_file>C:\Users\carim\workspace_ccstheia\mcspi_loopback_am263px-cc_r5fss0-0_nortos_ti-arm-clang\Release\mcspi_loopback_am263px-cc_r5fss0-0_nortos_ti-arm-clang.out</output_file>
   <entry_point>
      <name>_vectors</name>
      <address>0x0</address>
   </entry_point>
   <input_file_list>
      <input_file id="fl-1">
         <path>C:\Users\carim\workspace_ccstheia\mcspi_loopback_am263px-cc_r5fss0-0_nortos_ti-arm-clang\Release\.\syscfg\</path>
         <kind>object</kind>
         <file>ti_dpl_config.o</file>
         <name>ti_dpl_config.o</name>
      </input_file>
      <input_file id="fl-2">
         <path>C:\Users\carim\workspace_ccstheia\mcspi_loopback_am263px-cc_r5fss0-0_nortos_ti-arm-clang\Release\.\syscfg\</path>
         <kind>object</kind>
         <file>ti_drivers_config.o</file>
         <name>ti_drivers_config.o</name>
      </input_file>
      <input_file id="fl-3">
         <path>C:\Users\carim\workspace_ccstheia\mcspi_loopback_am263px-cc_r5fss0-0_nortos_ti-arm-clang\Release\.\syscfg\</path>
         <kind>object</kind>
         <file>ti_drivers_open_close.o</file>
         <name>ti_drivers_open_close.o</name>
      </input_file>
      <input_file id="fl-4">
         <path>C:\Users\carim\workspace_ccstheia\mcspi_loopback_am263px-cc_r5fss0-0_nortos_ti-arm-clang\Release\.\syscfg\</path>
         <kind>object</kind>
         <file>ti_pinmux_config.o</file>
         <name>ti_pinmux_config.o</name>
      </input_file>
      <input_file id="fl-5">
         <path>C:\Users\carim\workspace_ccstheia\mcspi_loopback_am263px-cc_r5fss0-0_nortos_ti-arm-clang\Release\.\syscfg\</path>
         <kind>object</kind>
         <file>ti_power_clock_config.o</file>
         <name>ti_power_clock_config.o</name>
      </input_file>
      <input_file id="fl-6">
         <path>C:\Users\carim\workspace_ccstheia\mcspi_loopback_am263px-cc_r5fss0-0_nortos_ti-arm-clang\Release\.\syscfg\</path>
         <kind>object</kind>
         <file>ti_board_config.o</file>
         <name>ti_board_config.o</name>
      </input_file>
      <input_file id="fl-7">
         <path>C:\Users\carim\workspace_ccstheia\mcspi_loopback_am263px-cc_r5fss0-0_nortos_ti-arm-clang\Release\.\syscfg\</path>
         <kind>object</kind>
         <file>ti_board_open_close.o</file>
         <name>ti_board_open_close.o</name>
      </input_file>
      <input_file id="fl-8">
         <path>C:\Users\carim\workspace_ccstheia\mcspi_loopback_am263px-cc_r5fss0-0_nortos_ti-arm-clang\Release\.\syscfg\</path>
         <kind>object</kind>
         <file>ti_enet_config.o</file>
         <name>ti_enet_config.o</name>
      </input_file>
      <input_file id="fl-9">
         <path>C:\Users\carim\workspace_ccstheia\mcspi_loopback_am263px-cc_r5fss0-0_nortos_ti-arm-clang\Release\.\syscfg\</path>
         <kind>object</kind>
         <file>ti_enet_open_close.o</file>
         <name>ti_enet_open_close.o</name>
      </input_file>
      <input_file id="fl-a">
         <path>C:\Users\carim\workspace_ccstheia\mcspi_loopback_am263px-cc_r5fss0-0_nortos_ti-arm-clang\Release\.\syscfg\</path>
         <kind>object</kind>
         <file>ti_enet_soc.o</file>
         <name>ti_enet_soc.o</name>
      </input_file>
      <input_file id="fl-b">
         <path>C:\Users\carim\workspace_ccstheia\mcspi_loopback_am263px-cc_r5fss0-0_nortos_ti-arm-clang\Release\.\syscfg\</path>
         <kind>object</kind>
         <file>ti_enet_lwipif.o</file>
         <name>ti_enet_lwipif.o</name>
      </input_file>
      <input_file id="fl-c">
         <path>C:\Users\carim\workspace_ccstheia\mcspi_loopback_am263px-cc_r5fss0-0_nortos_ti-arm-clang\Release\.\</path>
         <kind>object</kind>
         <file>main.o</file>
         <name>main.o</name>
      </input_file>
      <input_file id="fl-d">
         <path>C:\Users\carim\workspace_ccstheia\mcspi_loopback_am263px-cc_r5fss0-0_nortos_ti-arm-clang\Release\.\</path>
         <kind>object</kind>
         <file>mcspi_loopback.o</file>
         <name>mcspi_loopback.o</name>
      </input_file>
      <input_file id="fl-1c">
         <path>C:\Users\carim\workspace_ccstheia\mcspi_loopback_am263px-cc_r5fss0-0_nortos_ti-arm-clang\Release\</path>
         <kind>object</kind>
         <file>&lt;internal&gt;</file>
         <name>&lt;internal&gt;</name>
      </input_file>
      <input_file id="fl-1d">
         <path>C:\ti\mcu_plus_sdk_am263px_10_01_00_34\source\kernel\nortos\lib\</path>
         <kind>archive</kind>
         <file>nortos.am263px.r5f.ti-arm-clang.release.lib</file>
         <name>DebugP_uartLogWriter.obj</name>
      </input_file>
      <input_file id="fl-1e">
         <path>C:\ti\mcu_plus_sdk_am263px_10_01_00_34\source\kernel\nortos\lib\</path>
         <kind>archive</kind>
         <file>nortos.am263px.r5f.ti-arm-clang.release.lib</file>
         <name>DebugP_log.obj</name>
      </input_file>
      <input_file id="fl-1f">
         <path>C:\ti\mcu_plus_sdk_am263px_10_01_00_34\source\kernel\nortos\lib\</path>
         <kind>archive</kind>
         <file>nortos.am263px.r5f.ti-arm-clang.release.lib</file>
         <name>DebugP_nortos.obj</name>
      </input_file>
      <input_file id="fl-20">
         <path>C:\ti\mcu_plus_sdk_am263px_10_01_00_34\source\kernel\nortos\lib\</path>
         <kind>archive</kind>
         <file>nortos.am263px.r5f.ti-arm-clang.release.lib</file>
         <name>ClockP_nortos.obj</name>
      </input_file>
      <input_file id="fl-21">
         <path>C:\ti\mcu_plus_sdk_am263px_10_01_00_34\source\kernel\nortos\lib\</path>
         <kind>archive</kind>
         <file>nortos.am263px.r5f.ti-arm-clang.release.lib</file>
         <name>ClockP_nortos_r5.obj</name>
      </input_file>
      <input_file id="fl-22">
         <path>C:\ti\mcu_plus_sdk_am263px_10_01_00_34\source\kernel\nortos\lib\</path>
         <kind>archive</kind>
         <file>nortos.am263px.r5f.ti-arm-clang.release.lib</file>
         <name>TimerP_rti.obj</name>
      </input_file>
      <input_file id="fl-23">
         <path>C:\ti\mcu_plus_sdk_am263px_10_01_00_34\source\kernel\nortos\lib\</path>
         <kind>archive</kind>
         <file>nortos.am263px.r5f.ti-arm-clang.release.lib</file>
         <name>HwiP_armv7r_vim.obj</name>
      </input_file>
      <input_file id="fl-24">
         <path>C:\ti\mcu_plus_sdk_am263px_10_01_00_34\source\kernel\nortos\lib\</path>
         <kind>archive</kind>
         <file>nortos.am263px.r5f.ti-arm-clang.release.lib</file>
         <name>HwiP_armv7r_handlers_nortos.obj</name>
      </input_file>
      <input_file id="fl-25">
         <path>C:\ti\mcu_plus_sdk_am263px_10_01_00_34\source\kernel\nortos\lib\</path>
         <kind>archive</kind>
         <file>nortos.am263px.r5f.ti-arm-clang.release.lib</file>
         <name>MpuP_armv7r.obj</name>
      </input_file>
      <input_file id="fl-26">
         <path>C:\ti\mcu_plus_sdk_am263px_10_01_00_34\source\kernel\nortos\lib\</path>
         <kind>archive</kind>
         <file>nortos.am263px.r5f.ti-arm-clang.release.lib</file>
         <name>CacheP_armv7r.obj</name>
      </input_file>
      <input_file id="fl-27">
         <path>C:\ti\mcu_plus_sdk_am263px_10_01_00_34\source\kernel\nortos\lib\</path>
         <kind>archive</kind>
         <file>nortos.am263px.r5f.ti-arm-clang.release.lib</file>
         <name>printf.obj</name>
      </input_file>
      <input_file id="fl-28">
         <path>C:\ti\mcu_plus_sdk_am263px_10_01_00_34\source\kernel\nortos\lib\</path>
         <kind>archive</kind>
         <file>nortos.am263px.r5f.ti-arm-clang.release.lib</file>
         <name>PmuP_armv7r.obj</name>
      </input_file>
      <input_file id="fl-29">
         <path>C:\ti\mcu_plus_sdk_am263px_10_01_00_34\source\kernel\nortos\lib\</path>
         <kind>archive</kind>
         <file>nortos.am263px.r5f.ti-arm-clang.release.lib</file>
         <name>HwiP_armv7r_handlers_nortos_asm.obj</name>
      </input_file>
      <input_file id="fl-2a">
         <path>C:\ti\mcu_plus_sdk_am263px_10_01_00_34\source\kernel\nortos\lib\</path>
         <kind>archive</kind>
         <file>nortos.am263px.r5f.ti-arm-clang.release.lib</file>
         <name>HwiP_armv7r_vectors_nortos_asm.obj</name>
      </input_file>
      <input_file id="fl-2b">
         <path>C:\ti\mcu_plus_sdk_am263px_10_01_00_34\source\kernel\nortos\lib\</path>
         <kind>archive</kind>
         <file>nortos.am263px.r5f.ti-arm-clang.release.lib</file>
         <name>boot_armv7r_asm.obj</name>
      </input_file>
      <input_file id="fl-2c">
         <path>C:\ti\mcu_plus_sdk_am263px_10_01_00_34\source\kernel\nortos\lib\</path>
         <kind>archive</kind>
         <file>nortos.am263px.r5f.ti-arm-clang.release.lib</file>
         <name>HwiP_armv7r_asm.obj</name>
      </input_file>
      <input_file id="fl-2d">
         <path>C:\ti\mcu_plus_sdk_am263px_10_01_00_34\source\kernel\nortos\lib\</path>
         <kind>archive</kind>
         <file>nortos.am263px.r5f.ti-arm-clang.release.lib</file>
         <name>MpuP_armv7r_asm.obj</name>
      </input_file>
      <input_file id="fl-2e">
         <path>C:\ti\mcu_plus_sdk_am263px_10_01_00_34\source\kernel\nortos\lib\</path>
         <kind>archive</kind>
         <file>nortos.am263px.r5f.ti-arm-clang.release.lib</file>
         <name>CacheP_armv7r_asm.obj</name>
      </input_file>
      <input_file id="fl-2f">
         <path>C:\ti\mcu_plus_sdk_am263px_10_01_00_34\source\kernel\nortos\lib\</path>
         <kind>archive</kind>
         <file>nortos.am263px.r5f.ti-arm-clang.release.lib</file>
         <name>PmuP_armv7r_asm.obj</name>
      </input_file>
      <input_file id="fl-30">
         <path>C:\ti\mcu_plus_sdk_am263px_10_01_00_34\source\kernel\nortos\lib\</path>
         <kind>archive</kind>
         <file>nortos.am263px.r5f.ti-arm-clang.release.lib</file>
         <name>boot_armv7r.obj</name>
      </input_file>
      <input_file id="fl-31">
         <path>C:\ti\mcu_plus_sdk_am263px_10_01_00_34\source\kernel\nortos\lib\</path>
         <kind>archive</kind>
         <file>nortos.am263px.r5f.ti-arm-clang.release.lib</file>
         <name>SemaphoreP_nortos.obj</name>
      </input_file>
      <input_file id="fl-32">
         <path>C:\ti\mcu_plus_sdk_am263px_10_01_00_34\source\drivers\lib\</path>
         <kind>archive</kind>
         <file>drivers.am263px.r5f.ti-arm-clang.release.lib</file>
         <name>edma.obj</name>
      </input_file>
      <input_file id="fl-33">
         <path>C:\ti\mcu_plus_sdk_am263px_10_01_00_34\source\drivers\lib\</path>
         <kind>archive</kind>
         <file>drivers.am263px.r5f.ti-arm-clang.release.lib</file>
         <name>mcspi_v0.obj</name>
      </input_file>
      <input_file id="fl-34">
         <path>C:\ti\mcu_plus_sdk_am263px_10_01_00_34\source\drivers\lib\</path>
         <kind>archive</kind>
         <file>drivers.am263px.r5f.ti-arm-clang.release.lib</file>
         <name>pinmux.obj</name>
      </input_file>
      <input_file id="fl-35">
         <path>C:\ti\mcu_plus_sdk_am263px_10_01_00_34\source\drivers\lib\</path>
         <kind>archive</kind>
         <file>drivers.am263px.r5f.ti-arm-clang.release.lib</file>
         <name>soc.obj</name>
      </input_file>
      <input_file id="fl-36">
         <path>C:\ti\mcu_plus_sdk_am263px_10_01_00_34\source\drivers\lib\</path>
         <kind>archive</kind>
         <file>drivers.am263px.r5f.ti-arm-clang.release.lib</file>
         <name>soc_rcm.obj</name>
      </input_file>
      <input_file id="fl-37">
         <path>C:\ti\mcu_plus_sdk_am263px_10_01_00_34\source\drivers\lib\</path>
         <kind>archive</kind>
         <file>drivers.am263px.r5f.ti-arm-clang.release.lib</file>
         <name>uart_v0.obj</name>
      </input_file>
      <input_file id="fl-38">
         <path>C:\ti\mcu_plus_sdk_am263px_10_01_00_34\source\drivers\lib\</path>
         <kind>archive</kind>
         <file>drivers.am263px.r5f.ti-arm-clang.release.lib</file>
         <name>uart_v0_lld.obj</name>
      </input_file>
      <input_file id="fl-39">
         <path>C:\ti\mcu_plus_sdk_am263px_10_01_00_34\source\drivers\lib\</path>
         <kind>archive</kind>
         <file>drivers.am263px.r5f.ti-arm-clang.release.lib</file>
         <name>uart_dma_edma.obj</name>
      </input_file>
      <input_file id="fl-3a">
         <path>C:\ti\mcu_plus_sdk_am263px_10_01_00_34\source\drivers\lib\</path>
         <kind>archive</kind>
         <file>drivers.am263px.r5f.ti-arm-clang.release.lib</file>
         <name>mcspi_v0_lld.obj</name>
      </input_file>
      <input_file id="fl-3b">
         <path>C:\ti\mcu_plus_sdk_am263px_10_01_00_34\source\drivers\lib\</path>
         <kind>archive</kind>
         <file>drivers.am263px.r5f.ti-arm-clang.release.lib</file>
         <name>mcspi_dma_edma.obj</name>
      </input_file>
      <input_file id="fl-52">
         <path>C:\ti\ccs2011\ccs\tools\compiler\ti-cgt-armllvm_4.0.2.LTS\lib\armv7r-ti-none-eabihf\c\</path>
         <kind>archive</kind>
         <file>libc.a</file>
         <name>fputc.c.obj</name>
      </input_file>
      <input_file id="fl-53">
         <path>C:\ti\ccs2011\ccs\tools\compiler\ti-cgt-armllvm_4.0.2.LTS\lib\armv7r-ti-none-eabihf\c\</path>
         <kind>archive</kind>
         <file>libc.a</file>
         <name>_io_perm.c.obj</name>
      </input_file>
      <input_file id="fl-54">
         <path>C:\ti\ccs2011\ccs\tools\compiler\ti-cgt-armllvm_4.0.2.LTS\lib\armv7r-ti-none-eabihf\c\</path>
         <kind>archive</kind>
         <file>libc.a</file>
         <name>setvbuf.c.obj</name>
      </input_file>
      <input_file id="fl-55">
         <path>C:\ti\ccs2011\ccs\tools\compiler\ti-cgt-armllvm_4.0.2.LTS\lib\armv7r-ti-none-eabihf\c\</path>
         <kind>archive</kind>
         <file>libc.a</file>
         <name>exit.c.obj</name>
      </input_file>
      <input_file id="fl-56">
         <path>C:\ti\ccs2011\ccs\tools\compiler\ti-cgt-armllvm_4.0.2.LTS\lib\armv7r-ti-none-eabihf\c\</path>
         <kind>archive</kind>
         <file>libc.a</file>
         <name>_lock.c.obj</name>
      </input_file>
      <input_file id="fl-57">
         <path>C:\ti\ccs2011\ccs\tools\compiler\ti-cgt-armllvm_4.0.2.LTS\lib\armv7r-ti-none-eabihf\c\</path>
         <kind>archive</kind>
         <file>libc.a</file>
         <name>defs.c.obj</name>
      </input_file>
      <input_file id="fl-58">
         <path>C:\ti\ccs2011\ccs\tools\compiler\ti-cgt-armllvm_4.0.2.LTS\lib\armv7r-ti-none-eabihf\c\</path>
         <kind>archive</kind>
         <file>libc.a</file>
         <name>memory.c.obj</name>
      </input_file>
      <input_file id="fl-59">
         <path>C:\ti\ccs2011\ccs\tools\compiler\ti-cgt-armllvm_4.0.2.LTS\lib\armv7r-ti-none-eabihf\c\</path>
         <kind>archive</kind>
         <file>libc.a</file>
         <name>autoinit.c.obj</name>
      </input_file>
      <input_file id="fl-5a">
         <path>C:\ti\ccs2011\ccs\tools\compiler\ti-cgt-armllvm_4.0.2.LTS\lib\armv7r-ti-none-eabihf\c\</path>
         <kind>archive</kind>
         <file>libc.a</file>
         <name>cpy_tbl.c.obj</name>
      </input_file>
      <input_file id="fl-5b">
         <path>C:\ti\ccs2011\ccs\tools\compiler\ti-cgt-armllvm_4.0.2.LTS\lib\armv7r-ti-none-eabihf\c\</path>
         <kind>archive</kind>
         <file>libc.a</file>
         <name>fflush.c.obj</name>
      </input_file>
      <input_file id="fl-5c">
         <path>C:\ti\ccs2011\ccs\tools\compiler\ti-cgt-armllvm_4.0.2.LTS\lib\armv7r-ti-none-eabihf\c\</path>
         <kind>archive</kind>
         <file>libc.a</file>
         <name>fopen.c.obj</name>
      </input_file>
      <input_file id="fl-5d">
         <path>C:\ti\ccs2011\ccs\tools\compiler\ti-cgt-armllvm_4.0.2.LTS\lib\armv7r-ti-none-eabihf\c\</path>
         <kind>archive</kind>
         <file>libc.a</file>
         <name>fseek.c.obj</name>
      </input_file>
      <input_file id="fl-5e">
         <path>C:\ti\ccs2011\ccs\tools\compiler\ti-cgt-armllvm_4.0.2.LTS\lib\armv7r-ti-none-eabihf\c\</path>
         <kind>archive</kind>
         <file>libc.a</file>
         <name>aeabi_portable.c.obj</name>
      </input_file>
      <input_file id="fl-5f">
         <path>C:\ti\ccs2011\ccs\tools\compiler\ti-cgt-armllvm_4.0.2.LTS\lib\armv7r-ti-none-eabihf\c\</path>
         <kind>archive</kind>
         <file>libc.a</file>
         <name>assert.c.obj</name>
      </input_file>
      <input_file id="fl-60">
         <path>C:\ti\ccs2011\ccs\tools\compiler\ti-cgt-armllvm_4.0.2.LTS\lib\armv7r-ti-none-eabihf\c\</path>
         <kind>archive</kind>
         <file>libc.a</file>
         <name>sprintf.c.obj</name>
      </input_file>
      <input_file id="fl-61">
         <path>C:\ti\ccs2011\ccs\tools\compiler\ti-cgt-armllvm_4.0.2.LTS\lib\armv7r-ti-none-eabihf\c\</path>
         <kind>archive</kind>
         <file>libc.a</file>
         <name>fclose.c.obj</name>
      </input_file>
      <input_file id="fl-62">
         <path>C:\ti\ccs2011\ccs\tools\compiler\ti-cgt-armllvm_4.0.2.LTS\lib\armv7r-ti-none-eabihf\c\</path>
         <kind>archive</kind>
         <file>libc.a</file>
         <name>fputs.c.obj</name>
      </input_file>
      <input_file id="fl-63">
         <path>C:\ti\ccs2011\ccs\tools\compiler\ti-cgt-armllvm_4.0.2.LTS\lib\armv7r-ti-none-eabihf\c\</path>
         <kind>archive</kind>
         <file>libc.a</file>
         <name>_printfi.c.obj</name>
      </input_file>
      <input_file id="fl-64">
         <path>C:\ti\ccs2011\ccs\tools\compiler\ti-cgt-armllvm_4.0.2.LTS\lib\armv7r-ti-none-eabihf\c\</path>
         <kind>archive</kind>
         <file>libc.a</file>
         <name>_ltoa.c.obj</name>
      </input_file>
      <input_file id="fl-65">
         <path>C:\ti\ccs2011\ccs\tools\compiler\ti-cgt-armllvm_4.0.2.LTS\lib\armv7r-ti-none-eabihf\c\</path>
         <kind>archive</kind>
         <file>libc.a</file>
         <name>atoi.c.obj</name>
      </input_file>
      <input_file id="fl-66">
         <path>C:\ti\ccs2011\ccs\tools\compiler\ti-cgt-armllvm_4.0.2.LTS\lib\armv7r-ti-none-eabihf\c\</path>
         <kind>archive</kind>
         <file>libc.a</file>
         <name>memccpy.c.obj</name>
      </input_file>
      <input_file id="fl-67">
         <path>C:\ti\ccs2011\ccs\tools\compiler\ti-cgt-armllvm_4.0.2.LTS\lib\armv7r-ti-none-eabihf\c\</path>
         <kind>archive</kind>
         <file>libc.a</file>
         <name>s_frexp.c.obj</name>
      </input_file>
      <input_file id="fl-68">
         <path>C:\ti\ccs2011\ccs\tools\compiler\ti-cgt-armllvm_4.0.2.LTS\lib\armv7r-ti-none-eabihf\c\</path>
         <kind>archive</kind>
         <file>libc.a</file>
         <name>s_scalbn.c.obj</name>
      </input_file>
      <input_file id="fl-69">
         <path>C:\ti\ccs2011\ccs\tools\compiler\ti-cgt-armllvm_4.0.2.LTS\lib\armv7r-ti-none-eabihf\c\</path>
         <kind>archive</kind>
         <file>libc.a</file>
         <name>wcslen.c.obj</name>
      </input_file>
      <input_file id="fl-6a">
         <path>C:\ti\ccs2011\ccs\tools\compiler\ti-cgt-armllvm_4.0.2.LTS\lib\armv7r-ti-none-eabihf\c\</path>
         <kind>archive</kind>
         <file>libc.a</file>
         <name>aeabi_ctype.S.obj</name>
      </input_file>
      <input_file id="fl-81">
         <path>C:\ti\ccs2011\ccs\tools\compiler\ti-cgt-armllvm_4.0.2.LTS\lib\armv7r-ti-none-eabihf\c\</path>
         <kind>archive</kind>
         <file>libsysbm.a</file>
         <name>hostexit.c.obj</name>
      </input_file>
      <input_file id="fl-82">
         <path>C:\ti\ccs2011\ccs\tools\compiler\ti-cgt-armllvm_4.0.2.LTS\lib\armv7r-ti-none-eabihf\c\</path>
         <kind>archive</kind>
         <file>libsysbm.a</file>
         <name>write.c.obj</name>
      </input_file>
      <input_file id="fl-83">
         <path>C:\ti\ccs2011\ccs\tools\compiler\ti-cgt-armllvm_4.0.2.LTS\lib\armv7r-ti-none-eabihf\c\</path>
         <kind>archive</kind>
         <file>libsysbm.a</file>
         <name>host_device.c.obj</name>
      </input_file>
      <input_file id="fl-84">
         <path>C:\ti\ccs2011\ccs\tools\compiler\ti-cgt-armllvm_4.0.2.LTS\lib\armv7r-ti-none-eabihf\c\</path>
         <kind>archive</kind>
         <file>libsysbm.a</file>
         <name>remove.c.obj</name>
      </input_file>
      <input_file id="fl-85">
         <path>C:\ti\ccs2011\ccs\tools\compiler\ti-cgt-armllvm_4.0.2.LTS\lib\armv7r-ti-none-eabihf\c\</path>
         <kind>archive</kind>
         <file>libsysbm.a</file>
         <name>open.c.obj</name>
      </input_file>
      <input_file id="fl-86">
         <path>C:\ti\ccs2011\ccs\tools\compiler\ti-cgt-armllvm_4.0.2.LTS\lib\armv7r-ti-none-eabihf\c\</path>
         <kind>archive</kind>
         <file>libsysbm.a</file>
         <name>lseek.c.obj</name>
      </input_file>
      <input_file id="fl-87">
         <path>C:\ti\ccs2011\ccs\tools\compiler\ti-cgt-armllvm_4.0.2.LTS\lib\armv7r-ti-none-eabihf\c\</path>
         <kind>archive</kind>
         <file>libsysbm.a</file>
         <name>close.c.obj</name>
      </input_file>
      <input_file id="fl-88">
         <path>C:\ti\ccs2011\ccs\tools\compiler\ti-cgt-armllvm_4.0.2.LTS\lib\armv7r-ti-none-eabihf\c\</path>
         <kind>archive</kind>
         <file>libsysbm.a</file>
         <name>unlink.c.obj</name>
      </input_file>
      <input_file id="fl-89">
         <path>C:\ti\ccs2011\ccs\tools\compiler\ti-cgt-armllvm_4.0.2.LTS\lib\armv7r-ti-none-eabihf\c\</path>
         <kind>archive</kind>
         <file>libsysbm.a</file>
         <name>hostclose.c.obj</name>
      </input_file>
      <input_file id="fl-8a">
         <path>C:\ti\ccs2011\ccs\tools\compiler\ti-cgt-armllvm_4.0.2.LTS\lib\armv7r-ti-none-eabihf\c\</path>
         <kind>archive</kind>
         <file>libsysbm.a</file>
         <name>hostlseek.c.obj</name>
      </input_file>
      <input_file id="fl-8b">
         <path>C:\ti\ccs2011\ccs\tools\compiler\ti-cgt-armllvm_4.0.2.LTS\lib\armv7r-ti-none-eabihf\c\</path>
         <kind>archive</kind>
         <file>libsysbm.a</file>
         <name>hostopen.c.obj</name>
      </input_file>
      <input_file id="fl-8c">
         <path>C:\ti\ccs2011\ccs\tools\compiler\ti-cgt-armllvm_4.0.2.LTS\lib\armv7r-ti-none-eabihf\c\</path>
         <kind>archive</kind>
         <file>libsysbm.a</file>
         <name>hostread.c.obj</name>
      </input_file>
      <input_file id="fl-8d">
         <path>C:\ti\ccs2011\ccs\tools\compiler\ti-cgt-armllvm_4.0.2.LTS\lib\armv7r-ti-none-eabihf\c\</path>
         <kind>archive</kind>
         <file>libsysbm.a</file>
         <name>hostrename.c.obj</name>
      </input_file>
      <input_file id="fl-8e">
         <path>C:\ti\ccs2011\ccs\tools\compiler\ti-cgt-armllvm_4.0.2.LTS\lib\armv7r-ti-none-eabihf\c\</path>
         <kind>archive</kind>
         <file>libsysbm.a</file>
         <name>hostunlink.c.obj</name>
      </input_file>
      <input_file id="fl-8f">
         <path>C:\ti\ccs2011\ccs\tools\compiler\ti-cgt-armllvm_4.0.2.LTS\lib\armv7r-ti-none-eabihf\c\</path>
         <kind>archive</kind>
         <file>libsysbm.a</file>
         <name>hostwrite.c.obj</name>
      </input_file>
      <input_file id="fl-90">
         <path>C:\ti\ccs2011\ccs\tools\compiler\ti-cgt-armllvm_4.0.2.LTS\lib\armv7r-ti-none-eabihf\c\</path>
         <kind>archive</kind>
         <file>libsysbm.a</file>
         <name>trgmsg.c.obj</name>
      </input_file>
      <input_file id="fl-11a">
         <path>C:\ti\ccs2011\ccs\tools\compiler\ti-cgt-armllvm_4.0.2.LTS\lib\armv7r-ti-none-eabihf\c\</path>
         <kind>archive</kind>
         <file>libc.a</file>
         <name>getdevice.c.obj</name>
      </input_file>
      <input_file id="fl-11b">
         <path>C:\ti\ccs2011\ccs\tools\compiler\ti-cgt-armllvm_4.0.2.LTS\lib\armv7r-ti-none-eabihf\c\</path>
         <kind>archive</kind>
         <file>libc.a</file>
         <name>strcmp32.S.obj</name>
      </input_file>
      <input_file id="fl-11c">
         <path>C:\ti\ccs2011\ccs\tools\compiler\ti-cgt-armllvm_4.0.2.LTS\lib\armv7r-ti-none-eabihf\</path>
         <kind>archive</kind>
         <file>libclang_rt.builtins.a</file>
         <name>divsi3.S.obj</name>
      </input_file>
      <input_file id="fl-11d">
         <path>C:\ti\ccs2011\ccs\tools\compiler\ti-cgt-armllvm_4.0.2.LTS\lib\armv7r-ti-none-eabihf\</path>
         <kind>archive</kind>
         <file>libclang_rt.builtins.a</file>
         <name>udivsi3.S.obj</name>
      </input_file>
      <input_file id="fl-11e">
         <path>C:\ti\ccs2011\ccs\tools\compiler\ti-cgt-armllvm_4.0.2.LTS\lib\armv7r-ti-none-eabihf\</path>
         <kind>archive</kind>
         <file>libclang_rt.builtins.a</file>
         <name>aeabi_div0.c.obj</name>
      </input_file>
      <input_file id="fl-11f">
         <path>C:\ti\ccs2011\ccs\tools\compiler\ti-cgt-armllvm_4.0.2.LTS\lib\armv7r-ti-none-eabihf\</path>
         <kind>archive</kind>
         <file>libclang_rt.builtins.a</file>
         <name>aeabi_memcpy.S.obj</name>
      </input_file>
      <input_file id="fl-120">
         <path>C:\ti\ccs2011\ccs\tools\compiler\ti-cgt-armllvm_4.0.2.LTS\lib\armv7r-ti-none-eabihf\</path>
         <kind>archive</kind>
         <file>libclang_rt.builtins.a</file>
         <name>aeabi_memset.S.obj</name>
      </input_file>
      <input_file id="fl-121">
         <path>C:\ti\ccs2011\ccs\tools\compiler\ti-cgt-armllvm_4.0.2.LTS\lib\armv7r-ti-none-eabihf\</path>
         <kind>archive</kind>
         <file>libclang_rt.builtins.a</file>
         <name>aeabi_uldivmod.S.obj</name>
      </input_file>
      <input_file id="fl-122">
         <path>C:\ti\ccs2011\ccs\tools\compiler\ti-cgt-armllvm_4.0.2.LTS\lib\armv7r-ti-none-eabihf\</path>
         <kind>archive</kind>
         <file>libclang_rt.builtins.a</file>
         <name>udivmoddi4.S.obj</name>
      </input_file>
      <input_file id="fl-123">
         <path>C:\ti\ccs2011\ccs\tools\compiler\ti-cgt-armllvm_4.0.2.LTS\lib\armv7r-ti-none-eabihf\c\</path>
         <kind>archive</kind>
         <file>libc.a</file>
         <name>memcpy32.S.obj</name>
      </input_file>
      <input_file id="fl-124">
         <path>C:\ti\ccs2011\ccs\tools\compiler\ti-cgt-armllvm_4.0.2.LTS\lib\armv7r-ti-none-eabihf\c\</path>
         <kind>archive</kind>
         <file>libc.a</file>
         <name>memset32.S.obj</name>
      </input_file>
      <input_file id="fl-125">
         <path>C:\ti\mcu_plus_sdk_am263px_10_01_00_34\source\kernel\nortos\lib\</path>
         <kind>archive</kind>
         <file>nortos.am263px.r5f.ti-arm-clang.release.lib</file>
         <name>AddrTranslateP_32bit.obj</name>
      </input_file>
      <input_file id="fl-126">
         <path>C:\ti\mcu_plus_sdk_am263px_10_01_00_34\source\kernel\nortos\lib\</path>
         <kind>archive</kind>
         <file>nortos.am263px.r5f.ti-arm-clang.release.lib</file>
         <name>CpuId_armv7r.obj</name>
      </input_file>
      <input_file id="fl-127">
         <path>C:\ti\mcu_plus_sdk_am263px_10_01_00_34\source\kernel\nortos\lib\</path>
         <kind>archive</kind>
         <file>nortos.am263px.r5f.ti-arm-clang.release.lib</file>
         <name>TaskP_nortos.obj</name>
      </input_file>
      <input_file id="fl-128">
         <path>C:\ti\mcu_plus_sdk_am263px_10_01_00_34\source\kernel\nortos\lib\</path>
         <kind>archive</kind>
         <file>nortos.am263px.r5f.ti-arm-clang.release.lib</file>
         <name>CpuId_armv7r_asm.obj</name>
      </input_file>
   </input_file_list>
   <object_component_list>
      <object_component id="oc-2a">
         <name>.vectors</name>
         <load_address>0x0</load_address>
         <readonly>true</readonly>
         <executable>true</executable>
         <run_address>0x0</run_address>
         <size>0x40</size>
         <alignment>0x4</alignment>
         <input_file_ref idref="fl-2a"/>
         <refd_ro_sections>
            <object_component_ref idref="oc-4b"/>
            <object_component_ref idref="oc-53"/>
            <object_component_ref idref="oc-4f"/>
         </refd_ro_sections>
         <value>bffef2be7e91ca2dc0d1710b37945bf4</value>
      </object_component>
      <object_component id="oc-71">
         <name>.text.hwi</name>
         <load_address>0x700554c0</load_address>
         <readonly>true</readonly>
         <executable>true</executable>
         <run_address>0x700554c0</run_address>
         <size>0x3f8</size>
         <alignment>0x2</alignment>
         <input_file_ref idref="fl-23"/>
         <refd_ro_sections>
            <object_component_ref idref="oc-bb"/>
            <object_component_ref idref="oc-76"/>
            <object_component_ref idref="oc-53"/>
            <object_component_ref idref="oc-4f"/>
         </refd_ro_sections>
         <refd_rw_sections>
            <object_component_ref idref="oc-c1"/>
            <object_component_ref idref="oc-6f"/>
            <object_component_ref idref="oc-6e"/>
         </refd_rw_sections>
         <value>8da766789fa032be9fe348560eceef1c</value>
      </object_component>
      <object_component id="oc-53">
         <name>.text.hwi</name>
         <load_address>0x700558b8</load_address>
         <readonly>true</readonly>
         <executable>true</executable>
         <run_address>0x700558b8</run_address>
         <size>0x38a</size>
         <alignment>0x2</alignment>
         <input_file_ref idref="fl-24"/>
         <refd_ro_sections>
            <object_component_ref idref="oc-76"/>
            <object_component_ref idref="oc-4f"/>
            <object_component_ref idref="oc-71"/>
         </refd_ro_sections>
         <refd_rw_sections>
            <object_component_ref idref="oc-6f"/>
            <object_component_ref idref="oc-6e"/>
         </refd_rw_sections>
         <value>4a20d46083e6606996f736090a97f1fb</value>
      </object_component>
      <object_component id="oc-4f">
         <name>.text.hwi</name>
         <load_address>0x70055c44</load_address>
         <readonly>true</readonly>
         <executable>true</executable>
         <run_address>0x70055c44</run_address>
         <size>0x178</size>
         <alignment>0x4</alignment>
         <input_file_ref idref="fl-29"/>
         <refd_ro_sections>
            <object_component_ref idref="oc-53"/>
         </refd_ro_sections>
         <value>ad351fd738b9f24593d6b05084940481</value>
      </object_component>
      <object_component id="oc-76">
         <name>.text.hwi</name>
         <load_address>0x70055dbc</load_address>
         <readonly>true</readonly>
         <executable>true</executable>
         <run_address>0x70055dbc</run_address>
         <size>0x70</size>
         <alignment>0x4</alignment>
         <input_file_ref idref="fl-2c"/>
         <value>787d7b637e8a91b15a7ff1700f5395cd</value>
      </object_component>
      <object_component id="oc-40e">
         <name>.tramp.HwiP_enableFIQ.1</name>
         <load_address>0x70055e2c</load_address>
         <readonly>true</readonly>
         <executable>true</executable>
         <run_address>0x70055e2c</run_address>
         <size>0x8</size>
         <alignment>0x4</alignment>
         <input_file_ref idref="fl-2c"/>
      </object_component>
      <object_component id="oc-c7">
         <name>.text.cache</name>
         <load_address>0x70055e38</load_address>
         <readonly>true</readonly>
         <executable>true</executable>
         <run_address>0x70055e38</run_address>
         <size>0x340</size>
         <alignment>0x4</alignment>
         <input_file_ref idref="fl-2e"/>
         <refd_ro_sections>
            <object_component_ref idref="oc-125"/>
            <object_component_ref idref="oc-126"/>
         </refd_ro_sections>
         <value>28201a9cf2d673acf236201cbf3c08e7</value>
      </object_component>
      <object_component id="oc-82">
         <name>.text.cache</name>
         <load_address>0x70056178</load_address>
         <readonly>true</readonly>
         <executable>true</executable>
         <run_address>0x70056178</run_address>
         <size>0xd8</size>
         <alignment>0x2</alignment>
         <input_file_ref idref="fl-26"/>
         <refd_ro_sections>
            <object_component_ref idref="oc-cb"/>
            <object_component_ref idref="oc-bb"/>
            <object_component_ref idref="oc-c7"/>
            <object_component_ref idref="oc-76"/>
         </refd_ro_sections>
         <value>46ca8e7e3e4609bb9292a5c682c59859</value>
      </object_component>
      <object_component id="oc-411">
         <name>.tramp.CacheP_invL1d.1</name>
         <load_address>0x70056250</load_address>
         <readonly>true</readonly>
         <executable>true</executable>
         <run_address>0x70056250</run_address>
         <size>0x8</size>
         <alignment>0x4</alignment>
         <input_file_ref idref="fl-2e"/>
      </object_component>
      <object_component id="oc-410">
         <name>.tramp.CacheP_enableL1p.1</name>
         <load_address>0x70056258</load_address>
         <readonly>true</readonly>
         <executable>true</executable>
         <run_address>0x70056258</run_address>
         <size>0x8</size>
         <alignment>0x4</alignment>
         <input_file_ref idref="fl-2e"/>
      </object_component>
      <object_component id="oc-40f">
         <name>.tramp.HwiP_restore.2</name>
         <load_address>0x70056260</load_address>
         <readonly>true</readonly>
         <executable>true</executable>
         <run_address>0x70056260</run_address>
         <size>0x8</size>
         <alignment>0x4</alignment>
         <input_file_ref idref="fl-2c"/>
      </object_component>
      <object_component id="oc-7e">
         <name>.text.mpu</name>
         <load_address>0x70056268</load_address>
         <readonly>true</readonly>
         <executable>true</executable>
         <run_address>0x70056268</run_address>
         <size>0x190</size>
         <alignment>0x2</alignment>
         <input_file_ref idref="fl-25"/>
         <refd_ro_sections>
            <object_component_ref idref="oc-cb"/>
            <object_component_ref idref="oc-bb"/>
            <object_component_ref idref="oc-82"/>
            <object_component_ref idref="oc-c7"/>
            <object_component_ref idref="oc-76"/>
            <object_component_ref idref="oc-c3"/>
         </refd_ro_sections>
         <value>8ecc6258a1f7b53b58bf830d47013f8b</value>
      </object_component>
      <object_component id="oc-c3">
         <name>.text.mpu</name>
         <load_address>0x700563f8</load_address>
         <readonly>true</readonly>
         <executable>true</executable>
         <run_address>0x700563f8</run_address>
         <size>0x78</size>
         <alignment>0x4</alignment>
         <input_file_ref idref="fl-2d"/>
         <value>81f7fff56ae0fd196005f1def4853920</value>
      </object_component>
      <object_component id="oc-413">
         <name>.tramp.HwiP_restore.3</name>
         <load_address>0x70056470</load_address>
         <readonly>true</readonly>
         <executable>true</executable>
         <run_address>0x70056470</run_address>
         <size>0x8</size>
         <alignment>0x4</alignment>
         <input_file_ref idref="fl-2c"/>
      </object_component>
      <object_component id="oc-412">
         <name>.tramp.MpuP_isEnableAsm.1</name>
         <load_address>0x70056478</load_address>
         <readonly>true</readonly>
         <executable>true</executable>
         <run_address>0x70056478</run_address>
         <size>0x8</size>
         <alignment>0x4</alignment>
         <input_file_ref idref="fl-2d"/>
      </object_component>
      <object_component id="oc-4b">
         <name>.text.boot</name>
         <load_address>0x70056480</load_address>
         <readonly>true</readonly>
         <executable>true</executable>
         <run_address>0x70056480</run_address>
         <size>0x144</size>
         <alignment>0x4</alignment>
         <input_file_ref idref="fl-2b"/>
         <refd_ro_sections>
            <object_component_ref idref="oc-62"/>
            <object_component_ref idref="oc-5d"/>
            <object_component_ref idref="oc-b7"/>
            <object_component_ref idref="oc-67"/>
            <object_component_ref idref="oc-91"/>
         </refd_ro_sections>
         <refd_linker_syms>
            <symbol_ref idref="sm-f"/>
            <symbol_ref idref="sm-b"/>
            <symbol_ref idref="sm-9"/>
            <symbol_ref idref="sm-15"/>
            <symbol_ref idref="sm-d"/>
            <symbol_ref idref="sm-11"/>
         </refd_linker_syms>
         <value>3dda733e3a517cbab0fef541a85342e0</value>
      </object_component>
      <object_component id="oc-bb">
         <name>.text.boot</name>
         <load_address>0x700565c4</load_address>
         <readonly>true</readonly>
         <executable>true</executable>
         <run_address>0x700565c4</run_address>
         <size>0x1e</size>
         <alignment>0x2</alignment>
         <input_file_ref idref="fl-1e"/>
         <refd_ro_sections>
            <object_component_ref idref="oc-76"/>
         </refd_ro_sections>
         <value>71355147a8a5b75875ba8d68c20c33a8</value>
      </object_component>
      <object_component id="oc-62">
         <name>.text.boot</name>
         <load_address>0x700565e2</load_address>
         <readonly>true</readonly>
         <executable>true</executable>
         <run_address>0x700565e2</run_address>
         <size>0x1c</size>
         <alignment>0x2</alignment>
         <input_file_ref idref="fl-30"/>
         <refd_ro_sections>
            <object_component_ref idref="oc-89"/>
         </refd_ro_sections>
         <refd_linker_syms>
            <symbol_ref idref="sm-7"/>
            <symbol_ref idref="sm-6"/>
         </refd_linker_syms>
         <value>a7fddd2eab8a55466f5850478c0696ca</value>
      </object_component>
      <object_component id="oc-5d">
         <name>.text.boot</name>
         <load_address>0x700565fe</load_address>
         <readonly>true</readonly>
         <executable>true</executable>
         <run_address>0x700565fe</run_address>
         <size>0xe</size>
         <alignment>0x2</alignment>
         <input_file_ref idref="fl-1"/>
         <of_notshared>true</of_notshared>
         <refd_ro_sections>
            <object_component_ref idref="oc-82"/>
            <object_component_ref idref="oc-7e"/>
         </refd_ro_sections>
         <value>367db0d8226d91001836645e2bef4260</value>
      </object_component>
      <object_component id="oc-b2">
         <name>.text:abort</name>
         <load_address>0x70056610</load_address>
         <readonly>true</readonly>
         <executable>true</executable>
         <run_address>0x70056610</run_address>
         <size>0x8</size>
         <alignment>0x4</alignment>
         <input_file_ref idref="fl-55"/>
         <refd_ro_sections>
            <object_component_ref idref="oc-118"/>
         </refd_ro_sections>
         <value>e27b954847891444abf2be07f27b8b79</value>
      </object_component>
      <object_component id="oc-285">
         <name>.text._vsnprintf</name>
         <load_address>0x7004d1c0</load_address>
         <readonly>true</readonly>
         <executable>true</executable>
         <run_address>0x7004d1c0</run_address>
         <size>0x580</size>
         <alignment>0x4</alignment>
         <input_file_ref idref="fl-27"/>
         <refd_ro_sections>
            <object_component_ref idref="oc-2bc"/>
            <object_component_ref idref="oc-2bb"/>
            <object_component_ref idref="oc-2be"/>
            <object_component_ref idref="oc-2bd"/>
            <object_component_ref idref="oc-2ba"/>
         </refd_ro_sections>
         <value>11d285028d24beaa865a0843bd4c0694</value>
      </object_component>
      <object_component id="oc-229">
         <name>.text.SOC_rcmEnablePeripheralClock</name>
         <load_address>0x7004d740</load_address>
         <readonly>true</readonly>
         <executable>true</executable>
         <run_address>0x7004d740</run_address>
         <size>0x4cc</size>
         <alignment>0x4</alignment>
         <input_file_ref idref="fl-36"/>
         <value>e17ea71fe5fe5bad6ca3b5fa83ad9958</value>
      </object_component>
      <object_component id="oc-10a">
         <name>.text.Board_driversOpen</name>
         <load_address>0x7004dc0c</load_address>
         <readonly>true</readonly>
         <executable>true</executable>
         <run_address>0x7004dc0c</run_address>
         <size>0x4</size>
         <alignment>0x2</alignment>
         <input_file_ref idref="fl-7"/>
         <value>cdac9d29ed467cddeb2ad48c78c0a1a4</value>
      </object_component>
      <object_component id="oc-2bb">
         <name>.text._ftoa</name>
         <load_address>0x7004dc10</load_address>
         <readonly>true</readonly>
         <executable>true</executable>
         <run_address>0x7004dc10</run_address>
         <size>0x400</size>
         <alignment>0x8</alignment>
         <input_file_ref idref="fl-27"/>
         <refd_ro_sections>
            <object_component_ref idref="oc-2ee"/>
            <object_component_ref idref="oc-2ea"/>
            <object_component_ref idref="oc-2e9"/>
            <object_component_ref idref="oc-2eb"/>
            <object_component_ref idref="oc-2ef"/>
            <object_component_ref idref="oc-2ed"/>
            <object_component_ref idref="oc-2bc"/>
            <object_component_ref idref="oc-2ec"/>
         </refd_ro_sections>
         <value>6fd4e41bffb081ef1d9a34ec4ba38e87</value>
      </object_component>
      <object_component id="oc-205">
         <name>.text.UART_intr2Disable</name>
         <load_address>0x7004e010</load_address>
         <readonly>true</readonly>
         <executable>true</executable>
         <run_address>0x7004e010</run_address>
         <size>0x10</size>
         <alignment>0x2</alignment>
         <input_file_ref idref="fl-38"/>
         <value>b608a5302ca6547cec2bfdfd3779b799</value>
      </object_component>
      <object_component id="oc-3ce">
         <name>.text:strcmp</name>
         <load_address>0x7004e020</load_address>
         <readonly>true</readonly>
         <executable>true</executable>
         <run_address>0x7004e020</run_address>
         <size>0x390</size>
         <alignment>0x20</alignment>
         <input_file_ref idref="fl-11b"/>
         <refd_ro_sections>
            <object_component_ref idref="oc-3d3"/>
         </refd_ro_sections>
         <value>fd3c5b17c2b678f93f63ffd0e9262618</value>
      </object_component>
      <object_component id="oc-2bc">
         <name>.text._etoa</name>
         <load_address>0x7004e3b0</load_address>
         <readonly>true</readonly>
         <executable>true</executable>
         <run_address>0x7004e3b0</run_address>
         <size>0x310</size>
         <alignment>0x8</alignment>
         <input_file_ref idref="fl-27"/>
         <refd_ro_sections>
            <object_component_ref idref="oc-2bb"/>
            <object_component_ref idref="oc-2be"/>
         </refd_ro_sections>
         <value>dce784b4ca6f12003d92507cb01ec67b</value>
      </object_component>
      <object_component id="oc-1ee">
         <name>.text.UART_open</name>
         <load_address>0x7004e6c0</load_address>
         <readonly>true</readonly>
         <executable>true</executable>
         <run_address>0x7004e6c0</run_address>
         <size>0x2a8</size>
         <alignment>0x4</alignment>
         <input_file_ref idref="fl-37"/>
         <refd_ro_sections>
            <object_component_ref idref="oc-20b"/>
            <object_component_ref idref="oc-251"/>
            <object_component_ref idref="oc-183"/>
            <object_component_ref idref="oc-24a"/>
            <object_component_ref idref="oc-182"/>
            <object_component_ref idref="oc-23d"/>
            <object_component_ref idref="oc-24b"/>
            <object_component_ref idref="oc-23a"/>
            <object_component_ref idref="oc-162"/>
            <object_component_ref idref="oc-1f1"/>
            <object_component_ref idref="oc-1f9"/>
            <object_component_ref idref="oc-247"/>
            <object_component_ref idref="oc-192"/>
            <object_component_ref idref="oc-252"/>
            <object_component_ref idref="oc-24e"/>
            <object_component_ref idref="oc-249"/>
            <object_component_ref idref="oc-248"/>
            <object_component_ref idref="oc-24c"/>
            <object_component_ref idref="oc-24d"/>
            <object_component_ref idref="oc-161"/>
            <object_component_ref idref="oc-12e"/>
            <object_component_ref idref="oc-71"/>
         </refd_ro_sections>
         <refd_rw_sections>
            <object_component_ref idref="oc-181"/>
            <object_component_ref idref="oc-17f"/>
            <object_component_ref idref="oc-250"/>
            <object_component_ref idref="oc-24f"/>
            <object_component_ref idref="oc-180"/>
         </refd_rw_sections>
         <value>e4373512b47eea33bf38e5b352a8a00e</value>
      </object_component>
      <object_component id="oc-1ea">
         <name>.text.MCSPI_open</name>
         <load_address>0x7004e968</load_address>
         <readonly>true</readonly>
         <executable>true</executable>
         <run_address>0x7004e968</run_address>
         <size>0x298</size>
         <alignment>0x4</alignment>
         <input_file_ref idref="fl-33"/>
         <refd_ro_sections>
            <object_component_ref idref="oc-1fc"/>
            <object_component_ref idref="oc-16b"/>
            <object_component_ref idref="oc-23b"/>
            <object_component_ref idref="oc-243"/>
            <object_component_ref idref="oc-16c"/>
            <object_component_ref idref="oc-244"/>
            <object_component_ref idref="oc-1fb"/>
            <object_component_ref idref="oc-179"/>
            <object_component_ref idref="oc-23d"/>
            <object_component_ref idref="oc-190"/>
            <object_component_ref idref="oc-23f"/>
            <object_component_ref idref="oc-245"/>
            <object_component_ref idref="oc-239"/>
            <object_component_ref idref="oc-238"/>
            <object_component_ref idref="oc-246"/>
            <object_component_ref idref="oc-23e"/>
            <object_component_ref idref="oc-23a"/>
            <object_component_ref idref="oc-1f1"/>
            <object_component_ref idref="oc-1f9"/>
            <object_component_ref idref="oc-161"/>
            <object_component_ref idref="oc-1d1"/>
            <object_component_ref idref="oc-89"/>
            <object_component_ref idref="oc-71"/>
         </refd_ro_sections>
         <refd_rw_sections>
            <object_component_ref idref="oc-240"/>
            <object_component_ref idref="oc-16a"/>
            <object_component_ref idref="oc-168"/>
            <object_component_ref idref="oc-241"/>
            <object_component_ref idref="oc-23c"/>
            <object_component_ref idref="oc-169"/>
            <object_component_ref idref="oc-242"/>
         </refd_rw_sections>
         <value>c7d7434e0cda6eb46acbe00ec0ea9472</value>
      </object_component>
      <object_component id="oc-f5">
         <name>.text.EDMA_init</name>
         <load_address>0x7004ec00</load_address>
         <readonly>true</readonly>
         <executable>true</executable>
         <run_address>0x7004ec00</run_address>
         <size>0x27c</size>
         <alignment>0x4</alignment>
         <input_file_ref idref="fl-32"/>
         <refd_ro_sections>
            <object_component_ref idref="oc-176"/>
            <object_component_ref idref="oc-175"/>
            <object_component_ref idref="oc-174"/>
            <object_component_ref idref="oc-170"/>
            <object_component_ref idref="oc-171"/>
            <object_component_ref idref="oc-161"/>
            <object_component_ref idref="oc-89"/>
         </refd_ro_sections>
         <refd_rw_sections>
            <object_component_ref idref="oc-173"/>
            <object_component_ref idref="oc-172"/>
         </refd_rw_sections>
         <value>7aebf498f9916e14c247f9170a5ee52c</value>
      </object_component>
      <object_component id="oc-22a">
         <name>.text.SOC_rcmSetPeripheralClock</name>
         <load_address>0x7004ee7c</load_address>
         <readonly>true</readonly>
         <executable>true</executable>
         <run_address>0x7004ee7c</run_address>
         <size>0x250</size>
         <alignment>0x4</alignment>
         <input_file_ref idref="fl-36"/>
         <refd_ro_sections>
            <object_component_ref idref="oc-27f"/>
            <object_component_ref idref="oc-280"/>
            <object_component_ref idref="oc-27d"/>
            <object_component_ref idref="oc-27e"/>
            <object_component_ref idref="oc-282"/>
            <object_component_ref idref="oc-281"/>
            <object_component_ref idref="oc-27c"/>
            <object_component_ref idref="oc-27b"/>
         </refd_ro_sections>
         <value>4f0a9d2a32b2521ca55e2a6ccadb488a</value>
      </object_component>
      <object_component id="oc-29b">
         <name>.text.UART_configInstance</name>
         <load_address>0x7004f0cc</load_address>
         <readonly>true</readonly>
         <executable>true</executable>
         <run_address>0x7004f0cc</run_address>
         <size>0x23c</size>
         <alignment>0x2</alignment>
         <input_file_ref idref="fl-38"/>
         <refd_ro_sections>
            <object_component_ref idref="oc-2d0"/>
            <object_component_ref idref="oc-2cf"/>
            <object_component_ref idref="oc-2d1"/>
            <object_component_ref idref="oc-2ce"/>
            <object_component_ref idref="oc-2d2"/>
            <object_component_ref idref="oc-1ff"/>
         </refd_ro_sections>
         <value>5477a707a619bf4237e60aceae2e714d</value>
      </object_component>
      <object_component id="oc-2a8">
         <name>.text.EDMA_freeChannelRegion</name>
         <load_address>0x7004f308</load_address>
         <readonly>true</readonly>
         <executable>true</executable>
         <run_address>0x7004f308</run_address>
         <size>0x204</size>
         <alignment>0x4</alignment>
         <input_file_ref idref="fl-32"/>
         <refd_ro_sections>
            <object_component_ref idref="oc-288"/>
            <object_component_ref idref="oc-2dc"/>
            <object_component_ref idref="oc-2dd"/>
            <object_component_ref idref="oc-175"/>
            <object_component_ref idref="oc-20d"/>
            <object_component_ref idref="oc-2de"/>
            <object_component_ref idref="oc-2db"/>
            <object_component_ref idref="oc-174"/>
            <object_component_ref idref="oc-2da"/>
            <object_component_ref idref="oc-2d8"/>
            <object_component_ref idref="oc-2d7"/>
            <object_component_ref idref="oc-2d9"/>
            <object_component_ref idref="oc-161"/>
         </refd_ro_sections>
         <refd_rw_sections>
            <object_component_ref idref="oc-173"/>
            <object_component_ref idref="oc-172"/>
         </refd_rw_sections>
         <value>1698eb8cafaed534bf73e3d13766dbda</value>
      </object_component>
      <object_component id="oc-245">
         <name>.text.MCSPI_lld_controllerIsr</name>
         <load_address>0x7004f50c</load_address>
         <readonly>true</readonly>
         <executable>true</executable>
         <run_address>0x7004f50c</run_address>
         <size>0x1e8</size>
         <alignment>0x4</alignment>
         <input_file_ref idref="fl-3a"/>
         <refd_ro_sections>
            <object_component_ref idref="oc-296"/>
            <object_component_ref idref="oc-295"/>
            <object_component_ref idref="oc-290"/>
            <object_component_ref idref="oc-28f"/>
            <object_component_ref idref="oc-292"/>
            <object_component_ref idref="oc-291"/>
            <object_component_ref idref="oc-293"/>
            <object_component_ref idref="oc-294"/>
         </refd_ro_sections>
         <value>9c815489713edbdd4820390a2a33ba74</value>
      </object_component>
      <object_component id="oc-28d">
         <name>.text.MCSPI_lld_dmaChInit</name>
         <load_address>0x7004f6f4</load_address>
         <readonly>true</readonly>
         <executable>true</executable>
         <run_address>0x7004f6f4</run_address>
         <size>0x1c0</size>
         <alignment>0x4</alignment>
         <input_file_ref idref="fl-3b"/>
         <refd_ro_sections>
            <object_component_ref idref="oc-2c5"/>
            <object_component_ref idref="oc-2c7"/>
            <object_component_ref idref="oc-2c6"/>
            <object_component_ref idref="oc-2c8"/>
            <object_component_ref idref="oc-2c2"/>
            <object_component_ref idref="oc-2c3"/>
            <object_component_ref idref="oc-2c4"/>
            <object_component_ref idref="oc-2c9"/>
            <object_component_ref idref="oc-2cb"/>
            <object_component_ref idref="oc-2ca"/>
         </refd_ro_sections>
         <value>8158ccddacdd803524f0b5eef3946697</value>
      </object_component>
      <object_component id="oc-28c">
         <name>.text.MCSPI_lld_chConfig</name>
         <load_address>0x7004f8b4</load_address>
         <readonly>true</readonly>
         <executable>true</executable>
         <run_address>0x7004f8b4</run_address>
         <size>0x1a8</size>
         <alignment>0x4</alignment>
         <input_file_ref idref="fl-3a"/>
         <refd_ro_sections>
            <object_component_ref idref="oc-2c1"/>
            <object_component_ref idref="oc-2c0"/>
            <object_component_ref idref="oc-1d1"/>
         </refd_ro_sections>
         <value>ad0b880292eb0266ba278861f321afb3</value>
      </object_component>
      <object_component id="oc-348">
         <name>.text.free</name>
         <load_address>0x7004fa5c</load_address>
         <readonly>true</readonly>
         <executable>true</executable>
         <run_address>0x7004fa5c</run_address>
         <size>0x1a8</size>
         <alignment>0x4</alignment>
         <input_file_ref idref="fl-58"/>
         <refd_ro_sections>
            <object_component_ref idref="oc-35e"/>
            <object_component_ref idref="oc-35d"/>
         </refd_ro_sections>
         <refd_rw_sections>
            <object_component_ref idref="oc-11e"/>
            <object_component_ref idref="oc-121"/>
            <object_component_ref idref="oc-49"/>
         </refd_rw_sections>
         <refd_linker_syms>
            <symbol_ref idref="sm-16"/>
         </refd_linker_syms>
         <value>c2c6a0883acd2f1093dcc82e731bbced</value>
      </object_component>
      <object_component id="oc-35f">
         <name>.text.aligned_alloc</name>
         <load_address>0x7004fc04</load_address>
         <readonly>true</readonly>
         <executable>true</executable>
         <run_address>0x7004fc04</run_address>
         <size>0x1a4</size>
         <alignment>0x4</alignment>
         <input_file_ref idref="fl-58"/>
         <refd_ro_sections>
            <object_component_ref idref="oc-35e"/>
            <object_component_ref idref="oc-35d"/>
            <object_component_ref idref="oc-38b"/>
         </refd_ro_sections>
         <refd_rw_sections>
            <object_component_ref idref="oc-38a"/>
            <object_component_ref idref="oc-11e"/>
            <object_component_ref idref="oc-121"/>
            <object_component_ref idref="oc-38c"/>
            <object_component_ref idref="oc-49"/>
         </refd_rw_sections>
         <refd_linker_syms>
            <symbol_ref idref="sm-16"/>
         </refd_linker_syms>
         <value>897beb5ba77f18dd45527654a554f37b</value>
      </object_component>
      <object_component id="oc-29c">
         <name>.text.UART_lld_dmaInit</name>
         <load_address>0x7004fda8</load_address>
         <readonly>true</readonly>
         <executable>true</executable>
         <run_address>0x7004fda8</run_address>
         <size>0x194</size>
         <alignment>0x4</alignment>
         <input_file_ref idref="fl-39"/>
         <refd_ro_sections>
            <object_component_ref idref="oc-2c5"/>
            <object_component_ref idref="oc-2c7"/>
            <object_component_ref idref="oc-2c6"/>
            <object_component_ref idref="oc-2c8"/>
            <object_component_ref idref="oc-2c2"/>
            <object_component_ref idref="oc-2c3"/>
            <object_component_ref idref="oc-2c4"/>
            <object_component_ref idref="oc-2c9"/>
            <object_component_ref idref="oc-2d5"/>
            <object_component_ref idref="oc-2d3"/>
            <object_component_ref idref="oc-2d4"/>
         </refd_ro_sections>
         <value>e7b6d4e56f74e336685e9beaf54a1509</value>
      </object_component>
      <object_component id="oc-114">
         <name>.text.EDMA_deinit</name>
         <load_address>0x7004ff3c</load_address>
         <readonly>true</readonly>
         <executable>true</executable>
         <run_address>0x7004ff3c</run_address>
         <size>0x160</size>
         <alignment>0x4</alignment>
         <input_file_ref idref="fl-32"/>
         <refd_ro_sections>
            <object_component_ref idref="oc-89"/>
         </refd_ro_sections>
         <refd_rw_sections>
            <object_component_ref idref="oc-173"/>
            <object_component_ref idref="oc-172"/>
         </refd_rw_sections>
         <value>6fc01ec0cb0b3ef7c9f17a3eb90b59ea</value>
      </object_component>
      <object_component id="oc-252">
         <name>.text.UART_lld_controllerIsr</name>
         <load_address>0x7005009c</load_address>
         <readonly>true</readonly>
         <executable>true</executable>
         <run_address>0x7005009c</run_address>
         <size>0x15c</size>
         <alignment>0x2</alignment>
         <input_file_ref idref="fl-38"/>
         <refd_ro_sections>
            <object_component_ref idref="oc-2a2"/>
            <object_component_ref idref="oc-29e"/>
            <object_component_ref idref="oc-1ff"/>
            <object_component_ref idref="oc-29f"/>
            <object_component_ref idref="oc-2a1"/>
            <object_component_ref idref="oc-2a0"/>
            <object_component_ref idref="oc-89"/>
         </refd_ro_sections>
         <value>5b69bdc693d0c4531baa82ed945422b6</value>
      </object_component>
      <object_component id="oc-26b">
         <name>.text.UART_lld_dmaDeInit</name>
         <load_address>0x700501f8</load_address>
         <readonly>true</readonly>
         <executable>true</executable>
         <run_address>0x700501f8</run_address>
         <size>0x14e</size>
         <alignment>0x2</alignment>
         <input_file_ref idref="fl-39"/>
         <refd_ro_sections>
            <object_component_ref idref="oc-2a8"/>
            <object_component_ref idref="oc-2a9"/>
            <object_component_ref idref="oc-2ab"/>
            <object_component_ref idref="oc-2aa"/>
            <object_component_ref idref="oc-2a7"/>
         </refd_ro_sections>
         <value>c368d92b3444e27c2e6a80a1c86984bb</value>
      </object_component>
      <object_component id="oc-259">
         <name>.text.MCSPI_lld_dmaDeInit</name>
         <load_address>0x70050346</load_address>
         <readonly>true</readonly>
         <executable>true</executable>
         <run_address>0x70050346</run_address>
         <size>0x14c</size>
         <alignment>0x2</alignment>
         <input_file_ref idref="fl-3b"/>
         <refd_ro_sections>
            <object_component_ref idref="oc-2a8"/>
            <object_component_ref idref="oc-2a9"/>
            <object_component_ref idref="oc-2ab"/>
            <object_component_ref idref="oc-2aa"/>
            <object_component_ref idref="oc-2a7"/>
         </refd_ro_sections>
         <value>ea6117f654f711d5c0aca30905a098ff</value>
      </object_component>
      <object_component id="oc-ae">
         <name>.text.Board_deinit</name>
         <load_address>0x70050492</load_address>
         <readonly>true</readonly>
         <executable>true</executable>
         <run_address>0x70050492</run_address>
         <size>0x2</size>
         <alignment>0x2</alignment>
         <input_file_ref idref="fl-6"/>
         <value>d1a51d9bea3c0661dce49dfbc1477361</value>
      </object_component>
      <object_component id="oc-330">
         <name>.text.setvbuf</name>
         <load_address>0x70050494</load_address>
         <readonly>true</readonly>
         <executable>true</executable>
         <run_address>0x70050494</run_address>
         <size>0x144</size>
         <alignment>0x4</alignment>
         <input_file_ref idref="fl-54"/>
         <refd_ro_sections>
            <object_component_ref idref="oc-34b"/>
            <object_component_ref idref="oc-348"/>
            <object_component_ref idref="oc-34a"/>
         </refd_ro_sections>
         <refd_rw_sections>
            <object_component_ref idref="oc-120"/>
            <object_component_ref idref="oc-11e"/>
            <object_component_ref idref="oc-121"/>
         </refd_rw_sections>
         <value>64fe1afe11d1e7d97f8c4dcbf5d68045</value>
      </object_component>
      <object_component id="oc-1b4">
         <name>.text.TimerP_setup</name>
         <load_address>0x700505d8</load_address>
         <readonly>true</readonly>
         <executable>true</executable>
         <run_address>0x700505d8</run_address>
         <size>0x140</size>
         <alignment>0x2</alignment>
         <input_file_ref idref="fl-22"/>
         <refd_ro_sections>
            <object_component_ref idref="oc-219"/>
            <object_component_ref idref="oc-21d"/>
            <object_component_ref idref="oc-21c"/>
            <object_component_ref idref="oc-21a"/>
            <object_component_ref idref="oc-21e"/>
            <object_component_ref idref="oc-218"/>
            <object_component_ref idref="oc-21b"/>
            <object_component_ref idref="oc-161"/>
            <object_component_ref idref="oc-14e"/>
         </refd_ro_sections>
         <value>b9463f888aeea141dbed7262c1bbeda1</value>
      </object_component>
      <object_component id="oc-306">
         <name>.text.SOC_virtToPhy</name>
         <load_address>0x70050718</load_address>
         <readonly>true</readonly>
         <executable>true</executable>
         <run_address>0x70050718</run_address>
         <size>0x13c</size>
         <alignment>0x4</alignment>
         <input_file_ref idref="fl-35"/>
         <refd_ro_sections>
            <object_component_ref idref="oc-322"/>
            <object_component_ref idref="oc-328"/>
         </refd_ro_sections>
         <refd_rw_sections>
            <object_component_ref idref="oc-32a"/>
            <object_component_ref idref="oc-329"/>
         </refd_rw_sections>
         <value>2a0be40b83204e6e3b2b7e59600a808f</value>
      </object_component>
      <object_component id="oc-192">
         <name>.text.UART_close</name>
         <load_address>0x70050854</load_address>
         <readonly>true</readonly>
         <executable>true</executable>
         <run_address>0x70050854</run_address>
         <size>0x138</size>
         <alignment>0x4</alignment>
         <input_file_ref idref="fl-37"/>
         <refd_ro_sections>
            <object_component_ref idref="oc-20b"/>
            <object_component_ref idref="oc-20a"/>
            <object_component_ref idref="oc-183"/>
            <object_component_ref idref="oc-209"/>
            <object_component_ref idref="oc-182"/>
            <object_component_ref idref="oc-195"/>
            <object_component_ref idref="oc-1f1"/>
            <object_component_ref idref="oc-1f9"/>
            <object_component_ref idref="oc-1fe"/>
            <object_component_ref idref="oc-205"/>
            <object_component_ref idref="oc-1ff"/>
            <object_component_ref idref="oc-208"/>
            <object_component_ref idref="oc-207"/>
            <object_component_ref idref="oc-206"/>
            <object_component_ref idref="oc-161"/>
            <object_component_ref idref="oc-71"/>
         </refd_ro_sections>
         <refd_rw_sections>
            <object_component_ref idref="oc-180"/>
         </refd_rw_sections>
         <value>96addec2cd2d4c0351e90d44bd8c4184</value>
      </object_component>
      <object_component id="oc-2f0">
         <name>.text._ntoa_format</name>
         <load_address>0x7005098c</load_address>
         <readonly>true</readonly>
         <executable>true</executable>
         <run_address>0x7005098c</run_address>
         <size>0x132</size>
         <alignment>0x2</alignment>
         <input_file_ref idref="fl-27"/>
         <refd_ro_sections>
            <object_component_ref idref="oc-2ed"/>
            <object_component_ref idref="oc-2ec"/>
         </refd_ro_sections>
         <value>a5a919170c2d613efdd401dc70285b4f</value>
      </object_component>
      <object_component id="oc-10f">
         <name>.text.Board_driversClose</name>
         <load_address>0x70050abe</load_address>
         <readonly>true</readonly>
         <executable>true</executable>
         <run_address>0x70050abe</run_address>
         <size>0x2</size>
         <alignment>0x2</alignment>
         <input_file_ref idref="fl-7"/>
         <value>d1a51d9bea3c0661dce49dfbc1477361</value>
      </object_component>
      <object_component id="oc-2f2">
         <name>.text.Alloc_resource</name>
         <load_address>0x70050ac0</load_address>
         <readonly>true</readonly>
         <executable>true</executable>
         <run_address>0x70050ac0</run_address>
         <size>0x118</size>
         <alignment>0x4</alignment>
         <input_file_ref idref="fl-32"/>
         <refd_ro_sections>
            <object_component_ref idref="oc-76"/>
         </refd_ro_sections>
         <value>3e4aae3ac20f8a21030fa48fe455052d</value>
      </object_component>
      <object_component id="oc-1c3">
         <name>.text</name>
         <load_address>0x70050bd8</load_address>
         <readonly>true</readonly>
         <executable>true</executable>
         <run_address>0x70050bd8</run_address>
         <size>0x118</size>
         <alignment>0x4</alignment>
         <input_file_ref idref="fl-122"/>
         <refd_ro_sections>
            <object_component_ref idref="oc-222"/>
         </refd_ro_sections>
         <value>eaf1edc13536b37e5b03b807401e07f2</value>
      </object_component>
      <object_component id="oc-27b">
         <name>.text.SOC_rcmGetPeripheralClockFrequency</name>
         <load_address>0x70050cf0</load_address>
         <readonly>true</readonly>
         <executable>true</executable>
         <run_address>0x70050cf0</run_address>
         <size>0x114</size>
         <alignment>0x4</alignment>
         <input_file_ref idref="fl-36"/>
         <refd_ro_sections>
            <object_component_ref idref="oc-2b3"/>
            <object_component_ref idref="oc-274"/>
            <object_component_ref idref="oc-2b5"/>
            <object_component_ref idref="oc-2b6"/>
            <object_component_ref idref="oc-275"/>
            <object_component_ref idref="oc-277"/>
            <object_component_ref idref="oc-2b4"/>
            <object_component_ref idref="oc-273"/>
            <object_component_ref idref="oc-221"/>
            <object_component_ref idref="oc-161"/>
         </refd_ro_sections>
         <value>8b54793e3124248086d2ff5a08a09441</value>
      </object_component>
      <object_component id="oc-31f">
         <name>.text.UART_lld_write</name>
         <load_address>0x70050e04</load_address>
         <readonly>true</readonly>
         <executable>true</executable>
         <run_address>0x70050e04</run_address>
         <size>0x10e</size>
         <alignment>0x2</alignment>
         <input_file_ref idref="fl-38"/>
         <refd_ro_sections>
            <object_component_ref idref="oc-2a0"/>
            <object_component_ref idref="oc-89"/>
         </refd_ro_sections>
         <value>d779b19611bf6523b2e17a2f9cfedd5a</value>
      </object_component>
      <object_component id="oc-297">
         <name>.text.MCSPI_continuePeripheralTxRx</name>
         <load_address>0x70050f12</load_address>
         <readonly>true</readonly>
         <executable>true</executable>
         <run_address>0x70050f12</run_address>
         <size>0x106</size>
         <alignment>0x2</alignment>
         <input_file_ref idref="fl-3a"/>
         <refd_ro_sections>
            <object_component_ref idref="oc-290"/>
            <object_component_ref idref="oc-28f"/>
            <object_component_ref idref="oc-292"/>
            <object_component_ref idref="oc-291"/>
         </refd_ro_sections>
         <value>f5123269680208a8ca00708eeddb89c3</value>
      </object_component>
      <object_component id="oc-235">
         <name>.text.EDMA_transferCompletionMasterIsrFxn</name>
         <load_address>0x70051018</load_address>
         <readonly>true</readonly>
         <executable>true</executable>
         <run_address>0x70051018</run_address>
         <size>0x104</size>
         <alignment>0x4</alignment>
         <input_file_ref idref="fl-32"/>
         <refd_ro_sections>
            <object_component_ref idref="oc-288"/>
            <object_component_ref idref="oc-289"/>
            <object_component_ref idref="oc-175"/>
            <object_component_ref idref="oc-20d"/>
            <object_component_ref idref="oc-174"/>
            <object_component_ref idref="oc-161"/>
         </refd_ro_sections>
         <value>c10fda514200d5d6dcb3a0638004a1ec</value>
      </object_component>
      <object_component id="oc-2fc">
         <name>.text.UART_lld_dmaWrite</name>
         <load_address>0x7005111c</load_address>
         <readonly>true</readonly>
         <executable>true</executable>
         <run_address>0x7005111c</run_address>
         <size>0x104</size>
         <alignment>0x4</alignment>
         <input_file_ref idref="fl-39"/>
         <refd_ro_sections>
            <object_component_ref idref="oc-305"/>
            <object_component_ref idref="oc-307"/>
            <object_component_ref idref="oc-308"/>
            <object_component_ref idref="oc-309"/>
            <object_component_ref idref="oc-171"/>
            <object_component_ref idref="oc-306"/>
            <object_component_ref idref="oc-261"/>
         </refd_ro_sections>
         <value>a9f258f08249f69da3e08e56c6a20813</value>
      </object_component>
      <object_component id="oc-13c">
         <name>.text.ClockP_init</name>
         <load_address>0x70051220</load_address>
         <readonly>true</readonly>
         <executable>true</executable>
         <run_address>0x70051220</run_address>
         <size>0x102</size>
         <alignment>0x2</alignment>
         <input_file_ref idref="fl-21"/>
         <refd_ro_sections>
            <object_component_ref idref="oc-1a7"/>
            <object_component_ref idref="oc-1aa"/>
            <object_component_ref idref="oc-1a8"/>
            <object_component_ref idref="oc-1ab"/>
            <object_component_ref idref="oc-1a9"/>
            <object_component_ref idref="oc-1ac"/>
            <object_component_ref idref="oc-1b7"/>
            <object_component_ref idref="oc-1af"/>
            <object_component_ref idref="oc-1b6"/>
            <object_component_ref idref="oc-1b4"/>
            <object_component_ref idref="oc-1bc"/>
            <object_component_ref idref="oc-161"/>
            <object_component_ref idref="oc-71"/>
         </refd_ro_sections>
         <refd_rw_sections>
            <object_component_ref idref="oc-1ad"/>
            <object_component_ref idref="oc-1a6"/>
         </refd_rw_sections>
         <value>86fa344941a8417a49cf9ce6d03d2b79</value>
      </object_component>
      <object_component id="oc-a3">
         <name>.text.Board_init</name>
         <load_address>0x70051322</load_address>
         <readonly>true</readonly>
         <executable>true</executable>
         <run_address>0x70051322</run_address>
         <size>0x2</size>
         <alignment>0x2</alignment>
         <input_file_ref idref="fl-6"/>
         <value>d1a51d9bea3c0661dce49dfbc1477361</value>
      </object_component>
      <object_component id="oc-190">
         <name>.text.MCSPI_close</name>
         <load_address>0x70051324</load_address>
         <readonly>true</readonly>
         <executable>true</executable>
         <run_address>0x70051324</run_address>
         <size>0x100</size>
         <alignment>0x4</alignment>
         <input_file_ref idref="fl-33"/>
         <refd_ro_sections>
            <object_component_ref idref="oc-1fc"/>
            <object_component_ref idref="oc-16b"/>
            <object_component_ref idref="oc-1fd"/>
            <object_component_ref idref="oc-16c"/>
            <object_component_ref idref="oc-1fa"/>
            <object_component_ref idref="oc-1fb"/>
            <object_component_ref idref="oc-1f8"/>
            <object_component_ref idref="oc-1f2"/>
            <object_component_ref idref="oc-195"/>
            <object_component_ref idref="oc-1f1"/>
            <object_component_ref idref="oc-1f9"/>
            <object_component_ref idref="oc-161"/>
            <object_component_ref idref="oc-71"/>
         </refd_ro_sections>
         <refd_rw_sections>
            <object_component_ref idref="oc-169"/>
         </refd_rw_sections>
         <value>bed8c11222efff736fd5a6494aa29e84</value>
      </object_component>
      <object_component id="oc-304">
         <name>.text.UART_write</name>
         <load_address>0x70051424</load_address>
         <readonly>true</readonly>
         <executable>true</executable>
         <run_address>0x70051424</run_address>
         <size>0xfc</size>
         <alignment>0x4</alignment>
         <input_file_ref idref="fl-37"/>
         <refd_ro_sections>
            <object_component_ref idref="oc-20a"/>
            <object_component_ref idref="oc-183"/>
            <object_component_ref idref="oc-321"/>
            <object_component_ref idref="oc-182"/>
            <object_component_ref idref="oc-1f1"/>
            <object_component_ref idref="oc-31f"/>
            <object_component_ref idref="oc-31e"/>
            <object_component_ref idref="oc-31d"/>
            <object_component_ref idref="oc-320"/>
            <object_component_ref idref="oc-161"/>
            <object_component_ref idref="oc-76"/>
         </refd_ro_sections>
         <value>d330943501921ea1c6eb8e86c7d878b1</value>
      </object_component>
      <object_component id="oc-238">
         <name>.text.MCSPI_lld_initDma</name>
         <load_address>0x70051520</load_address>
         <readonly>true</readonly>
         <executable>true</executable>
         <run_address>0x70051520</run_address>
         <size>0xf4</size>
         <alignment>0x4</alignment>
         <input_file_ref idref="fl-3a"/>
         <refd_ro_sections>
            <object_component_ref idref="oc-28b"/>
            <object_component_ref idref="oc-28c"/>
            <object_component_ref idref="oc-1f2"/>
            <object_component_ref idref="oc-28d"/>
            <object_component_ref idref="oc-28a"/>
         </refd_ro_sections>
         <value>30d568d19900cb6c565925562b3abc9b</value>
      </object_component>
      <object_component id="oc-2fd">
         <name>.text.fputc</name>
         <load_address>0x70051614</load_address>
         <readonly>true</readonly>
         <executable>true</executable>
         <run_address>0x70051614</run_address>
         <size>0xf0</size>
         <alignment>0x4</alignment>
         <input_file_ref idref="fl-52"/>
         <refd_ro_sections>
            <object_component_ref idref="oc-314"/>
            <object_component_ref idref="oc-30a"/>
            <object_component_ref idref="oc-310"/>
         </refd_ro_sections>
         <refd_rw_sections>
            <object_component_ref idref="oc-11e"/>
            <object_component_ref idref="oc-121"/>
         </refd_rw_sections>
         <value>78817c6884ee8f26e2662c495ba03c3d</value>
      </object_component>
      <object_component id="oc-2a7">
         <name>.text.EDMA_unregisterIntr</name>
         <load_address>0x70051704</load_address>
         <readonly>true</readonly>
         <executable>true</executable>
         <run_address>0x70051704</run_address>
         <size>0xcc</size>
         <alignment>0x4</alignment>
         <input_file_ref idref="fl-32"/>
         <refd_ro_sections>
            <object_component_ref idref="oc-2d6"/>
            <object_component_ref idref="oc-175"/>
            <object_component_ref idref="oc-20d"/>
            <object_component_ref idref="oc-174"/>
            <object_component_ref idref="oc-161"/>
            <object_component_ref idref="oc-76"/>
         </refd_ro_sections>
         <value>fd37efc9abb5314fb52f3dc935952207</value>
      </object_component>
      <object_component id="oc-248">
         <name>.text.UART_lld_initDma</name>
         <load_address>0x700517d0</load_address>
         <readonly>true</readonly>
         <executable>true</executable>
         <run_address>0x700517d0</run_address>
         <size>0xcc</size>
         <alignment>0x4</alignment>
         <input_file_ref idref="fl-38"/>
         <refd_ro_sections>
            <object_component_ref idref="oc-29d"/>
            <object_component_ref idref="oc-298"/>
            <object_component_ref idref="oc-299"/>
            <object_component_ref idref="oc-29a"/>
            <object_component_ref idref="oc-29b"/>
            <object_component_ref idref="oc-207"/>
            <object_component_ref idref="oc-29c"/>
         </refd_ro_sections>
         <value>fce7bf5b59cf7e1ad11b03d092596bc1</value>
      </object_component>
      <object_component id="oc-3c2">
         <name>.text.getdevice</name>
         <load_address>0x7005189c</load_address>
         <readonly>true</readonly>
         <executable>true</executable>
         <run_address>0x7005189c</run_address>
         <size>0xc8</size>
         <alignment>0x4</alignment>
         <input_file_ref idref="fl-11a"/>
         <refd_ro_sections>
            <object_component_ref idref="oc-89"/>
            <object_component_ref idref="oc-3cb"/>
         </refd_ro_sections>
         <refd_rw_sections>
            <object_component_ref idref="oc-354"/>
         </refd_rw_sections>
         <value>3de42f20f2ba4c7243ed450665f157e9</value>
      </object_component>
      <object_component id="oc-239">
         <name>.text.MCSPI_lld_init</name>
         <load_address>0x70051964</load_address>
         <readonly>true</readonly>
         <executable>true</executable>
         <run_address>0x70051964</run_address>
         <size>0xc4</size>
         <alignment>0x4</alignment>
         <input_file_ref idref="fl-3a"/>
         <refd_ro_sections>
[...]
         <value>0x70054a20</value>
         <object_component_ref idref="oc-3d3"/>
         <local>true</local>
      </symbol>
      <symbol id="sm-6a3">
         <name>.Lfastpath_exit</name>
         <value>0x70054a20</value>
         <object_component_ref idref="oc-3d3"/>
         <local>true</local>
      </symbol>
      <symbol id="sm-6a4">
         <name>$a.0</name>
         <value>0x70054a20</value>
         <object_component_ref idref="oc-3d3"/>
         <local>true</local>
      </symbol>
      <symbol id="sm-6a5">
         <name></name>
         <value>0x7004e020</value>
         <object_component_ref idref="oc-3ce"/>
         <local>true</local>
      </symbol>
      <symbol id="sm-6a6">
         <name></name>
         <value>0x7004e020</value>
         <object_component_ref idref="oc-3ce"/>
         <local>true</local>
      </symbol>
      <symbol id="sm-6a7">
         <name>$a.1</name>
         <value>0x7004e020</value>
         <object_component_ref idref="oc-3ce"/>
         <local>true</local>
      </symbol>
      <symbol id="sm-6a8">
         <name></name>
         <value>0x299aa</value>
         <object_component_ref idref="oc-3d2"/>
         <local>true</local>
      </symbol>
      <symbol id="sm-6a9">
         <name></name>
         <value>0x4afb</value>
         <object_component_ref idref="oc-3d4"/>
         <local>true</local>
      </symbol>
      <symbol id="sm-6aa">
         <name></name>
         <value>0x2320</value>
         <object_component_ref idref="oc-3d0"/>
         <local>true</local>
      </symbol>
      <symbol id="sm-6ab">
         <name></name>
         <value>0x11967</value>
         <object_component_ref idref="oc-3d1"/>
         <local>true</local>
      </symbol>
      <symbol id="sm-6ac">
         <name>strcmp</name>
         <value>0x7004e020</value>
         <object_component_ref idref="oc-3ce"/>
         <function>true</function>
      </symbol>
      <symbol id="sm-6ae">
         <name></name>
         <value>0x70054a98</value>
         <object_component_ref idref="oc-222"/>
         <local>true</local>
      </symbol>
      <symbol id="sm-6af">
         <name>$a.1</name>
         <value>0x70054a98</value>
         <object_component_ref idref="oc-222"/>
         <local>true</local>
      </symbol>
      <symbol id="sm-6b0">
         <name></name>
         <value>0x155ce</value>
         <object_component_ref idref="oc-223"/>
         <local>true</local>
      </symbol>
      <symbol id="sm-6b1">
         <name></name>
         <value>0x4b1a</value>
         <object_component_ref idref="oc-279"/>
         <local>true</local>
      </symbol>
      <symbol id="sm-6b2">
         <name></name>
         <value>0x2348</value>
         <object_component_ref idref="oc-226"/>
         <local>true</local>
      </symbol>
      <symbol id="sm-6b3">
         <name></name>
         <value>0x19372</value>
         <object_component_ref idref="oc-27a"/>
         <local>true</local>
      </symbol>
      <symbol id="sm-6b4">
         <name></name>
         <value>0x3628</value>
         <object_component_ref idref="oc-225"/>
         <local>true</local>
      </symbol>
      <symbol id="sm-6b5">
         <name></name>
         <value>0x11a9a</value>
         <object_component_ref idref="oc-227"/>
         <local>true</local>
      </symbol>
      <symbol id="sm-6b6">
         <name>__aeabi_ldiv0</name>
         <value>0x70054a98</value>
         <object_component_ref idref="oc-222"/>
         <function>true</function>
      </symbol>
      <symbol id="sm-6b7">
         <name></name>
         <value>0x70054a9c</value>
         <object_component_ref idref="oc-12e"/>
         <local>true</local>
      </symbol>
      <symbol id="sm-6b8">
         <name>$a.0</name>
         <value>0x70054a9c</value>
         <object_component_ref idref="oc-12e"/>
         <local>true</local>
      </symbol>
      <symbol id="sm-6b9">
         <name></name>
         <value>0x29b3a</value>
         <object_component_ref idref="oc-131"/>
         <local>true</local>
      </symbol>
      <symbol id="sm-6ba">
         <name></name>
         <value>0x4b73</value>
         <object_component_ref idref="oc-1a1"/>
         <local>true</local>
      </symbol>
      <symbol id="sm-6bb">
         <name></name>
         <value>0x11b4f</value>
         <object_component_ref idref="oc-130"/>
         <local>true</local>
      </symbol>
      <symbol id="sm-6bc">
         <name>__aeabi_memcpy</name>
         <value>0x70054a9c</value>
         <object_component_ref idref="oc-12e"/>
         <function>true</function>
         <callees>
            <symbol_ref idref="sm-6e0"/>
         </callees>
      </symbol>
      <symbol id="sm-6bd">
         <name>__aeabi_memcpy4</name>
         <value>0x70054a9c</value>
         <object_component_ref idref="oc-12e"/>
         <function>true</function>
         <callees>
            <symbol_ref idref="sm-6e0"/>
         </callees>
      </symbol>
      <symbol id="sm-6be">
         <name>__aeabi_memcpy8</name>
         <value>0x70054a9c</value>
         <object_component_ref idref="oc-12e"/>
         <function>true</function>
         <callees>
            <symbol_ref idref="sm-6e0"/>
         </callees>
      </symbol>
      <symbol id="sm-6bf">
         <name></name>
         <value>0x70054984</value>
         <object_component_ref idref="oc-2ed"/>
         <local>true</local>
      </symbol>
      <symbol id="sm-6c0">
         <name>$a.0</name>
         <value>0x70054984</value>
         <object_component_ref idref="oc-2ed"/>
         <local>true</local>
      </symbol>
      <symbol id="sm-6c1">
         <name></name>
         <value>0x70054a00</value>
         <object_component_ref idref="oc-89"/>
         <local>true</local>
      </symbol>
      <symbol id="sm-6c2">
         <name>$a.1</name>
         <value>0x70054a00</value>
         <object_component_ref idref="oc-89"/>
         <local>true</local>
      </symbol>
      <symbol id="sm-6c3">
         <name></name>
         <value>0x29cd5</value>
         <object_component_ref idref="oc-8b"/>
         <local>true</local>
      </symbol>
      <symbol id="sm-6c4">
         <name></name>
         <value>0x4b9a</value>
         <object_component_ref idref="oc-d4"/>
         <local>true</local>
      </symbol>
      <symbol id="sm-6c5">
         <name></name>
         <value>0x2360</value>
         <object_component_ref idref="oc-8a"/>
         <local>true</local>
      </symbol>
      <symbol id="sm-6c6">
         <name></name>
         <value>0x11bf1</value>
         <object_component_ref idref="oc-8d"/>
         <local>true</local>
      </symbol>
      <symbol id="sm-6c7">
         <name>__aeabi_memset</name>
         <value>0x70054984</value>
         <object_component_ref idref="oc-2ed"/>
         <function>true</function>
         <callees>
            <symbol_ref idref="sm-6e8"/>
         </callees>
      </symbol>
      <symbol id="sm-6c8">
         <name>__aeabi_memset4</name>
         <value>0x70054984</value>
         <object_component_ref idref="oc-2ed"/>
         <function>true</function>
         <callees>
            <symbol_ref idref="sm-6e8"/>
         </callees>
      </symbol>
      <symbol id="sm-6c9">
         <name>__aeabi_memset8</name>
         <value>0x70054984</value>
         <object_component_ref idref="oc-2ed"/>
         <function>true</function>
         <callees>
            <symbol_ref idref="sm-6e8"/>
         </callees>
      </symbol>
      <symbol id="sm-6ca">
         <name>__aeabi_memclr</name>
         <value>0x70054a00</value>
         <object_component_ref idref="oc-89"/>
         <function>true</function>
         <callees>
            <symbol_ref idref="sm-6e8"/>
         </callees>
      </symbol>
      <symbol id="sm-6cb">
         <name>__aeabi_memclr4</name>
         <value>0x70054a00</value>
         <object_component_ref idref="oc-89"/>
         <function>true</function>
         <callees>
            <symbol_ref idref="sm-6e8"/>
         </callees>
      </symbol>
      <symbol id="sm-6cc">
         <name>__aeabi_memclr8</name>
         <value>0x70054a00</value>
         <object_component_ref idref="oc-89"/>
         <function>true</function>
         <callees>
            <symbol_ref idref="sm-6e8"/>
         </callees>
      </symbol>
      <symbol id="sm-6cd">
         <name></name>
         <value>0x700545fc</value>
         <object_component_ref idref="oc-14e"/>
         <local>true</local>
      </symbol>
      <symbol id="sm-6ce">
         <name>$a.0</name>
         <value>0x700545fc</value>
         <object_component_ref idref="oc-14e"/>
         <local>true</local>
      </symbol>
      <symbol id="sm-6cf">
         <name></name>
         <value>0x29e8c</value>
         <object_component_ref idref="oc-151"/>
         <local>true</local>
      </symbol>
      <symbol id="sm-6d0">
         <name></name>
         <value>0x4bbf</value>
         <object_component_ref idref="oc-1c7"/>
         <local>true</local>
      </symbol>
      <symbol id="sm-6d1">
         <name></name>
         <value>0x11ca7</value>
         <object_component_ref idref="oc-150"/>
         <local>true</local>
      </symbol>
      <symbol id="sm-6d2">
         <name>__aeabi_uldivmod</name>
         <value>0x700545fc</value>
         <object_component_ref idref="oc-14e"/>
         <function>true</function>
         <callees>
            <symbol_ref idref="sm-6d8"/>
         </callees>
      </symbol>
      <symbol id="sm-6d3">
         <name></name>
         <value>0x70050bd8</value>
         <object_component_ref idref="oc-1c3"/>
         <local>true</local>
      </symbol>
      <symbol id="sm-6d4">
         <name>$a.0</name>
         <value>0x70050bd8</value>
         <object_component_ref idref="oc-1c3"/>
         <local>true</local>
      </symbol>
      <symbol id="sm-6d5">
         <name></name>
         <value>0x2a02b</value>
         <object_component_ref idref="oc-1c4"/>
         <local>true</local>
      </symbol>
      <symbol id="sm-6d6">
         <name></name>
         <value>0x4be6</value>
         <object_component_ref idref="oc-228"/>
         <local>true</local>
      </symbol>
      <symbol id="sm-6d7">
         <name></name>
         <value>0x11d55</value>
         <object_component_ref idref="oc-1c6"/>
         <local>true</local>
      </symbol>
      <symbol id="sm-6d8">
         <name>__udivmoddi4</name>
         <value>0x70050bd8</value>
         <object_component_ref idref="oc-1c3"/>
         <function>true</function>
         <callees>
            <symbol_ref idref="sm-6b6"/>
         </callees>
      </symbol>
      <symbol id="sm-6d9">
         <name></name>
         <value>0x7005478c</value>
         <object_component_ref idref="oc-20e"/>
         <local>true</local>
      </symbol>
      <symbol id="sm-6da">
         <name>$a.1</name>
         <value>0x7005478c</value>
         <object_component_ref idref="oc-20e"/>
         <local>true</local>
      </symbol>
      <symbol id="sm-6db">
         <name>_loop</name>
         <value>0x70054790</value>
         <object_component_ref idref="oc-20e"/>
         <local>true</local>
      </symbol>
      <symbol id="sm-6dc">
         <name></name>
         <value>0x2a1c2</value>
         <object_component_ref idref="oc-210"/>
         <local>true</local>
      </symbol>
      <symbol id="sm-6dd">
         <name></name>
         <value>0x4c0d</value>
         <object_component_ref idref="oc-271"/>
         <local>true</local>
      </symbol>
      <symbol id="sm-6de">
         <name></name>
         <value>0x2388</value>
         <object_component_ref idref="oc-212"/>
         <local>true</local>
      </symbol>
      <symbol id="sm-6df">
         <name></name>
         <value>0x11e44</value>
         <object_component_ref idref="oc-20f"/>
         <local>true</local>
      </symbol>
      <symbol id="sm-6e0">
         <name>TI_memcpy_small</name>
         <value>0x7005478c</value>
         <object_component_ref idref="oc-20e"/>
         <function>true</function>
      </symbol>
      <symbol id="sm-6e1">
         <name></name>
         <value>0x70054858</value>
         <object_component_ref idref="oc-128"/>
         <local>true</local>
      </symbol>
      <symbol id="sm-6e2">
         <name>$a.1</name>
         <value>0x70054858</value>
         <object_component_ref idref="oc-128"/>
         <local>true</local>
      </symbol>
      <symbol id="sm-6e3">
         <name>_loop</name>
         <value>0x7005485c</value>
         <object_component_ref idref="oc-128"/>
         <local>true</local>
      </symbol>
      <symbol id="sm-6e4">
         <name></name>
         <value>0x2a472</value>
         <object_component_ref idref="oc-12a"/>
         <local>true</local>
      </symbol>
      <symbol id="sm-6e5">
         <name></name>
         <value>0x4c32</value>
         <object_component_ref idref="oc-19f"/>
         <local>true</local>
      </symbol>
      <symbol id="sm-6e6">
         <name></name>
         <value>0x23b0</value>
         <object_component_ref idref="oc-129"/>
         <local>true</local>
      </symbol>
      <symbol id="sm-6e7">
         <name></name>
         <value>0x11ef5</value>
         <object_component_ref idref="oc-12c"/>
         <local>true</local>
      </symbol>
      <symbol id="sm-6e8">
         <name>TI_memset_small</name>
         <value>0x70054858</value>
         <object_component_ref idref="oc-128"/>
         <function>true</function>
      </symbol>
      <symbol id="sm-6ea">
         <name></name>
         <value>0x7005383c</value>
         <object_component_ref idref="oc-179"/>
         <local>true</local>
      </symbol>
      <symbol id="sm-6eb">
         <name>$t.2</name>
         <value>0x7005383c</value>
         <object_component_ref idref="oc-179"/>
         <local>true</local>
      </symbol>
      <symbol id="sm-6ec">
         <name></name>
         <value>0x155ee</value>
         <object_component_ref idref="oc-17e"/>
         <local>true</local>
      </symbol>
      <symbol id="sm-6ed">
         <name></name>
         <value>0x4c57</value>
         <object_component_ref idref="oc-1e1"/>
         <local>true</local>
      </symbol>
      <symbol id="sm-6ee">
         <name></name>
         <value>0x23d8</value>
         <object_component_ref idref="oc-17c"/>
         <local>true</local>
      </symbol>
      <symbol id="sm-6ef">
         <name></name>
         <value>0x19507</value>
         <object_component_ref idref="oc-1e2"/>
         <local>true</local>
      </symbol>
      <symbol id="sm-6f0">
         <name></name>
         <value>0x3658</value>
         <object_component_ref idref="oc-17b"/>
         <local>true</local>
      </symbol>
      <symbol id="sm-6f1">
         <name></name>
         <value>0x11f6b</value>
         <object_component_ref idref="oc-17d"/>
         <local>true</local>
      </symbol>
      <symbol id="sm-6f2">
         <name>gAddrTranslateConfig</name>
         <value>0x70056ab0</value>
         <object_component_ref idref="oc-1e0"/>
      </symbol>
      <symbol id="sm-6f3">
         <name>AddrTranslateP_getLocalAddr</name>
         <value>0x7005383d</value>
         <object_component_ref idref="oc-179"/>
         <function>true</function>
      </symbol>
      <symbol id="sm-6f5">
         <name></name>
         <value>0x700547a8</value>
         <object_component_ref idref="oc-322"/>
         <local>true</local>
      </symbol>
      <symbol id="sm-6f6">
         <name>$t.0</name>
         <value>0x700547a8</value>
         <object_component_ref idref="oc-322"/>
         <local>true</local>
      </symbol>
      <symbol id="sm-6f7">
         <name></name>
         <value>0x157c9</value>
         <object_component_ref idref="oc-326"/>
         <local>true</local>
      </symbol>
      <symbol id="sm-6f8">
         <name></name>
         <value>0x4da6</value>
         <object_component_ref idref="oc-342"/>
         <local>true</local>
      </symbol>
      <symbol id="sm-6f9">
         <name></name>
         <value>0x2418</value>
         <object_component_ref idref="oc-327"/>
         <local>true</local>
      </symbol>
      <symbol id="sm-6fa">
         <name></name>
         <value>0x19be3</value>
         <object_component_ref idref="oc-343"/>
         <local>true</local>
      </symbol>
      <symbol id="sm-6fb">
         <name></name>
         <value>0x36b8</value>
         <object_component_ref idref="oc-324"/>
         <local>true</local>
      </symbol>
      <symbol id="sm-6fc">
         <name></name>
         <value>0x1219e</value>
         <object_component_ref idref="oc-325"/>
         <local>true</local>
      </symbol>
      <symbol id="sm-6fd">
         <name>CSL_armR5GetCpuID</name>
         <value>0x700547a9</value>
         <object_component_ref idref="oc-322"/>
         <function>true</function>
         <callees>
            <symbol_ref idref="sm-70b"/>
         </callees>
      </symbol>
      <symbol id="sm-6ff">
         <name></name>
         <value>0x70052742</value>
         <object_component_ref idref="oc-262"/>
         <local>true</local>
      </symbol>
      <symbol id="sm-700">
         <name>$t.0</name>
         <value>0x70052742</value>
         <object_component_ref idref="oc-262"/>
         <local>true</local>
      </symbol>
      <symbol id="sm-701">
         <name></name>
         <value>0x4e4f</value>
         <object_component_ref idref="oc-2ae"/>
         <local>true</local>
      </symbol>
      <symbol id="sm-702">
         <name></name>
         <value>0x19d58</value>
         <object_component_ref idref="oc-2af"/>
         <local>true</local>
      </symbol>
      <symbol id="sm-703">
         <name></name>
         <value>0x36f0</value>
         <object_component_ref idref="oc-263"/>
         <local>true</local>
      </symbol>
      <symbol id="sm-704">
         <name></name>
         <value>0x12304</value>
         <object_component_ref idref="oc-265"/>
         <local>true</local>
      </symbol>
      <symbol id="sm-705">
         <name>TaskP_yield</name>
         <value>0x70052743</value>
         <object_component_ref idref="oc-262"/>
         <function>true</function>
      </symbol>
      <symbol id="sm-706">
         <name></name>
         <value>0x70054a2c</value>
         <object_component_ref idref="oc-33e"/>
         <local>true</local>
      </symbol>
      <symbol id="sm-707">
         <name>$a.0</name>
         <value>0x70054a2c</value>
         <object_component_ref idref="oc-33e"/>
         <local>true</local>
      </symbol>
      <symbol id="sm-708">
         <name></name>
         <value>0x2ab0a</value>
         <object_component_ref idref="oc-340"/>
         <local>true</local>
      </symbol>
      <symbol id="sm-709">
         <name></name>
         <value>0x4e7b</value>
         <object_component_ref idref="oc-358"/>
         <local>true</local>
      </symbol>
      <symbol id="sm-70a">
         <name></name>
         <value>0x12350</value>
         <object_component_ref idref="oc-33f"/>
         <local>true</local>
      </symbol>
      <symbol id="sm-70b">
         <name>CSL_armR5ReadMpidrReg</name>
         <value>0x70054a2c</value>
         <object_component_ref idref="oc-33e"/>
         <function>true</function>
      </symbol>
      <symbol id="sm-70c">
         <name>_system_post_cinit</name>
         <value>0x0</value>
      </symbol>
      <symbol id="sm-70d">
         <name>__TI_Handler_Table_Limit</name>
         <value>0x0</value>
      </symbol>
      <symbol id="sm-70e">
         <name>__TI_Handler_Table_Base</name>
         <value>0x0</value>
      </symbol>
      <symbol id="sm-70f">
         <name>__TI_CINIT_Base</name>
         <value>0x0</value>
      </symbol>
      <symbol id="sm-710">
         <name>__TI_CINIT_Limit</name>
         <value>0x0</value>
      </symbol>
   </symbol_table>
   <title>Link successful</title>
</link_info>
